{
  "task": "T16",
  "checkedAtLocal": "2026-09-27T00:39:36+09:00",
  "startHead": "d86cbc5ed8a05850408ad3cf9150b845d8742916",
  "preexistingUntrackedCount": 47,
  "preexistingUntrackedPassed": true,
  "protectedInputCount": 30,
  "protectedInputsPassed": true,
  "OpenSim_Models": {
    "head": "d9b05d470b1a481c222372c85b75772faf8f7792",
    "statusPorcelain": "",
    "passed": true
  },
  "T15gDenominator": {
    "frozen": false,
    "wholeBodyIndividualMuscleCount": null,
    "coveragePercent": null
  },
  "taskOwnedChangedPaths": [
    "atlas-data/schemas/README.md",
    "work/STATUS.md",
    "work/tasks/T16.md"
  ],
  "browserUserDraftStorage": "not read or written; /review was not opened",
  "issues": [],
  "pass": true
}
