{
  "task": "T17",
  "startHead": "a154a06783deb0bc4d76c5864cd2726984b963f0",
  "preexistingUntrackedCount": 47,
  "preexistingUntrackedPreserved": true,
  "protectedInputCount": 145,
  "protectedInputsPassed": true,
  "OpenSim_Models": {
    "head": "d9b05d470b1a481c222372c85b75772faf8f7792",
    "statusPorcelain": "",
    "passed": true
  },
  "productionAiEvidenceOverlayItemCount": 0,
  "T15gDenominator": {
    "frozen": false,
    "wholeBodyIndividualMuscleCount": null,
    "coveragePercent": null
  },
  "taskOwnedTrackedPaths": [
    "atlas-data/schemas/source-research-manifest.schema.json",
    "atlas-data/sources/README-T17-source-research.md",
    "atlas-data/sources/source_research.py",
    "atlas-data/sources/test_source_research.py",
    "work/STATUS.md",
    "work/evidence/T17/ai-evidence-regression.log",
    "work/evidence/T17/ai-overlay-check.json",
    "work/evidence/T17/attachment-crosschecks.log",
    "work/evidence/T17/build.log",
    "work/evidence/T17/canonical-dataset-check.log",
    "work/evidence/T17/check_preservation.py",
    "work/evidence/T17/fixture-cli-after-cache-change.json",
    "work/evidence/T17/fixture-cli-after-cache-reuse.json",
    "work/evidence/T17/fixture-cli-cache-changed.json",
    "work/evidence/T17/fixture-cli-first.json",
    "work/evidence/T17/fixture-cli-second.json",
    "work/evidence/T17/fixtures/output/access-ledger.json",
    "work/evidence/T17/fixtures/output/comparison-table.csv",
    "work/evidence/T17/fixtures/output/exceptions.json",
    "work/evidence/T17/fixtures/output/field-observations.json",
    "work/evidence/T17/fixtures/output/run-summary.json",
    "work/evidence/T17/fixtures/synthetic-manifest-cache-changed.json",
    "work/evidence/T17/fixtures/synthetic-manifest.json",
    "work/evidence/T17/git-diff-check.log",
    "work/evidence/T17/learning-validation.log",
    "work/evidence/T17/preservation-after.json",
    "work/evidence/T17/preservation-check.log",
    "work/evidence/T17/schema-check.log",
    "work/evidence/T17/source-research-tests.log",
    "work/evidence/T17/start-baseline.json",
    "work/evidence/T17/t03-schema-check.log",
    "work/evidence/T17/typecheck.log",
    "work/evidence/T17/validation-results.json",
    "work/reports/T17.md",
    "work/tasks/T17.md"
  ],
  "taskOwnedUntrackedPaths": [],
  "unexpectedTrackedPaths": [],
  "unexpectedUntrackedPaths": [],
  "issues": [],
  "pass": true
}
