✔ 960 preserved instances, separate kinds, no rights/binding promotions (1.9755ms)
✔ reject changed unit, duplicate instance, missing LOD, hold promotion and oversized chunk (40.790791ms)
✔ all-detail demand retains every surface and stays within triangles and bytes (1.415667ms)
✔ LRU evicts oldest unwanted only; twenty cycles stay bounded and release once (114.560125ms)
✔ late cancelled decode is released; re-demand can subsequently load same key (16.893542ms)
✔ oversized load fails once without retry loop, disposal cancels pending (4.898084ms)
✔ whole-source overlay retains records and independent release/review status (1.103125ms)
✔ historical non-approval, public hold and human review do not block evidenced local rendering (0.080042ms)
✔ revision, duplicate/missing keys, local decision mismatch and invented binding fail closed (14.861333ms)
✔ all three names search a source pair and regional filters use union (9.057166ms)
✔ both scapulae belong to arm context and sacrum to lumbar context (0.147334ms)
✔ accessories remain retained without masquerading as muscle/bone (0.175042ms)
✔ stable source route roundtrips, old bound HA route resolves side, invalid/filtered keys stay unselected (0.597667ms)
✔ T95 product context adds left scapula membership without editing source or duplicating nodes (0.888291ms)
✔ T95 context overlay rejects source identity, laterality, region, policy, and duplicate drift (0.431833ms)
✔ source-only context never becomes selectable (0.506167ms)
✔ supplements require explicit opt-in, stay unbound (0.063209ms)
✔ held identity cannot be revealed through layer/opt-in (0.043042ms)
✔ region/layer demand excludes unrelated geometry (0.041209ms)
✔ T95 overlapping region union keeps one asset visible and empty filters mean whole body (0.062333ms)
✔ reject conflicting duplicate IDs and source-only binding promotion (0.315833ms)
✔ late parse after cancellation is disposed; same-id new demand can recover (5.279083ms)
✔ failure retains successful resources; explicit retry only failed asset (2.927375ms)
✔ dispose releases completed and late resources exactly once (1.463041ms)
✔ isolation never promotes source-only or held nodes and respects layer switches (0.147625ms)
✔ selected transparency preserves eligibility and selection; hide only hides the selected eligible asset (0.060167ms)
✔ v2 local display is independent from learner binding, rights and review holds (0.140417ms)
ℹ tests 27
ℹ suites 0
ℹ pass 27
ℹ fail 0
ℹ cancelled 0
ℹ skipped 0
ℹ todo 0
ℹ duration_ms 254.606917
