✔ source-only context never becomes selectable (0.602416ms)
✔ supplements require explicit opt-in, stay unbound (0.062875ms)
✔ held identity cannot be revealed through layer/opt-in (0.039792ms)
✔ region/layer demand excludes unrelated geometry (0.045083ms)
✔ T95 overlapping region union keeps one asset visible and empty filters mean whole body (0.066584ms)
✔ reject conflicting duplicate IDs and source-only binding promotion (0.226791ms)
✔ late parse after cancellation is disposed; same-id new demand can recover (3.385584ms)
✔ failure retains successful resources; explicit retry only failed asset (2.571542ms)
✔ dispose releases completed and late resources exactly once (1.385333ms)
✔ isolation never promotes source-only or held nodes and respects layer switches (0.108583ms)
✔ selected transparency preserves eligibility and selection; hide only hides the selected eligible asset (0.049708ms)
✔ v2 local display is independent from learner binding, rights and review holds (0.124375ms)
ℹ tests 12
ℹ suites 0
ℹ pass 12
ℹ fail 0
ℹ cancelled 0
ℹ skipped 0
ℹ todo 0
ℹ duration_ms 64.79725
