usage: Blender [-h] --repo-root REPO_ROOT --freeze-json FREEZE_JSON
               --output-dir OUTPUT_DIR --source-blend SOURCE_BLEND
Blender: error: the following arguments are required: --repo-root, --freeze-json, --output-dir, --source-blend
Blender 3.5.0 (hash 1be25cfff18b built 2023-03-29 06:34:18)
Device with name Apple M5 supports metal minimum requirements
Read blend: /Users/daniel/Downloads/SIM /HUMAN ATLAS/atlas-data/source-cache/z-anatomy/t97/extracted/Z-Anatomy/Startup.blend
scripts disabled for "/Users/daniel/Downloads/SIM /HUMAN ATLAS/atlas-data/source-cache/z-anatomy/t97/extracted/Z-Anatomy/Startup.blend", skipping 'z-anatomy.py'
Dependency cycle detected:
  OBOesophagus-profile/TRANSFORM_INIT() depends on
  OBOesophagus/GEOMETRY_EVAL() via 'Curve Follow Parent'
  OBOesophagus/MODIFIER(Solidify) via 'modifier stack order'
  OBOesophagus/GEOMETRY_EVAL_INIT() via 'Modifier'
  CUOesophagus/GEOMETRY_EVAL_DONE() via 'Object Geometry Base Data'
  CUOesophagus/GEOMETRY_EVAL() via 'ObData Geom Eval Done'
  OBOesophagus-profile/TRANSFORM_FINAL() via 'Curve Bevel Transform'
  OBOesophagus-profile/TRANSFORM_SIMULATION_INIT() via 'Simulation -> Final Transform'
  OBOesophagus-profile/TRANSFORM_EVAL() via 'Transform Eval -> Simulation Init'
  OBOesophagus-profile/TRANSFORM_PARENT() via 'Eval'
  OBOesophagus-profile/TRANSFORM_LOCAL() via 'ObLocal -> ObParent'
  OBOesophagus-profile/TRANSFORM_INIT() via 'Transform Init'
Detected 1 dependency cycles
