✔ verified fixture uses typed picking/card and explicit many-muscle relations without granting rights (2.989625ms)
✔ production validation rejects synthetic software evidence (0.189625ms)
✔ off/hidden/wrong region/frame/pose cannot be bypassed by a selected or restored route (3.115875ms)
✔ raw metadata candidate can be retained but creates no card, geometry or inferred innervation (0.392ms)
✔ text-only identity card is distinct from 3D picking or course support (0.260958ms)
✔ regional context is explicitly not full course extent and requires same-instance scope evidence (0.518584ms)
✔ identity, side and exact scope need subject-specific evidence, not names or parent evidence (0.552042ms)
✔ wrong units, mirror, invalid hashes, missing geometry and stale pose evidence reject registration (1.294208ms)
✔ matching axis conventions do not establish inter-person registration (0.292875ms)
✔ source millimeters must be converted exactly once; curve and mesh share this contract (1.375333ms)
✔ frame proof is invalidated by changed transforms/frame/topology; baked source-world data cannot be transformed twice (0.508875ms)
✔ source names, collections and candidate claims do not establish motor links (3.331792ms)
✔ multiple verified targets retained; wrong side and whole-part substitutions need different evidence (0.923ms)
✔ innervation cannot highlight an unregistered or differently scoped target (0.20375ms)
✔ pose incompatibility requests explicit rest restoration without mutating user layer state (0.123333ms)
✔ relationship highlighting respects both nerve and existing muscle layer/hold/hidden policy (0.19875ms)
✔ cutaneous territory, dermatome, proprioception and traditional areas cannot occupy a motor slot (0.722208ms)
✔ source hierarchy branch claims require exact endpoints/side; cycles and missing nodes rejected (0.582ms)
✔ independent policy flags cannot be promoted by valid local geometry (0.515042ms)
✔ a literature concept context displays only same-side eligible muscle, without changing exact nerve bindings (1.437625ms)
✔ concept highlights cannot bypass layer, hidden, isolation, static pose or selected nerve region (0.348916ms)
✔ all six original Curve surfaces: pinned files, topology, finite positions/normals, index bounds and pair symmetry (294.903041ms)
✔ geometry promotion rejects missing frame proof, wrong pose and fabricated side (284.396875ms)
✔ shared presentation gates layers/pose/region/hidden before motor highlights, preserves existing source routes (271.989958ms)
✔ regional skeletons: cervical, thoracic and lumbar cores plus explicit principal-attachment context, never the entire spine (119.022333ms)
✔ context cannot override layer-off, hidden or held geometry, and does not reframe the region to a complete femur (104.1695ms)
✔ same-side context bones retain regional card/history routes, unrelated bones cannot enter them (54.042ms)
✔ nerve observation respects all six static-pose, hidden, layer and muscle-selection gates (4.111791ms)
ℹ tests 28
ℹ suites 0
ℹ pass 28
ℹ fail 0
ℹ cancelled 0
ℹ skipped 0
ℹ todo 0
ℹ duration_ms 968.129541
