✔ the six pilot calf action cards have field-linked citations and no authoring status (0.680167ms)
✔ unassigned concepts do not receive inferred action cards (0.045209ms)
✔ learner motion options retain six authored rows and keep the T24 candidate unplayable (0.474541ms)
✔ learner motion runtime excludes raw evidence and exposes no unavailable production clip (0.343083ms)
✔ the T24 text candidate keeps its right-side scope while its clip remains unavailable (0.139083ms)
✔ unsupported function content has a clear learner message and stays separate from clip state (0.049917ms)
✔ learner action copy omits source-scope disclosure while preserving underlying source claim (0.113125ms)
✔ origin and insertion learner text hides source disclosures while retaining the original evidence projection (0.128625ms)
✔ conflicted attachment claims project only the short learner notice (0.052458ms)
✔ legacy structure summaries remain visible without adding evidence disclosures (0.1065ms)
✔ T81 projects existing attachment evidence only to exact source surfaces and keeps conflicts short (1.96325ms)
✔ T81 covers every supported source muscle while keeping workbook and nerve fields non-claim data separate (3.785417ms)
✔ real source clip preserves base buffers, fixed bones and exact reset (14.779125ms)
✔ real clip rejects an animated member falsely declared fixed (5.271834ms)
ℹ tests 14
ℹ suites 0
ℹ pass 14
ℹ fail 0
ℹ cancelled 0
ℹ skipped 0
ℹ todo 0
ℹ duration_ms 95.276625
