✔ offline BP3D snapshot exactly matches original runtime composition (280.759917ms)
✔ local integration route serves the validated compact allowlist, never the developer ledger (3935.488125ms)
✔ delivery rejects path traversal, stale dependency, and changed derived chunk bytes (3329.901166ms)
✔ verified GLB uses conditional private cache and changed bytes still fail closed (3378.04825ms)
✔ sharing preserves exact source, side, direction, identities and private bindings (6.256459ms)
✔ a later family can reuse earlier pools without declaration-order errors (1.102792ms)
✔ reserved strings fail instead of being interpreted as control references (0.318334ms)
✔ the bone overlay supplies three Hangul-safe names without changing IDs or human review (0.708167ms)
✔ every source-backed name and synonym selects the existing matching selectable bone instance (14.571083ms)
✔ the common metatarsal term remains an explicit two-result ambiguity (9.507875ms)
✔ unmapped bone concepts are not added to learner search (0.231083ms)
✔ the six pilot calf action cards have field-linked citations and no authoring status (0.921625ms)
✔ unassigned concepts do not receive inferred action cards (0.046792ms)
✔ learner motion options retain six authored rows and keep the T24 candidate unplayable (2.468125ms)
✔ learner motion runtime excludes raw evidence and exposes no unavailable production clip (227.668667ms)
✔ the T24 text candidate keeps its right-side scope while its clip remains unavailable (0.841292ms)
✔ unsupported function content has a clear learner message and stays separate from clip state (0.131666ms)
✔ learner action copy omits source-scope disclosure while preserving underlying source claim (0.156875ms)
✔ origin and insertion learner text hides source disclosures while retaining the original evidence projection (0.164709ms)
✔ conflicted attachment claims project only the short learner notice (0.050667ms)
✔ legacy structure summaries remain visible without adding evidence disclosures (0.091208ms)
✔ T81 projects existing attachment evidence only to exact source surfaces and keeps conflicts short (1.449791ms)
✔ T81 covers every supported source muscle while keeping workbook and nerve fields non-claim data separate (1.289875ms)
✔ production bundle retains original motions and registers unit-01 bilateral flexion observations (1.29325ms)
✔ text can be present while there is no compatible motion clip (0.178083ms)
✔ learner card motion linking requires an explicit action key and compatible side (0.067709ms)
✔ clip capability requires exact static scene, side, frame, reference pose, and rig-node binding (0.118083ms)
✔ runtime session is resettable state and exposes no persisted content/review fields (0.065916ms)
✔ learner text projection omits authoring IDs, JSON, task codes, and review states (0.10325ms)
✔ learner action projection translates roles and unspecified contraction into plain Korean (0.079208ms)
✔ source-only action and clip resolve by exact sourceKey without creating a canonical subject (0.227792ms)
✔ a muscle action can be selected without loading or autoplaying a clip (0.721542ms)
✔ a fake clock advances clip time at selected playback speed and clamps at the end (0.194417ms)
✔ action and region changes invalidate late loads and clear emphasis (0.085125ms)
✔ load errors stop playback and clear selected structure emphasis (0.607208ms)
✔ reduced motion prevents play and keeps a loaded clip at its initial pose (0.08025ms)
✔ progress seeks are clamped and pose reset is independent from speed and camera state (0.04925ms)
✔ pause keeps the sampled pose and can resume without returning to rest (0.049958ms)
✔ stale errors and malformed duration cannot replace a newer session (0.046958ms)
✔ reset while loading invalidates the pending response (0.062375ms)
✔ hiding the page cancels a pending load and clears active playback emphasis (0.098458ms)
✔ the renderer loop stays playing at exact endpoints and return/scrub cannot restart it (0.077458ms)
✔ same muscle: 승모근 (12.301542ms)
✔ same muscle: 등세모근 (0.529375ms)
✔ same muscle: 僧帽筋 (0.344167ms)
✔ same muscle: TRAPEZIUS (7.668375ms)
✔ same muscle:   등 세모근   (0.158125ms)
✔ tibialis: 전경골근 (0.449916ms)
✔ tibialis: 앞정강근 (0.305792ms)
✔ tibialis: 前脛骨筋 (0.192625ms)
✔ tibialis: tibialis anterior (1.759917ms)
✔ transposed typo returns both splenius muscles, never a false single identity (2.268334ms)
✔ deltoid portion stays separate (0.331875ms)
✔ user Korean name lateral deltoid maps to the acromial part (0.254208ms)
✔ named acromial part is included in the learner search projection (0.455625ms)
✔ splenius capitis names share one lookup candidate (6.343333ms)
✔ splenius cervicis and colli names share one lookup candidate (7.117333ms)
✔ short Korean typo does not fuzzily match unrelated muscles (0.434291ms)
✔ unrelated query has no results (2.666708ms)
✔ historical peroneus synonym resolves to fibularis (1.63975ms)
✔ T11-B02 learner catalog English and Latin terms stay attached to their ten existing group IDs (4.889917ms)
✔ T11-B02 attested Korean/Hanja names resolve to existing groups and unresolved near-matches stay withheld (0.295167ms)
✔ T11-B03 English and Latin index terms stay attached to the ten assigned existing IDs (28.45ms)
✔ T11-B03 attested Korean and source Hanja resolve to their same existing IDs (0.227375ms)
✔ T11-B03 generic or narrower gluteal/foot candidates remain unlinked to the three withheld groups (0.559667ms)
✔ T11-B04 English and Latin TA2 observations stay attached to the ten assigned existing muscle IDs (12.107125ms)
✔ T11-B04 attested Korean names and source Hanja resolve to the same existing IDs; incomplete Hanja stays withheld (0.90775ms)
✔ T11-B05 direct TA2 English and Latin observations resolve to their ten assigned existing IDs (5.895792ms)
✔ T11-B05 attested customary Korean names, current Korean names and source Hanja stay on their assigned IDs (0.533459ms)
✔ T15a projects the three display names and Korean/English aliases to the existing deltoid ID without indexing Hanja (0.317959ms)
✔ T15a does not require Hanja and hides missing or populated Hani term rows from learner projection (0.067084ms)
✔ T11-B06 opened TA2 English/Latin terms and sourced synonyms stay on their ten existing IDs (9.788417ms)
✔ T11-B06 attested Korean names/Hanja resolve to their assigned IDs; conflicting and unverified forms stay withheld (1.443125ms)
✔ T11-B07 TA2 direct English/Latin preferred cells and synonyms resolve to their ten existing IDs (32.901417ms)
✔ T11-B07 attested customary Korean/current Korean/source Hanja stay on the assigned ID (0.857167ms)
✔ T11-B07 conflicting Hanja and unsupported part translations remain unlinked (0.372792ms)
✔ T11-B08 direct TA2 English/Latin terms and recorded synonyms resolve to the ten assigned part IDs (17.730792ms)
✔ T11-B08 source-attested Korean customary and current names remain attached to their existing part IDs (1.136791ms)
✔ T11-B08 missing medial-pterygoid Korean/Hanja and inherited parent Hanja remain unlinked (0.195417ms)
✔ T11-B09 direct TA2 English/Latin cells and synonyms resolve to their seven existing part IDs (16.397125ms)
✔ T11-B09 attested Korean terms resolve to their exact existing part IDs, while the generic long-head term stays contextual (1.706708ms)
✔ T11-B09 unsupported deltoid wording, misleading legacy lateral-head mapping, and parent Hanja stay withheld (1.032416ms)
✔ extension distinguishes preparation from reverse action and smooth reset (6.11325ms)
✔ extension starts from a scrubbed bent endpoint without jumping to rest (0.522ms)
✔ single RAF loop updates speed without making a second chain and ignores late callbacks (0.152834ms)
✔ repeating playback wraps continuously and reset restores the rest pose (0.270834ms)
✔ T22 adapter scene is driven by one mixer clock; pose reset does not reset camera (0.956334ms)
✔ same-scene playback uses the host clock, creates no RAF chain, and leaves resource disposal to the host (2.371458ms)
✔ clip end clamps at the final pose and cancels its RAF chain (0.311167ms)
✔ missing clip fails closed and releases the imported scene (1.14125ms)
✔ one-toggle gesture reverses at its endpoint and eases to exact rest on the same clock (0.549792ms)
✔ return cancellation and disposal cannot invoke a stale rest callback (0.183333ms)
✔ an action cycle has a faster neutral return, preserves poses and uses one clock (0.148333ms)
✔ GLTFLoader import keeps hierarchy, skin attributes, named node bindings and original clip tracks (21.358125ms)
✔ illustrative path remains a distinct unskinned representation (2.187709ms)
✔ bone motion plus illustrative path uses separate node and path bindings (4.630375ms)
THREE.GLTFLoader: Missing min/max properties for accessor POSITION.
THREE.GLTFLoader: Missing min/max properties for accessor POSITION.
✔ T59 source-bound morph keeps the exact source node in the full scene and rejects whole-muscle transform tracks (5.049875ms)
✔ frame, unit and source hash mismatch fail closed without rescaling (0.834833ms)
✔ missing node binding and clip mismatch are rejected (3.586583ms)
✔ import bundle disposes shared geometry, material and texture once and is idempotent (1.262ms)
✔ disposal helper deduplicates resources shared across independent roots (0.216583ms)
✔ off-scene rig and path bindings are rejected while the active single scene still loads (7.282959ms)
✔ off-scene skin joints and clip targets cannot accompany the returned active scene (3.976583ms)
✔ external buffer and image URI are rejected before GLTFLoader can resolve them (2.966083ms)
✔ 960 preserved instances, separate kinds, no rights/binding promotions (3.966708ms)
✔ reject changed unit, duplicate instance, missing LOD, hold promotion and oversized chunk (64.089458ms)
✔ all-detail demand retains every surface and stays within triangles and bytes (3.621375ms)
✔ LRU evicts oldest unwanted only; twenty cycles stay bounded and release once (131.650375ms)
✔ late cancelled decode is released; re-demand can subsequently load same key (26.258625ms)
✔ oversized load fails once without retry loop, disposal cancels pending (8.148125ms)
✔ neck framing retains cervical bones and neck muscles without the full cross-regional rotator group (1.116291ms)
✔ invisible unregistered supplement cannot change default camera framing; explicit eligible inspection stays independent (0.162ms)
✔ whole-source overlay retains records and independent release/review status (77.471667ms)
✔ common projection preserves learner/search/selection fields and strips the developer evidence ledger (89.79ms)
✔ common search and stable routes match the full validated ledger across names, sides and all regions (180.664584ms)
✔ runtime projection fails closed on stale inputs, policy drift, forbidden fields and incomplete identity (71.712042ms)
✔ historical non-approval, public hold and human review do not block evidenced local rendering (0.259292ms)
✔ revision, duplicate/missing keys, local decision mismatch and invented binding fail closed (211.439875ms)
✔ all three names search a source pair and regional filters use union (12.723292ms)
✔ T100 B01 maps ten exact skull targets to fourteen existing source surfaces with field provenance (94.083375ms)
✔ T100 B01 evidence refs and direct crosswalk proof fail closed when altered (66.974833ms)
✔ T100 ordinal-composed modern-only names accept field-scoped evidence without inventing legacy or Latin fields (63.133333ms)
✔ T100 B02 classifies ten exact vertebral/variant targets and links only nineteen verified source members (4.448541ms)
✔ T100 B02 rejects unsupported segment/member relations and target-name evidence without provenance (50.780625ms)
✔ T100 B03 adds only ten terminology dispositions and 45 exact lumbar, ordinary-rib and carpal class members (7.057833ms)
✔ T100 B03 rejects wrong sides, parents, member keys, unsupported variants and missing field provenance (143.166875ms)
✔ T100 B04 records hand-bone members without leaking internal target terminology to learner search (4.015291ms)
✔ T100 B04 rejects the fifth distal data-name conflict and wrong side/member evidence (123.283875ms)
✔ T100 B05 records ten pelvis/knee/foot targets and exact existing class members without search leakage (18.043958ms)
✔ T100 B bulk exact group terms and ordinal compositions preserve semantic scope and field-level holds (5.67075ms)
✔ T100 B05 rejects wrong laterality, foot part, member key, and parent (85.55ms)
✔ T100 bounded source relations preserve unknown sides independently of a declared-side route (1.164666ms)
✔ T100 parallel integration rejects wrong foot level and non-exact laryngeal synonym or context (71.129625ms)
✔ both scapulae belong to arm context and sacrum to lumbar context (0.200875ms)
✔ accessories remain retained without masquerading as muscle/bone (0.234208ms)
✔ stable source route roundtrips, old bound HA route resolves side, invalid/filtered keys stay unselected (0.259792ms)
✔ T100 semantic continuation groups the 226 unnamed surfaces without side duplicates and keeps unresolved identities held (1.365666ms)
✔ T100 exact direct target links add typed source selection without changing canonical bindings or release holds (4.029459ms)
✔ T100 target membership continuation adds only evidenced member routes and keeps the frozen denominator partial (210.24575ms)
✔ opaque learner concept links resolve a selected side and fail closed when a bilateral side is omitted (0.857084ms)
✔ composed Korean phalanx and named carpal terms search to one source concept (1.818333ms)
✔ contextual names cover visible surfaces without exposing judgment records or promoting holds (15.2065ms)
✔ pending source crosswalks and child routes require bounded proofs and preserve historical links (121.253125ms)
✔ complete parent prefix finds both biceps heads and anatomical deltoid aliases retain their distinct parts (1.868958ms)
✔ motion frame keeps authored attachments and includes the complete moving arm through hand (1.151959ms)
✔ assets without a focus list retain their whole package frame and exact attachment context (0.147958ms)
✔ trunk observation zoom increases actual projected displacement without changing source motion or angles (902.329333ms)
✔ a literature concept context displays only same-side eligible muscle, without changing exact nerve bindings (0.672708ms)
✔ concept highlights cannot bypass layer, hidden, isolation, static pose or selected nerve region (0.129041ms)
✔ all six original Curve surfaces: pinned files, topology, finite positions/normals, index bounds and pair symmetry (525.199167ms)
✔ geometry promotion rejects missing frame proof, wrong pose and fabricated side (439.201833ms)
✔ shared presentation gates layers/pose/region/hidden before motor highlights, preserves existing source routes (374.316834ms)
✔ regional skeletons: cervical, thoracic and lumbar cores plus explicit principal-attachment context, never the entire spine (336.31925ms)
✔ context cannot override layer-off, hidden or held geometry, and does not reframe the region to a complete femur (284.391291ms)
✔ same-side context bones retain regional card/history routes, unrelated bones cannot enter them (110.450417ms)
✔ nerve observation respects all six static-pose, hidden, layer and muscle-selection gates (14.463084ms)
✔ packed interleaved geometry keeps the original digest and detects live edits (15.827959ms)
✔ cached BP3D supplement composes into the existing mixed-frame dataset without changing frozen denominators (36.099083ms)
✔ supplement rejects unverified frame, identity, rights, bindings, and transfer budget (93.254833ms)
✔ composite manifest rejects a bad mixed-coordinate declaration and duplicate source keys (83.517583ms)
✔ supplement relations create opaque target/member routes from exact frozen evidence without HA bindings (27.593792ms)
✔ registered same-bone display alternatives suppress only their ZA counterpart on selected source routes (154.417833ms)
✔ transparent observation picks native subpixel surfaces within one pixel; normal depth picking and far misses still pick context (7.576ms)
✔ T66 all native nerve resources retain finite unit-normal topology, source side, frame, rights and bounded native overview (3757.046916ms)
✔ T66 typed bones share the validated clip and cannot accept a muscle, wrong side or nonmoving primary binding (290.111334ms)
✔ T95 product context adds left scapula membership without editing source or duplicating nodes (0.926375ms)
✔ T95 context overlay rejects source identity, laterality, region, policy, and duplicate drift (0.25025ms)
✔ source-only context never becomes selectable (0.797667ms)
✔ supplements require explicit opt-in, stay unbound (0.127833ms)
✔ held identity cannot be revealed through layer/opt-in (0.078334ms)
✔ region/layer demand excludes unrelated geometry (0.083458ms)
✔ T95 overlapping region union keeps one asset visible and empty filters mean whole body (0.130584ms)
✔ reject conflicting duplicate IDs and source-only binding promotion (0.459583ms)
✔ late parse after cancellation is disposed; same-id new demand can recover (4.746916ms)
✔ failure retains successful resources; explicit retry only failed asset (2.834709ms)
✔ dispose releases completed and late resources exactly once (1.650584ms)
✔ isolation never promotes source-only or held nodes and respects layer switches (0.361208ms)
✔ selected transparency preserves eligibility and selection; hide only hides the selected eligible asset (0.108125ms)
✔ v2 local display is independent from learner binding, rights and review holds (0.309458ms)
✔ persistent source hiding survives a different selection and reset cannot bypass policy (0.113375ms)
ℹ tests 180
ℹ suites 0
ℹ pass 180
ℹ fail 0
ℹ cancelled 0
ℹ skipped 0
ℹ todo 0
ℹ duration_ms 11322.693292
