✔ verified fixture uses typed picking/card and explicit many-muscle relations without granting rights (1.141625ms)
✔ production validation rejects synthetic software evidence (0.177042ms)
✔ off/hidden/wrong region/frame/pose cannot be bypassed by a selected or restored route (0.644917ms)
✔ raw metadata candidate can be retained but creates no card, geometry or inferred innervation (0.106625ms)
✔ text-only identity card is distinct from 3D picking or course support (0.083416ms)
✔ identity, side and exact scope need subject-specific evidence, not names or parent evidence (0.177709ms)
✔ wrong units, mirror, invalid hashes, missing geometry and stale pose evidence reject registration (0.21725ms)
✔ matching axis conventions do not establish inter-person registration (0.076959ms)
✔ source millimeters must be converted exactly once; curve and mesh share this contract (0.142541ms)
✔ source names, collections and candidate claims do not establish motor links (0.145709ms)
✔ multiple verified targets retained; wrong side and whole-part substitutions need different evidence (0.152ms)
✔ innervation cannot highlight an unregistered or differently scoped target (0.069958ms)
✔ pose incompatibility requests explicit rest restoration without mutating user layer state (0.03875ms)
✔ relationship highlighting respects both nerve and existing muscle layer/hold/hidden policy (0.206375ms)
✔ cutaneous territory, dermatome, proprioception and traditional areas cannot occupy a motor slot (0.168417ms)
✔ source hierarchy branch claims require exact endpoints/side; cycles and missing nodes rejected (0.214792ms)
✔ independent policy flags cannot be promoted by valid local geometry (0.098041ms)
ℹ tests 17
ℹ suites 0
ℹ pass 17
ℹ fail 0
ℹ cancelled 0
ℹ skipped 0
ℹ todo 0
ℹ duration_ms 55.271333
