✔ verified fixture uses typed picking/card and explicit many-muscle relations without granting rights (1.102291ms)
✔ production validation rejects synthetic software evidence (0.163666ms)
✔ off/hidden/wrong region/frame/pose cannot be bypassed by a selected or restored route (0.558459ms)
✔ raw metadata candidate can be retained but creates no card, geometry or inferred innervation (0.0895ms)
✔ text-only identity card is distinct from 3D picking or course support (0.073875ms)
✔ identity, side and exact scope need subject-specific evidence, not names or parent evidence (0.173417ms)
✔ wrong units, mirror, invalid hashes, missing geometry and stale pose evidence reject registration (0.221ms)
✔ matching axis conventions do not establish inter-person registration (0.066958ms)
✔ source millimeters must be converted exactly once; curve and mesh share this contract (0.140042ms)
✔ frame proof is invalidated by changed transforms/frame/topology; baked source-world data cannot be transformed twice (0.18175ms)
✔ source names, collections and candidate claims do not establish motor links (0.104708ms)
✔ multiple verified targets retained; wrong side and whole-part substitutions need different evidence (0.12625ms)
✔ innervation cannot highlight an unregistered or differently scoped target (0.226125ms)
✔ pose incompatibility requests explicit rest restoration without mutating user layer state (0.034041ms)
✔ relationship highlighting respects both nerve and existing muscle layer/hold/hidden policy (0.074958ms)
✔ cutaneous territory, dermatome, proprioception and traditional areas cannot occupy a motor slot (0.16375ms)
✔ source hierarchy branch claims require exact endpoints/side; cycles and missing nodes rejected (0.218875ms)
✔ independent policy flags cannot be promoted by valid local geometry (0.110875ms)
ℹ tests 18
ℹ suites 0
ℹ pass 18
ℹ fail 0
ℹ cancelled 0
ℹ skipped 0
ℹ todo 0
ℹ duration_ms 55.200083
