{
  "status": "passed",
  "validatedInputs": 26,
  "fullLedgerReferences": 3,
  "counts": {
    "sourceCandidateRows": 1291,
    "byNamespace": {
      "za-c7010a9": 1134,
      "bp3d-r4": 157
    },
    "supportedNerve3D": 0,
    "supportedNerveCards": 0,
    "verifiedBranchRelations": 0,
    "verifiedMotorRelations": 0,
    "supportedMuscleMotorText": 0,
    "muscleFieldDispositionRows": 232
  },
  "fixtureEvidenceIsProductionEvidence": false,
  "newNerve3D": false,
  "contentCompleteness": "partial"
}
