✔ verified fixture uses typed picking/card and explicit many-muscle relations without granting rights (1.207708ms)
✔ off/hidden/wrong region/frame/pose cannot be bypassed by a selected or restored route (0.096292ms)
✔ raw metadata candidate can be retained but creates no card, geometry or inferred innervation (0.095333ms)
✔ text-only identity card is distinct from 3D picking or course support (0.069833ms)
✔ identity, side and exact scope need subject-specific evidence, not names or parent evidence (0.275959ms)
✔ wrong units, mirror, invalid hashes, missing geometry and stale pose evidence reject registration (0.4855ms)
✔ matching axis conventions do not establish inter-person registration (0.290833ms)
✔ source millimeters must be converted exactly once; curve and mesh share this contract (0.249291ms)
✔ source names, collections and candidate claims do not establish motor links (0.304209ms)
✔ multiple verified targets retained; wrong side and whole-part substitutions need different evidence (0.392958ms)
✔ innervation cannot highlight an unregistered or differently scoped target (0.195333ms)
✔ pose incompatibility requests explicit rest restoration without mutating user layer state (0.107083ms)
✔ relationship highlighting respects both nerve and existing muscle layer/hold/hidden policy (0.172958ms)
✔ cutaneous territory, dermatome, proprioception and traditional areas cannot occupy a motor slot (0.397958ms)
✔ source hierarchy branch claims require exact endpoints/side; cycles and missing nodes rejected (0.854875ms)
✔ independent policy flags cannot be promoted by valid local geometry (0.235375ms)
✔ whole-source overlay retains records and independent release/review status (10.123ms)
✔ common projection preserves learner/search/selection fields and strips the developer evidence ledger (25.289209ms)
✔ common search and stable routes match the full validated ledger across names, sides and all regions (81.922458ms)
✔ runtime projection fails closed on stale inputs, policy drift, forbidden fields and incomplete identity (29.226042ms)
✔ historical non-approval, public hold and human review do not block evidenced local rendering (0.092875ms)
✔ revision, duplicate/missing keys, local decision mismatch and invented binding fail closed (66.200541ms)
✔ all three names search a source pair and regional filters use union (7.444334ms)
✔ T100 B01 maps ten exact skull targets to fourteen existing source surfaces with field provenance (30.3715ms)
✔ T100 B01 evidence refs and direct crosswalk proof fail closed when altered (25.365375ms)
✔ T100 ordinal-composed modern-only names accept field-scoped evidence without inventing legacy or Latin fields (40.620167ms)
✔ T100 B02 classifies ten exact vertebral/variant targets and links only nineteen verified source members (3.07675ms)
✔ T100 B02 rejects unsupported segment/member relations and target-name evidence without provenance (29.832458ms)
✔ T100 B03 adds only ten terminology dispositions and 45 exact lumbar, ordinary-rib and carpal class members (8.496667ms)
✔ T100 B03 rejects wrong sides, parents, member keys, unsupported variants and missing field provenance (81.711083ms)
✔ T100 B04 records hand-bone members without leaking internal target terminology to learner search (1.958042ms)
✔ T100 B04 rejects the fifth distal data-name conflict and wrong side/member evidence (72.804459ms)
✔ T100 B05 records ten pelvis/knee/foot targets and exact existing class members without search leakage (4.469958ms)
✔ T100 B bulk exact group terms and ordinal compositions preserve semantic scope and field-level holds (2.796ms)
✔ T100 B05 rejects wrong laterality, foot part, member key, and parent (78.419541ms)
✔ T100 bounded source relations preserve unknown sides independently of a declared-side route (1.080917ms)
✔ T100 parallel integration rejects wrong foot level and non-exact laryngeal synonym or context (72.853166ms)
✔ both scapulae belong to arm context and sacrum to lumbar context (0.164959ms)
✔ accessories remain retained without masquerading as muscle/bone (0.151666ms)
✔ stable source route roundtrips, old bound HA route resolves side, invalid/filtered keys stay unselected (0.208833ms)
✔ T100 semantic continuation groups the 226 unnamed surfaces without side duplicates and keeps unresolved identities held (1.248ms)
✔ T100 exact direct target links add typed source selection without changing canonical bindings or release holds (2.8895ms)
✔ T100 target membership continuation adds only evidenced member routes and keeps the frozen denominator partial (191.903375ms)
✔ opaque learner concept links resolve a selected side and fail closed when a bilateral side is omitted (0.561042ms)
✔ composed Korean phalanx and named carpal terms search to one source concept (2.014083ms)
✔ contextual names cover visible surfaces without exposing judgment records or promoting holds (13.663042ms)
✔ pending source crosswalks and child routes require bounded proofs and preserve historical links (110.931292ms)
✔ complete parent prefix finds both biceps heads and anatomical deltoid aliases retain their distinct parts (1.917958ms)
✔ cached BP3D supplement composes into the existing mixed-frame dataset without changing frozen denominators (6.525666ms)
✔ supplement rejects unverified frame, identity, rights, bindings, and transfer budget (16.511958ms)
✔ composite manifest rejects a bad mixed-coordinate declaration and duplicate source keys (26.095583ms)
✔ supplement relations create opaque target/member routes from exact frozen evidence without HA bindings (8.195208ms)
✔ registered same-bone display alternatives suppress only their ZA counterpart on selected source routes (56.870917ms)
✔ source-only context never becomes selectable (0.410833ms)
✔ supplements require explicit opt-in, stay unbound (0.051542ms)
✔ held identity cannot be revealed through layer/opt-in (0.041583ms)
✔ region/layer demand excludes unrelated geometry (0.040208ms)
✔ T95 overlapping region union keeps one asset visible and empty filters mean whole body (0.060416ms)
✔ reject conflicting duplicate IDs and source-only binding promotion (0.239792ms)
✔ late parse after cancellation is disposed; same-id new demand can recover (4.401208ms)
✔ failure retains successful resources; explicit retry only failed asset (2.52425ms)
✔ dispose releases completed and late resources exactly once (1.191ms)
✔ isolation never promotes source-only or held nodes and respects layer switches (0.141708ms)
✔ selected transparency preserves eligibility and selection; hide only hides the selected eligible asset (0.057417ms)
✔ v2 local display is independent from learner binding, rights and review holds (0.13925ms)
✔ persistent source hiding survives a different selection and reset cannot bypass policy (0.658625ms)
ℹ tests 66
ℹ suites 0
ℹ pass 66
ℹ fail 0
ℹ cancelled 0
ℹ skipped 0
ℹ todo 0
ℹ duration_ms 1174.486708
