{
    "revision": "R13-2026-09-26",
    "kind": "design_execution_registry",
    "implementationStatusSource": "work/STATUS.md",
    "t15FlowPreserved": [
        "T15a",
        "T15b",
        "T15c",
        "T15d",
        "T15e",
        "T15f",
        "T15g"
    ],
    "plannedOrder": [
        "T16",
        "T17",
        "T18",
        "T19",
        "T20",
        "T21",
        "T22",
        "T23",
        "T24",
        "T25",
        "T26",
        "T27",
        "T28",
        "T29",
        "T30",
        "T31",
        "T32",
        "T33",
        "T34",
        "T35",
        "T36",
        "T37",
        "T38",
        "T39",
        "T40"
    ],
    "tasks": [
        {
            "id": "T16",
            "title": "AI \uadfc\uac70 \uc0c1\ud0dc\uc640 \ud559\uc2b5 \ud45c\uc2dc \uacc4\uc57d",
            "model": "Sol High",
            "status": "planned_not_started",
            "prerequisite": "T15g",
            "defaultNext": "T17",
            "spec": "work/tasks/T16.md"
        },
        {
            "id": "T17",
            "title": "\ucd9c\ucc98 \uc218\uc9d1\u00b7\ud544\ub4dc \ub300\uc870 \uc791\uc5c5 \ub3c4\uad6c",
            "model": "Luna Max",
            "status": "planned_not_started",
            "prerequisite": "T16",
            "defaultNext": "T18",
            "spec": "work/tasks/T17.md"
        },
        {
            "id": "T18",
            "title": "\uc885\uc544\ub9ac 6\uadfc\uc721 \uae30\uc2dc\u00b7\uc815\uc9c0 AI \ub300\uc870\ud45c",
            "model": "Luna Max",
            "status": "complete_with_gaps",
            "prerequisite": "T17",
            "defaultNext": "T19",
            "spec": "work/tasks/T18.md"
        },
        {
            "id": "T19",
            "title": "\uc120\ud0dd \uadfc\uc721 \uc9d1\uc911 \ubcf4\uae30",
            "model": "Luna Max",
            "status": "technical_pass",
            "prerequisite": "T18",
            "defaultNext": "T20",
            "spec": "work/tasks/T19.md"
        },
        {
            "id": "T20",
            "title": "\uadfc\uc721 \uc791\uc6a9\u00b7\uc124\uba85\u00b7\uc6c0\uc9c1\uc784 \ub370\uc774\ud130 \uacc4\uc57d",
            "model": "Sol High",
            "status": "planned_not_started",
            "prerequisite": "T19",
            "defaultNext": "T21",
            "spec": "work/tasks/T20.md"
        },
        {
            "id": "T21",
            "title": "\uc885\uc544\ub9ac \uc791\uc6a9 \uc124\uba85\uacfc \ud559\uc2b5 \uce74\ub4dc",
            "model": "Luna Max",
            "status": "planned_not_started",
            "prerequisite": "T20",
            "defaultNext": "T22",
            "spec": "work/tasks/T21.md"
        },
        {
            "id": "T22",
            "title": "\uc560\ub2c8\uba54\uc774\uc158 \uc790\uc0b0\uacfc \ub85c\ub354 \uae30\uc220 \uc124\uacc4",
            "model": "Sol High",
            "status": "planned_not_started",
            "prerequisite": "T21",
            "defaultNext": "T23",
            "spec": "work/tasks/T22.md"
        },
        {
            "id": "T23",
            "title": "\uc6c0\uc9c1\uc784 \uc7ac\uc0dd \ud328\ub110\uacfc \uc0c1\ud0dc \uad00\ub9ac",
            "model": "Luna Max",
            "status": "planned_not_started",
            "prerequisite": "T22",
            "defaultNext": "T24",
            "spec": "work/tasks/T23.md"
        },
        {
            "id": "T24",
            "title": "\uccab \uc885\uc544\ub9ac \uad50\uc721\uc6a9 \uc6c0\uc9c1\uc784 \uc790\uc0b0",
            "model": "Sol High",
            "status": "planned_not_started",
            "prerequisite": "T23",
            "defaultNext": "T25",
            "spec": "work/tasks/T24.md"
        },
        {
            "id": "T25",
            "title": "\uc885\uc544\ub9ac \uc6c0\uc9c1\uc784 \ud559\uc2b5 \ud1b5\ud569",
            "model": "Luna Max",
            "status": "planned_not_started",
            "prerequisite": "T24",
            "defaultNext": "T26",
            "spec": "work/tasks/T25.md"
        },
        {
            "id": "T26",
            "title": "\uc18c\ud749\uadfc \uad6c\uc870\u00b7\uc791\uc6a9 \ub300\uc870\uc640 \uc124\uba85",
            "model": "Luna Max",
            "status": "planned_not_started",
            "prerequisite": "T25",
            "defaultNext": "T27",
            "spec": "work/tasks/T26.md"
        },
        {
            "id": "T27",
            "title": "\uc18c\ud749\uadfc\u00b7\ud749\uacfd\u00b7\uacac\uac11\ub300 \uc815\uc801 \uc7a5\uba74",
            "model": "Luna Max",
            "status": "planned_not_started",
            "prerequisite": "T26",
            "defaultNext": "T28",
            "spec": "work/tasks/T27.md"
        },
        {
            "id": "T28",
            "title": "\uacac\uac11\ub300 \uad50\uc721\uc6a9 \uc6c0\uc9c1\uc784 \uc81c\uc791",
            "model": "Sol High",
            "status": "planned_not_started",
            "prerequisite": "T27",
            "defaultNext": "T29",
            "spec": "work/tasks/T28.md"
        },
        {
            "id": "T29",
            "title": "\uc18c\ud749\uadfc \uc120\ud0dd\ubd80\ud130 \uc6c0\uc9c1\uc784\uae4c\uc9c0 \ud1b5\ud569",
            "model": "Luna Max",
            "status": "planned_not_started",
            "prerequisite": "T28",
            "defaultNext": "T30",
            "spec": "work/tasks/T29.md"
        },
        {
            "id": "T30",
            "title": "\uadf8\ub798\ud53d\u00b7\ubc18\uc751\ud615\u00b7\uc131\ub2a5 \uac1c\uc120",
            "model": "Luna Max",
            "status": "planned_not_started",
            "prerequisite": "T29",
            "defaultNext": "T31",
            "spec": "work/tasks/T30.md"
        },
        {
            "id": "T31",
            "title": "\uccab \uc6c0\uc9c1\uc774\ub294 \ud559\uc2b5\ud310 \ub85c\uceec \uac80\uc99d",
            "model": "Luna Max",
            "status": "planned_not_started",
            "prerequisite": "T30",
            "defaultNext": "T32",
            "spec": "work/tasks/T31.md"
        },
        {
            "id": "T32",
            "title": "\uc804\uc2e0 \ud655\uc7a5 \uc791\uc5c5 \ubaa9\ub85d \ub3d9\uacb0",
            "model": "Luna Max",
            "status": "planned_not_started",
            "prerequisite": "T31",
            "defaultNext": "T33",
            "spec": "work/tasks/T32.md"
        },
        {
            "id": "T33",
            "title": "\uccab \uc804\uc2e0 \uad6c\uc870 \ud655\uc7a5 \ubc30\uce58",
            "model": "Luna Max",
            "status": "planned_not_started",
            "prerequisite": "T32",
            "defaultNext": "T34",
            "spec": "work/tasks/T33.md"
        },
        {
            "id": "T34",
            "title": "\uc804\uc2e0 \uad6c\uc870 \ubc94\uc704 \uc810\uac80",
            "model": "Luna Max",
            "status": "planned_not_started",
            "prerequisite": "T33 \ubc0f queue\uc758 \uad6c\uc870 \ubc30\uce58 \uacb0\uacfc",
            "defaultNext": "T35",
            "spec": "work/tasks/T34.md"
        },
        {
            "id": "T35",
            "title": "\uc804\uc2e0 \uae30\ub2a5\u00b7\uc6c0\uc9c1\uc784 \ud655\uc7a5 \uacc4\ud68d\uacfc \uccab \ubc30\uce58",
            "model": "Luna Max",
            "status": "planned_not_started",
            "prerequisite": "T34 \ubc0f \ud574\ub2f9 \uad6c\uc870 \uc790\uc0b0",
            "defaultNext": "T36",
            "spec": "work/tasks/T35.md"
        },
        {
            "id": "T36",
            "title": "\ud3c9\uac00 \ud559\uc2b5 \ub370\uc774\ud130 \uacc4\uc57d",
            "model": "Sol High",
            "status": "planned_not_started",
            "prerequisite": "T35\uc758 \uad6c\ud604 \ud328\ud134\uacfc \ud574\ub2f9 \uae30\ub2a5 \uadfc\uac70",
            "defaultNext": "T37",
            "spec": "work/tasks/T36.md"
        },
        {
            "id": "T37",
            "title": "\ud30c\uc77c\ub7ff \ud3c9\uac00 3\uac1c \ubb38\ud5cc \uc815\ub9ac",
            "model": "Luna Max",
            "status": "planned_not_started",
            "prerequisite": "T36",
            "defaultNext": "T38",
            "spec": "work/tasks/T37.md"
        },
        {
            "id": "T38",
            "title": "\uad6c\uc870\u00b7\uae30\ub2a5\u00b7\ud3c9\uac00 \ud654\uba74 \ud1b5\ud569",
            "model": "Luna Max",
            "status": "planned_not_started",
            "prerequisite": "T37",
            "defaultNext": "T39",
            "spec": "work/tasks/T38.md"
        },
        {
            "id": "T39",
            "title": "\uc774\ub984\u00b7\ubd80\ucc29\u00b7\uc791\uc6a9 \ud559\uc2b5 \ubb38\uc81c",
            "model": "Luna Max",
            "status": "planned_not_started",
            "prerequisite": "T38",
            "defaultNext": "T40",
            "spec": "work/tasks/T39.md"
        },
        {
            "id": "T40",
            "title": "\ud1b5\ud569 \ub85c\uceec \uc804\ub2ec\uacfc \uc6b4\uc601 \uc548\ub0b4",
            "model": "Luna Max",
            "status": "planned_not_started",
            "prerequisite": "T39 \ubc0f \uc2e4\uc81c queue \uacb0\uacfc",
            "defaultNext": null,
            "spec": "work/tasks/T40.md"
        }
    ],
    "nextUnallocatedNumericId": 41,
    "additionalTasks": [],
    "queueOverrides": [],
    "rules": [
        "Allocate unused integer task IDs; never renumber completed IDs",
        "Add explicit predecessor/successor and scope before executing a new task",
        "No automatic task execution",
        "40 is not a project task limit or a whole-body completion claim"
    ]
}
