reuse completed unchanged family flex
retain emitted candidate for targeted repair only rot-right
author rot-left native surfaces 365
surface rot-left 0 Multifidus lumborum muscle.r
surface rot-left 1 Brachialis muscle.l
surface rot-left 2 Proximal phalanx of second finger of hand.l
surface rot-left 3 Twelfth rib.r
surface rot-left 4 Fifth metacarpal bone.l
surface rot-left 5 Vertebra T11
surface rot-left 6 Third metacarpal bone.r
surface rot-left 7 First rib.r
surface rot-left 8 Vertebra L5
surface rot-left 9 Long head of triceps brachii.l
surface rot-left 10 Occipital bone
surface rot-left 11 Levatores breves costarum.l
surface rot-left 12 (Abdominal part of pectoralis major muscle).l
surface rot-left 13 Proximal phalanx of third finger of hand.l
surface rot-left 14 Triquetrum bone.l
surface rot-left 15 Sternocleidomastoid muscle.l
surface rot-left 16 Hamate bone.l
surface rot-left 17 Interspinales colli muscles.l
surface rot-left 18 Serratus anterior muscle.l
surface rot-left 19 Vertebra L2
surface rot-left 20 Anconeus muscle.l
surface rot-left 21 Capitate bone.r
surface rot-left 22 Inferior pharyngeal constrictor.l
surface rot-left 23 Extensor pollicis longus.r
surface rot-left 24 Extensor digiti minimi.r
surface rot-left 25 Latissimus dorsi muscle.r
surface rot-left 26 Distal phalanx of fifth finger of hand.l
surface rot-left 27 Rhomboid minor muscle.r
surface rot-left 28 Semispinalis thoracis muscle.l
surface rot-left 29 Proximal phalanx of third finger of hand.r
surface rot-left 30 Vertebra C5
surface rot-left 31 Sternocleidomastoid muscle.r
surface rot-left 32 Dorsal parts of lateral intertransversarii lumborum muscles.l
surface rot-left 33 Splenius capitis muscle.r
surface rot-left 34 Ninth rib.r
surface rot-left 35 Geniohyoid muscle.r
surface rot-left 36 Sixth rib.r
surface rot-left 37 Pectoralis minor muscle.l
surface rot-left 38 External intercostal muscles.l
surface rot-left 39 Thyrohyoid muscle.r
surface rot-left 40 Radius.l
surface rot-left 41 Psoas major.l
surface rot-left 42 Extensor digiti minimi.l
surface rot-left 43 Subscapularis muscle.l
surface rot-left 44 Third rib.l
surface rot-left 45 Extensor indicis.r
surface rot-left 46 Serratus posterior inferior muscle.l
targeted shape/contact patch Serratus posterior inferior muscle.l rot-left 16 source-bone projection corrective cannot clear contact while retaining source triangle orientation/10% area
surface rot-left 47 Lunate bone.l
surface rot-left 48 Pisiform bone.l
surface rot-left 49 Scapula.l
surface rot-left 50 Pyramidalis muscle.r
surface rot-left 51 Clavicular part of deltoid muscle.l
surface rot-left 52 Ulna.r
surface rot-left 53 Ulnar head of flexor carpi ulnaris.l
surface rot-left 54 Brachioradialis muscle.r
surface rot-left 55 Serratus posterior superior muscle.l
surface rot-left 56 Tenth rib.l
surface rot-left 57 Acromial part of deltoid muscle.l
surface rot-left 58 Rectus anterior capitis muscle.r
surface rot-left 59 Scapular spinal part of deltoid muscle.r
surface rot-left 60 Sternocostal head of pectoralis major muscle.r
surface rot-left 61 Vertebra T5
surface rot-left 62 Middle phalanx of third finger of hand.r
surface rot-left 63 Coracobrachialis muscle.r
surface rot-left 64 Long head of biceps brachii.l
surface rot-left 65 Posterior crico-arytenoid muscle.l
surface rot-left 66 Iliocostalis colli muscle.r
surface rot-left 67 Rectus abdominis muscle.l
surface rot-left 68 Third metacarpal bone.l
surface rot-left 69 Humerus.r
surface rot-left 70 Iliocostalis lumborum muscle.l
surface rot-left 71 Dorsal parts of lateral intertransversarii lumborum muscles.r
targeted shape/contact patch Dorsal parts of lateral intertransversarii lumborum muscles.r rot-left 6 source-bone projection corrective cannot clear contact while retaining source triangle orientation/10% area
targeted shape/contact patch Dorsal parts of lateral intertransversarii lumborum muscles.r rot-left 7 source-bone projection corrective cannot clear contact while retaining source triangle orientation/10% area
targeted shape/contact patch Dorsal parts of lateral intertransversarii lumborum muscles.r rot-left 11 source-bone projection corrective cannot clear contact while retaining source triangle orientation/10% area
targeted shape/contact patch Dorsal parts of lateral intertransversarii lumborum muscles.r rot-left 12 source-bone projection corrective cannot clear contact while retaining source triangle orientation/10% area
targeted shape/contact patch Dorsal parts of lateral intertransversarii lumborum muscles.r rot-left 13 source-bone projection corrective cannot clear contact while retaining source triangle orientation/10% area
targeted shape/contact patch Dorsal parts of lateral intertransversarii lumborum muscles.r rot-left 16 source-bone projection corrective cannot clear contact while retaining source triangle orientation/10% area
surface rot-left 72 Extensor indicis.l
surface rot-left 73 Ninth rib.l
surface rot-left 74 Posterior belly of digastric muscle.r
surface rot-left 75 Semispinalis colli muscle.r
surface rot-left 76 Sternothyroid muscle.r
surface rot-left 77 Pronator quadratus.r
surface rot-left 78 (Abdominal part of pectoralis major muscle).r
surface rot-left 79 Spinalis capitis muscle.r
surface rot-left 80 Middle phalanx of fourth finger of hand.r
surface rot-left 81 Humeral head of flexor carpi ulnaris.r
surface rot-left 82 Distal phalanx of second finger of hand.r
surface rot-left 83 Palmaris longus muscle.r
surface rot-left 84 Flexor pollicis longus.l
surface rot-left 85 Rotatores.r
surface rot-left 86 Subclavius muscle.r
surface rot-left 87 Pronator quadratus.l
surface rot-left 88 Internal intercostal muscles.l
surface rot-left 89 Proximal phalanx of second finger of hand.r
surface rot-left 90 Spinalis colli muscle.l
surface rot-left 91 Extensor carpi radialis longus.l
surface rot-left 92 Medial head of triceps brachii.l
surface rot-left 93 Longissimus colli muscle.r
surface rot-left 94 Superior pharyngeal constrictor.l
surface rot-left 95 Quadratus lumborum muscle.r
surface rot-left 96 Subclavius muscle.l
surface rot-left 97 Rectus lateralis capitis muscle.l
surface rot-left 98 Extensor pollicis longus.l
surface rot-left 99 Teres major muscle.l
surface rot-left 100 Brachialis muscle.r
surface rot-left 101 Fourth metacarpal bone.l
surface rot-left 102 Iliocostalis lumborum muscle.r
surface rot-left 103 Flexor carpi radialis.l
surface rot-left 104 Vertebra L1
surface rot-left 105 Scalenus medius muscle.l
surface rot-left 106 Interspinales colli muscles.r
surface rot-left 107 Quadratus lumborum muscle.l
surface rot-left 108 Xiphoid process
surface rot-left 109 Spinalis capitis muscle.l
surface rot-left 110 Middle phalanx of fifth finger of hand.r
surface rot-left 111 Ventral parts of lateral intertransversarii lumborum muscles.l
surface rot-left 112 Fifth metacarpal bone.r
surface rot-left 113 Rectus posterior major capitis muscle.l
surface rot-left 114 Vertebra L3
surface rot-left 115 Levatores breves costarum.r
surface rot-left 116 Supinator.l
surface rot-left 117 Lateral head of triceps brachii.l
surface rot-left 118 Extensor digitorum.r
surface rot-left 119 Distal phalanx of second finger of hand.l
surface rot-left 120 Manubrium of sternum
surface rot-left 121 Rectus posterior major capitis muscle.r
surface rot-left 122 Ary-epiglottic part of oblique arytenoid muscle.l
surface rot-left 123 Hamate bone.r
surface rot-left 124 Flexor pollicis longus.r
surface rot-left 125 Thyro-epiglottic part of thyro-arytenoid muscle.r
surface rot-left 126 Distal phalanx of fourth finger of hand.l
surface rot-left 127 Deep head of pronator teres.r
surface rot-left 128 Interspinales lumborum muscles.r
targeted shape/contact patch Interspinales lumborum muscles.r rot-left 7 source-bone projection corrective cannot clear contact while retaining source triangle orientation/10% area
targeted shape/contact patch Interspinales lumborum muscles.r rot-left 8 source-bone projection corrective cannot clear contact while retaining source triangle orientation/10% area
targeted shape/contact patch Interspinales lumborum muscles.r rot-left 9 source-bone projection corrective cannot clear contact while retaining source triangle orientation/10% area
targeted shape/contact patch Interspinales lumborum muscles.r rot-left 10 source-bone projection corrective cannot clear contact while retaining source triangle orientation/10% area
targeted shape/contact patch Interspinales lumborum muscles.r rot-left 11 source-bone projection corrective cannot clear contact while retaining source triangle orientation/10% area
targeted shape/contact patch Interspinales lumborum muscles.r rot-left 12 source-bone projection corrective cannot clear contact while retaining source triangle orientation/10% area
targeted shape/contact patch Interspinales lumborum muscles.r rot-left 13 source-bone projection corrective cannot clear contact while retaining source triangle orientation/10% area
targeted shape/contact patch Interspinales lumborum muscles.r rot-left 14 source-bone projection corrective cannot clear contact while retaining source triangle orientation/10% area
targeted shape/contact patch Interspinales lumborum muscles.r rot-left 15 source-bone projection corrective cannot clear contact while retaining source triangle orientation/10% area
targeted shape/contact patch Interspinales lumborum muscles.r rot-left 16 source-bone projection corrective cannot clear contact while retaining source triangle orientation/10% area
surface rot-left 129 Acromial part of deltoid muscle.r
surface rot-left 130 Vertebra T7
surface rot-left 131 Second rib.l
surface rot-left 132 Multifidus thoracis muscle.l
surface rot-left 133 First metacarpal bone.r
surface rot-left 134 Interspinales thoracis muscles.r
surface rot-left 135 Mylohyoid muscle.r
surface rot-left 136 Psoas major.r
surface rot-left 137 Serratus posterior superior muscle.r
surface rot-left 138 Scapula.r
surface rot-left 139 Ulnar head of flexor carpi ulnaris.r
surface rot-left 140 Vertebra T8
surface rot-left 141 Internal abdominal oblique muscle.l
targeted shape/contact patch Internal abdominal oblique muscle.l rot-left 2 source-bone projection corrective cannot clear contact while retaining source triangle orientation/10% area
targeted shape/contact patch Internal abdominal oblique muscle.l rot-left 3 source-bone projection corrective cannot clear contact while retaining source triangle orientation/10% area
targeted shape/contact patch Internal abdominal oblique muscle.l rot-left 4 source-bone projection corrective cannot clear contact while retaining source triangle orientation/10% area
targeted shape/contact patch Internal abdominal oblique muscle.l rot-left 5 source-bone projection corrective cannot clear contact while retaining source triangle orientation/10% area
targeted shape/contact patch Internal abdominal oblique muscle.l rot-left 6 source-bone projection corrective cannot clear contact while retaining source triangle orientation/10% area
targeted shape/contact patch Internal abdominal oblique muscle.l rot-left 8 source-bone projection corrective cannot clear contact while retaining source triangle orientation/10% area
targeted shape/contact patch Internal abdominal oblique muscle.l rot-left 9 source-bone projection corrective cannot clear contact while retaining source triangle orientation/10% area
targeted shape/contact patch Internal abdominal oblique muscle.l rot-left 10 source-bone projection corrective cannot clear contact while retaining source triangle orientation/10% area
targeted shape/contact patch Internal abdominal oblique muscle.l rot-left 11 source-bone projection corrective cannot clear contact while retaining source triangle orientation/10% area
targeted shape/contact patch Internal abdominal oblique muscle.l rot-left 12 source-bone projection corrective cannot clear contact while retaining source triangle orientation/10% area
targeted shape/contact patch Internal abdominal oblique muscle.l rot-left 13 source-bone projection corrective cannot clear contact while retaining source triangle orientation/10% area
targeted shape/contact patch Internal abdominal oblique muscle.l rot-left 14 source-bone projection corrective cannot clear contact while retaining source triangle orientation/10% area
targeted shape/contact patch Internal abdominal oblique muscle.l rot-left 15 source-bone projection corrective cannot clear contact while retaining source triangle orientation/10% area
targeted shape/contact patch Internal abdominal oblique muscle.l rot-left 16 source-bone projection corrective cannot clear contact while retaining source triangle orientation/10% area
surface rot-left 142 Deep head of pronator teres.l
surface rot-left 143 Longus colli muscle.l
surface rot-left 144 Extensor carpi radialis brevis.r
surface rot-left 145 Longissimus capitis muscle.r
surface rot-left 146 Posterior crico-arytenoid muscle.r
surface rot-left 147 Humerus.l
surface rot-left 148 Spinalis colli muscle.r
surface rot-left 149 External part of thyro-arytenoid muscle.r
surface rot-left 150 Teres minor muscle.l
surface rot-left 151 Multifidus colli muscle.l
surface rot-left 152 Serratus anterior muscle.r
surface rot-left 153 Fourth rib.r
surface rot-left 154 Transversus abdominis muscle.r
surface rot-left 155 Semispinalis thoracis muscle.r
surface rot-left 156 Fourth rib.l
surface rot-left 157 Teres minor muscle.r
surface rot-left 158 Vertebra T4
surface rot-left 159 Ventral parts of lateral intertransversarii lumborum muscles.r
surface rot-left 160 Distal phalanx of fourth finger of hand.r
surface rot-left 161 Clavicular head of pectoralis major muscle.r
surface rot-left 162 Levatores longi costarum.l
surface rot-left 163 Transverse part of trapezius muscle.l
surface rot-left 164 Innermost intercostal muscles.l
surface rot-left 165 Hip bone.r
surface rot-left 166 Anterior belly of digastric muscle.r
surface rot-left 167 Scaphoid bone.r
surface rot-left 168 Rectus posterior minor capitis muscle.r
surface rot-left 169 Fifth rib.l
surface rot-left 170 Vertebra T3
surface rot-left 171 Vertebra T1
surface rot-left 172 Second rib.r
surface rot-left 173 Platysma.l
surface rot-left 174 Medial head of triceps brachii.r
surface rot-left 175 Pectoralis minor muscle.r
surface rot-left 176 Vertebra C4
surface rot-left 177 Extensor carpi radialis longus.r
surface rot-left 178 Obliquus inferior capitis muscle.r
surface rot-left 179 Infraspinatus muscle.r
surface rot-left 180 Middle phalanx of third finger of hand.l
surface rot-left 181 Proximal phalanx of first finger of hand.l
surface rot-left 182 Splenius colli muscle.r
surface rot-left 183 Abductor pollicis longus.r
surface rot-left 184 Clavicular part of deltoid muscle.r
surface rot-left 185 Rotatores.l
surface rot-left 186 Rectus lateralis capitis muscle.r
surface rot-left 187 Distal phalanx of first finger of hand.l
surface rot-left 188 Distal phalanx of third finger of hand.r
surface rot-left 189 Hyoid bone
surface rot-left 190 Seventh rib.r
surface rot-left 191 Serratus posterior inferior muscle.r
surface rot-left 192 Brachioradialis muscle.l
surface rot-left 193 Longissimus thoracis muscle.l
surface rot-left 194 Lunate bone.r
surface rot-left 195 Distal phalanx of first finger of hand.r
surface rot-left 196 Obliquus superior capitis muscle.l
surface rot-left 197 Multifidus colli muscle.r
surface rot-left 198 External part of thyro-arytenoid muscle.l
surface rot-left 199 Obliquus inferior capitis muscle.l
surface rot-left 200 Infraspinatus muscle.l
surface rot-left 201 Rectus abdominis muscle.r
targeted shape/contact patch Rectus abdominis muscle.r rot-left 5 source-bone projection corrective cannot clear contact while retaining source triangle orientation/10% area
targeted shape/contact patch Rectus abdominis muscle.r rot-left 6 source-bone projection corrective cannot clear contact while retaining source triangle orientation/10% area
targeted shape/contact patch Rectus abdominis muscle.r rot-left 7 source-bone projection corrective cannot clear contact while retaining source triangle orientation/10% area
targeted shape/contact patch Rectus abdominis muscle.r rot-left 9 source-bone projection corrective cannot clear contact while retaining source triangle orientation/10% area
targeted shape/contact patch Rectus abdominis muscle.r rot-left 10 source-bone projection corrective cannot clear contact while retaining source triangle orientation/10% area
targeted shape/contact patch Rectus abdominis muscle.r rot-left 11 source-bone projection corrective cannot clear contact while retaining source triangle orientation/10% area
targeted shape/contact patch Rectus abdominis muscle.r rot-left 12 source-bone projection corrective cannot clear contact while retaining source triangle orientation/10% area
targeted shape/contact patch Rectus abdominis muscle.r rot-left 13 source-bone projection corrective cannot clear contact while retaining source triangle orientation/10% area
targeted shape/contact patch Rectus abdominis muscle.r rot-left 14 source-bone projection corrective cannot clear contact while retaining source triangle orientation/10% area
targeted shape/contact patch Rectus abdominis muscle.r rot-left 15 source-bone projection corrective cannot clear contact while retaining source triangle orientation/10% area
targeted shape/contact patch Rectus abdominis muscle.r rot-left 16 source-bone projection corrective cannot clear contact while retaining source triangle orientation/10% area
surface rot-left 202 Extensor pollicis brevis.r
surface rot-left 203 Descending part of trapezius muscle.r
surface rot-left 204 Ulnar head of extensor carpi ulnaris.l
surface rot-left 205 Levator scapulae.r
surface rot-left 206 Eleventh rib.l
surface rot-left 207 External intercostal muscles.r
surface rot-left 208 Fourth metacarpal bone.r
surface rot-left 209 Descending part of trapezius muscle.l
surface rot-left 210 Ascending part of trapezius muscle.r
surface rot-left 211 Sacrum
surface rot-left 212 Splenius colli muscle.l
surface rot-left 213 Triquetrum bone.r
surface rot-left 214 Clavicular head of pectoralis major muscle.l
surface rot-left 215 Coracobrachialis muscle.l
surface rot-left 216 Rhomboid major muscle.r
surface rot-left 217 Internal intercostal muscles.r
surface rot-left 218 Scalenus posterior muscle.r
surface rot-left 219 Extensor carpi radialis brevis.l
surface rot-left 220 Transversus abdominis muscle.l
surface rot-left 221 Ulnar head of extensor carpi ulnaris.r
surface rot-left 222 Scalenus medius muscle.r
surface rot-left 223 Ary-epiglottic part of oblique arytenoid muscle.r
surface rot-left 224 Obliquus superior capitis muscle.r
surface rot-left 225 Humeral head of extensor carpi ulnaris.r
surface rot-left 226 Twelfth rib.l
surface rot-left 227 Semispinalis colli muscle.l
surface rot-left 228 Transversus thoracis muscle.r
surface rot-left 229 Humero-ulnar head of flexor digitorum superficialis.l
surface rot-left 230 Vertebra T12
surface rot-left 231 Humeral head of extensor carpi ulnaris.l
surface rot-left 232 Oblique part of cricothyroid muscle.r
surface rot-left 233 Proximal phalanx of fifth finger of hand.r
surface rot-left 234 Transverse arytenoid muscle
surface rot-left 235 Proximal phalanx of first finger of hand.r
surface rot-left 236 Short head of biceps brachii.r
surface rot-left 237 Distal phalanx of third finger of hand.l
surface rot-left 238 First rib.l
surface rot-left 239 Superficial head of pronator teres.l
surface rot-left 240 Stylopharyngeus muscle.r
surface rot-left 241 Longus capitis muscle.r
surface rot-left 242 Subscapularis muscle.r
surface rot-left 243 Body of sternum
surface rot-left 244 Stylohyoid muscle.l
surface rot-left 245 Scaphoid bone.l
surface rot-left 246 Omohyoid muscle.r
surface rot-left 247 Trapezium bone.l
surface rot-left 248 Vertebra L4
surface rot-left 249 Axis (C2)
surface rot-left 250 Anconeus muscle.r
surface rot-left 251 Middle phalanx of fifth finger of hand.l
surface rot-left 252 Straight part of cricothyroid muscle.r
surface rot-left 253 Vertebra T2
surface rot-left 254 Ulna.l
surface rot-left 255 Short head of biceps brachii.l
surface rot-left 256 Middle phalanx of second finger of hand.l
surface rot-left 257 Transverse part of trapezius muscle.r
surface rot-left 258 Vertebra C7
surface rot-left 259 Humeral head of flexor carpi ulnaris.l
surface rot-left 260 Iliocostalis thoracis muscle.l
surface rot-left 261 Eighth rib.r
surface rot-left 262 Flexor digitorum profundus.l
surface rot-left 263 Pyramidalis muscle.l
surface rot-left 264 Vertebra T9
surface rot-left 265 Seventh rib.l
surface rot-left 266 Superficial head of pronator teres.r
surface rot-left 267 Proximal phalanx of fifth finger of hand.l
surface rot-left 268 Long head of biceps brachii.r
surface rot-left 269 Iliocostalis thoracis muscle.r
surface rot-left 270 Third rib.r
surface rot-left 271 Innermost intercostal muscles.r
surface rot-left 272 Platysma.r
surface rot-left 273 First metacarpal bone.l
surface rot-left 274 Vertebra C3
surface rot-left 275 Teres major muscle.r
surface rot-left 276 Rectus posterior minor capitis muscle.l
surface rot-left 277 Radius.r
surface rot-left 278 Rhomboid major muscle.l
surface rot-left 279 Thyrohyoid muscle.l
surface rot-left 280 Clavicle.r
surface rot-left 281 Omohyoid muscle.l
surface rot-left 282 Supinator.r
surface rot-left 283 Flexor digitorum profundus.r
surface rot-left 284 Internal abdominal oblique muscle.r
targeted shape/contact patch Internal abdominal oblique muscle.r rot-left 6 source-bone projection corrective cannot clear contact while retaining source triangle orientation/10% area
surface rot-left 285 Lateral head of triceps brachii.r
surface rot-left 286 Mylohyoid muscle.l
surface rot-left 287 Trapezium bone.r
surface rot-left 288 Inferior pharyngeal constrictor.r
surface rot-left 289 Proximal phalanx of fourth finger of hand.r
surface rot-left 290 Palmaris longus muscle.l
surface rot-left 291 Middle pharyngeal constrictor.l
surface rot-left 292 Posterior belly of digastric muscle.l
surface rot-left 293 Anterior belly of digastric muscle.l
surface rot-left 294 Abductor pollicis longus.l
surface rot-left 295 Vertebra C6
surface rot-left 296 Extensor pollicis brevis.l
surface rot-left 297 Capitate bone.l
surface rot-left 298 Second metacarpal bone.l
surface rot-left 299 Radial head of flexor digitorum superficialis.l
surface rot-left 300 Distal phalanx of fifth finger of hand.r
surface rot-left 301 Longus capitis muscle.l
surface rot-left 302 Eighth rib.l
surface rot-left 303 Coccyx
surface rot-left 304 Sternohyoid muscle.l
surface rot-left 305 Longus colli muscle.r
surface rot-left 306 Scapular spinal part of deltoid muscle.l
surface rot-left 307 Middle phalanx of second finger of hand.r
surface rot-left 308 Atlas (C1)
surface rot-left 309 External abdominal oblique muscle.l
surface rot-left 310 Superior pharyngeal constrictor.r
surface rot-left 311 Tenth rib.r
surface rot-left 312 Diaphragm
surface rot-left 313 Supraspinatus muscle.r
surface rot-left 314 Latissimus dorsi muscle.l
surface rot-left 315 Stylohyoid muscle.r
surface rot-left 316 Long head of triceps brachii.r
surface rot-left 317 Interspinales thoracis muscles.l
surface rot-left 318 Lateral crico-arytenoid muscle.r
surface rot-left 319 Ascending part of trapezius muscle.l
surface rot-left 320 Second metacarpal bone.r
surface rot-left 321 Pisiform bone.r
surface rot-left 322 Extensor digitorum.l
surface rot-left 323 Sternocostal head of pectoralis major muscle.l
surface rot-left 324 Supraspinatus muscle.l
surface rot-left 325 Rectus anterior capitis muscle.l
surface rot-left 326 Flexor carpi radialis.r
surface rot-left 327 Spinalis thoracis muscle.l
surface rot-left 328 Interspinales lumborum muscles.l
surface rot-left 329 Thyro-epiglottic part of thyro-arytenoid muscle.l
surface rot-left 330 Fifth rib.r
surface rot-left 331 Middle pharyngeal constrictor.r
surface rot-left 332 External abdominal oblique muscle.r
surface rot-left 333 Radial head of flexor digitorum superficialis.r
surface rot-left 334 Vertebra T10
surface rot-left 335 Vertebra T6
surface rot-left 336 Hip bone.l
surface rot-left 337 Clavicle.l
surface rot-left 338 Levatores longi costarum.r
surface rot-left 339 Middle phalanx of fourth finger of hand.l
surface rot-left 340 Levator scapulae.l
surface rot-left 341 Humero-ulnar head of flexor digitorum superficialis.r
surface rot-left 342 Scalenus anterior muscle.r
surface rot-left 343 Longissimus thoracis muscle.r
surface rot-left 344 Iliocostalis colli muscle
surface rot-left 345 Oblique part of cricothyroid muscle.l
surface rot-left 346 Proximal phalanx of fourth finger of hand.l
surface rot-left 347 Sixth rib.l
surface rot-left 348 Straight part of cricothyroid muscle.l
surface rot-left 349 Geniohyoid muscle.l
surface rot-left 350 Spinalis thoracis muscle.r
surface rot-left 351 Longissimus capitis muscle.l
surface rot-left 352 Sternothyroid muscle.l
surface rot-left 353 Sternohyoid muscle.r
surface rot-left 354 Scalenus posterior muscle.l
surface rot-left 355 Multifidus lumborum muscle.l
surface rot-left 356 Transversus thoracis muscle.l
surface rot-left 357 Scalenus anterior muscle.l
surface rot-left 358 Rhomboid minor muscle.l
surface rot-left 359 Splenius capitis muscle.l
surface rot-left 360 Multifidus thoracis muscle.r
surface rot-left 361 Stylopharyngeus muscle.l
surface rot-left 362 Longissimus colli muscle.l
surface rot-left 363 Eleventh rib.r
surface rot-left 364 Lateral crico-arytenoid muscle.l
rot-left Multifidus lumborum muscle.r True minarea 0.8965 contain 0
rot-left Dorsal parts of lateral intertransversarii lumborum muscles.l True minarea 0.7251 contain 0
rot-left Psoas major.l True minarea 0.7996 contain 0
rot-left Serratus posterior inferior muscle.l True minarea 0.4707 contain 0
rot-left Pyramidalis muscle.r True minarea 1.0 contain 0
rot-left Rectus abdominis muscle.l True minarea 0.3648 contain 0
rot-left Iliocostalis lumborum muscle.l True minarea 0.4061 contain 0
rot-left Dorsal parts of lateral intertransversarii lumborum muscles.r True minarea 0.1978 contain 0
rot-left Rotatores.r True minarea 0.7361 contain 0
rot-left Quadratus lumborum muscle.r True minarea 0.4098 contain 0
rot-left Iliocostalis lumborum muscle.r True minarea 0.607 contain 0
rot-left Quadratus lumborum muscle.l True minarea 0.8646 contain 0
rot-left Ventral parts of lateral intertransversarii lumborum muscles.l True minarea 0.8058 contain 0
rot-left Interspinales lumborum muscles.r True minarea 0.2999 contain 0
rot-left Psoas major.r True minarea 0.8537 contain 0
rot-left Internal abdominal oblique muscle.l False minarea 0.1036 contain 5
rot-left Transversus abdominis muscle.r False minarea 0.5593 contain 1
rot-left Ventral parts of lateral intertransversarii lumborum muscles.r True minarea 0.9423 contain 0
rot-left Rotatores.l True minarea 0.886 contain 0
rot-left Serratus posterior inferior muscle.r True minarea 0.8878 contain 0
rot-left Longissimus thoracis muscle.l True minarea 0.7812 contain 0
rot-left Rectus abdominis muscle.r False minarea 0.2032 contain 8
rot-left Transversus abdominis muscle.l False minarea 0.4165 contain 1
rot-left Pyramidalis muscle.l True minarea 1.0 contain 0
rot-left Internal abdominal oblique muscle.r False minarea 0.1784 contain 1
rot-left External abdominal oblique muscle.l False minarea 0.5941 contain 5
rot-left Spinalis thoracis muscle.l True minarea 0.6941 contain 0
rot-left Interspinales lumborum muscles.l True minarea 0.9268 contain 0
rot-left External abdominal oblique muscle.r False minarea 0.2981 contain 11
rot-left Longissimus thoracis muscle.r True minarea 0.5839 contain 0
rot-left Spinalis thoracis muscle.r True minarea 0.4843 contain 0
rot-left Multifidus lumborum muscle.l True minarea 0.9252 contain 0
Traceback (most recent call last):
  File "/Users/daniel/Downloads/SIM /HUMAN ATLAS/work/evidence/T66/priority-trunk-2026-10-05/author_trunk.py", line 156, in <module>
    if not qcpose['passed']:raise RuntimeError('emitted geometry/contact failed '+kind)
                            ^^^^^^^^^^^^^^^^^^^^^^^^^^^^^^^^^^^^^^^^^^^^^^^^^^^^^^^^^^^
RuntimeError: emitted geometry/contact failed rot-left
