reuse completed unchanged family flex
author rot-right native surfaces 365
surface rot-right 0 Multifidus lumborum muscle.r
surface rot-right 1 Brachialis muscle.l
surface rot-right 2 Proximal phalanx of second finger of hand.l
surface rot-right 3 Twelfth rib.r
surface rot-right 4 Fifth metacarpal bone.l
surface rot-right 5 Vertebra T11
surface rot-right 6 Third metacarpal bone.r
surface rot-right 7 First rib.r
surface rot-right 8 Vertebra L5
surface rot-right 9 Long head of triceps brachii.l
surface rot-right 10 Occipital bone
surface rot-right 11 Levatores breves costarum.l
surface rot-right 12 (Abdominal part of pectoralis major muscle).l
surface rot-right 13 Proximal phalanx of third finger of hand.l
surface rot-right 14 Triquetrum bone.l
surface rot-right 15 Sternocleidomastoid muscle.l
surface rot-right 16 Hamate bone.l
surface rot-right 17 Interspinales colli muscles.l
surface rot-right 18 Serratus anterior muscle.l
surface rot-right 19 Vertebra L2
surface rot-right 20 Anconeus muscle.l
surface rot-right 21 Capitate bone.r
surface rot-right 22 Inferior pharyngeal constrictor.l
surface rot-right 23 Extensor pollicis longus.r
surface rot-right 24 Extensor digiti minimi.r
surface rot-right 25 Latissimus dorsi muscle.r
surface rot-right 26 Distal phalanx of fifth finger of hand.l
surface rot-right 27 Rhomboid minor muscle.r
surface rot-right 28 Semispinalis thoracis muscle.l
surface rot-right 29 Proximal phalanx of third finger of hand.r
surface rot-right 30 Vertebra C5
surface rot-right 31 Sternocleidomastoid muscle.r
surface rot-right 32 Dorsal parts of lateral intertransversarii lumborum muscles.l
targeted shape/contact patch Dorsal parts of lateral intertransversarii lumborum muscles.l rot-right 6 source-bone projection corrective cannot clear contact while retaining source triangle orientation/10% area
targeted shape/contact patch Dorsal parts of lateral intertransversarii lumborum muscles.l rot-right 7 source-bone projection corrective cannot clear contact while retaining source triangle orientation/10% area
targeted shape/contact patch Dorsal parts of lateral intertransversarii lumborum muscles.l rot-right 11 source-bone projection corrective cannot clear contact while retaining source triangle orientation/10% area
targeted shape/contact patch Dorsal parts of lateral intertransversarii lumborum muscles.l rot-right 12 source-bone projection corrective cannot clear contact while retaining source triangle orientation/10% area
targeted shape/contact patch Dorsal parts of lateral intertransversarii lumborum muscles.l rot-right 13 source-bone projection corrective cannot clear contact while retaining source triangle orientation/10% area
targeted shape/contact patch Dorsal parts of lateral intertransversarii lumborum muscles.l rot-right 16 source-bone projection corrective cannot clear contact while retaining source triangle orientation/10% area
surface rot-right 33 Splenius capitis muscle.r
surface rot-right 34 Ninth rib.r
surface rot-right 35 Geniohyoid muscle.r
surface rot-right 36 Sixth rib.r
surface rot-right 37 Pectoralis minor muscle.l
surface rot-right 38 External intercostal muscles.l
surface rot-right 39 Thyrohyoid muscle.r
surface rot-right 40 Radius.l
surface rot-right 41 Psoas major.l
surface rot-right 42 Extensor digiti minimi.l
surface rot-right 43 Subscapularis muscle.l
surface rot-right 44 Third rib.l
surface rot-right 45 Extensor indicis.r
surface rot-right 46 Serratus posterior inferior muscle.l
surface rot-right 47 Lunate bone.l
surface rot-right 48 Pisiform bone.l
surface rot-right 49 Scapula.l
surface rot-right 50 Pyramidalis muscle.r
surface rot-right 51 Clavicular part of deltoid muscle.l
surface rot-right 52 Ulna.r
surface rot-right 53 Ulnar head of flexor carpi ulnaris.l
surface rot-right 54 Brachioradialis muscle.r
surface rot-right 55 Serratus posterior superior muscle.l
surface rot-right 56 Tenth rib.l
surface rot-right 57 Acromial part of deltoid muscle.l
surface rot-right 58 Rectus anterior capitis muscle.r
surface rot-right 59 Scapular spinal part of deltoid muscle.r
surface rot-right 60 Sternocostal head of pectoralis major muscle.r
surface rot-right 61 Vertebra T5
surface rot-right 62 Middle phalanx of third finger of hand.r
surface rot-right 63 Coracobrachialis muscle.r
surface rot-right 64 Long head of biceps brachii.l
surface rot-right 65 Posterior crico-arytenoid muscle.l
surface rot-right 66 Iliocostalis colli muscle.r
surface rot-right 67 Rectus abdominis muscle.l
targeted shape/contact patch Rectus abdominis muscle.l rot-right 5 source-bone projection corrective cannot clear contact while retaining source triangle orientation/10% area
targeted shape/contact patch Rectus abdominis muscle.l rot-right 6 source-bone projection corrective cannot clear contact while retaining source triangle orientation/10% area
targeted shape/contact patch Rectus abdominis muscle.l rot-right 7 source-bone projection corrective cannot clear contact while retaining source triangle orientation/10% area
targeted shape/contact patch Rectus abdominis muscle.l rot-right 9 source-bone projection corrective cannot clear contact while retaining source triangle orientation/10% area
targeted shape/contact patch Rectus abdominis muscle.l rot-right 10 source-bone projection corrective cannot clear contact while retaining source triangle orientation/10% area
targeted shape/contact patch Rectus abdominis muscle.l rot-right 11 source-bone projection corrective cannot clear contact while retaining source triangle orientation/10% area
targeted shape/contact patch Rectus abdominis muscle.l rot-right 12 source-bone projection corrective cannot clear contact while retaining source triangle orientation/10% area
targeted shape/contact patch Rectus abdominis muscle.l rot-right 13 source-bone projection corrective cannot clear contact while retaining source triangle orientation/10% area
targeted shape/contact patch Rectus abdominis muscle.l rot-right 14 source-bone projection corrective cannot clear contact while retaining source triangle orientation/10% area
targeted shape/contact patch Rectus abdominis muscle.l rot-right 15 source-bone projection corrective cannot clear contact while retaining source triangle orientation/10% area
targeted shape/contact patch Rectus abdominis muscle.l rot-right 16 source-bone projection corrective cannot clear contact while retaining source triangle orientation/10% area
surface rot-right 68 Third metacarpal bone.l
surface rot-right 69 Humerus.r
surface rot-right 70 Iliocostalis lumborum muscle.l
surface rot-right 71 Dorsal parts of lateral intertransversarii lumborum muscles.r
surface rot-right 72 Extensor indicis.l
surface rot-right 73 Ninth rib.l
surface rot-right 74 Posterior belly of digastric muscle.r
surface rot-right 75 Semispinalis colli muscle.r
surface rot-right 76 Sternothyroid muscle.r
surface rot-right 77 Pronator quadratus.r
surface rot-right 78 (Abdominal part of pectoralis major muscle).r
surface rot-right 79 Spinalis capitis muscle.r
surface rot-right 80 Middle phalanx of fourth finger of hand.r
surface rot-right 81 Humeral head of flexor carpi ulnaris.r
surface rot-right 82 Distal phalanx of second finger of hand.r
surface rot-right 83 Palmaris longus muscle.r
surface rot-right 84 Flexor pollicis longus.l
surface rot-right 85 Rotatores.r
surface rot-right 86 Subclavius muscle.r
surface rot-right 87 Pronator quadratus.l
surface rot-right 88 Internal intercostal muscles.l
surface rot-right 89 Proximal phalanx of second finger of hand.r
surface rot-right 90 Spinalis colli muscle.l
surface rot-right 91 Extensor carpi radialis longus.l
surface rot-right 92 Medial head of triceps brachii.l
surface rot-right 93 Longissimus colli muscle.r
surface rot-right 94 Superior pharyngeal constrictor.l
surface rot-right 95 Quadratus lumborum muscle.r
surface rot-right 96 Subclavius muscle.l
surface rot-right 97 Rectus lateralis capitis muscle.l
surface rot-right 98 Extensor pollicis longus.l
surface rot-right 99 Teres major muscle.l
surface rot-right 100 Brachialis muscle.r
surface rot-right 101 Fourth metacarpal bone.l
surface rot-right 102 Iliocostalis lumborum muscle.r
surface rot-right 103 Flexor carpi radialis.l
surface rot-right 104 Vertebra L1
surface rot-right 105 Scalenus medius muscle.l
surface rot-right 106 Interspinales colli muscles.r
surface rot-right 107 Quadratus lumborum muscle.l
surface rot-right 108 Xiphoid process
surface rot-right 109 Spinalis capitis muscle.l
surface rot-right 110 Middle phalanx of fifth finger of hand.r
surface rot-right 111 Ventral parts of lateral intertransversarii lumborum muscles.l
surface rot-right 112 Fifth metacarpal bone.r
surface rot-right 113 Rectus posterior major capitis muscle.l
surface rot-right 114 Vertebra L3
surface rot-right 115 Levatores breves costarum.r
surface rot-right 116 Supinator.l
surface rot-right 117 Lateral head of triceps brachii.l
surface rot-right 118 Extensor digitorum.r
surface rot-right 119 Distal phalanx of second finger of hand.l
surface rot-right 120 Manubrium of sternum
surface rot-right 121 Rectus posterior major capitis muscle.r
surface rot-right 122 Ary-epiglottic part of oblique arytenoid muscle.l
surface rot-right 123 Hamate bone.r
surface rot-right 124 Flexor pollicis longus.r
surface rot-right 125 Thyro-epiglottic part of thyro-arytenoid muscle.r
surface rot-right 126 Distal phalanx of fourth finger of hand.l
surface rot-right 127 Deep head of pronator teres.r
surface rot-right 128 Interspinales lumborum muscles.r
surface rot-right 129 Acromial part of deltoid muscle.r
surface rot-right 130 Vertebra T7
surface rot-right 131 Second rib.l
surface rot-right 132 Multifidus thoracis muscle.l
surface rot-right 133 First metacarpal bone.r
surface rot-right 134 Interspinales thoracis muscles.r
surface rot-right 135 Mylohyoid muscle.r
surface rot-right 136 Psoas major.r
surface rot-right 137 Serratus posterior superior muscle.r
surface rot-right 138 Scapula.r
surface rot-right 139 Ulnar head of flexor carpi ulnaris.r
surface rot-right 140 Vertebra T8
surface rot-right 141 Internal abdominal oblique muscle.l
targeted shape/contact patch Internal abdominal oblique muscle.l rot-right 6 source-bone projection corrective cannot clear contact while retaining source triangle orientation/10% area
surface rot-right 142 Deep head of pronator teres.l
surface rot-right 143 Longus colli muscle.l
surface rot-right 144 Extensor carpi radialis brevis.r
surface rot-right 145 Longissimus capitis muscle.r
surface rot-right 146 Posterior crico-arytenoid muscle.r
surface rot-right 147 Humerus.l
surface rot-right 148 Spinalis colli muscle.r
surface rot-right 149 External part of thyro-arytenoid muscle.r
surface rot-right 150 Teres minor muscle.l
surface rot-right 151 Multifidus colli muscle.l
surface rot-right 152 Serratus anterior muscle.r
surface rot-right 153 Fourth rib.r
surface rot-right 154 Transversus abdominis muscle.r
surface rot-right 155 Semispinalis thoracis muscle.r
surface rot-right 156 Fourth rib.l
surface rot-right 157 Teres minor muscle.r
surface rot-right 158 Vertebra T4
surface rot-right 159 Ventral parts of lateral intertransversarii lumborum muscles.r
surface rot-right 160 Distal phalanx of fourth finger of hand.r
surface rot-right 161 Clavicular head of pectoralis major muscle.r
surface rot-right 162 Levatores longi costarum.l
surface rot-right 163 Transverse part of trapezius muscle.l
surface rot-right 164 Innermost intercostal muscles.l
surface rot-right 165 Hip bone.r
surface rot-right 166 Anterior belly of digastric muscle.r
surface rot-right 167 Scaphoid bone.r
surface rot-right 168 Rectus posterior minor capitis muscle.r
surface rot-right 169 Fifth rib.l
surface rot-right 170 Vertebra T3
surface rot-right 171 Vertebra T1
surface rot-right 172 Second rib.r
surface rot-right 173 Platysma.l
surface rot-right 174 Medial head of triceps brachii.r
surface rot-right 175 Pectoralis minor muscle.r
surface rot-right 176 Vertebra C4
surface rot-right 177 Extensor carpi radialis longus.r
surface rot-right 178 Obliquus inferior capitis muscle.r
surface rot-right 179 Infraspinatus muscle.r
surface rot-right 180 Middle phalanx of third finger of hand.l
surface rot-right 181 Proximal phalanx of first finger of hand.l
surface rot-right 182 Splenius colli muscle.r
surface rot-right 183 Abductor pollicis longus.r
surface rot-right 184 Clavicular part of deltoid muscle.r
surface rot-right 185 Rotatores.l
surface rot-right 186 Rectus lateralis capitis muscle.r
surface rot-right 187 Distal phalanx of first finger of hand.l
surface rot-right 188 Distal phalanx of third finger of hand.r
surface rot-right 189 Hyoid bone
surface rot-right 190 Seventh rib.r
surface rot-right 191 Serratus posterior inferior muscle.r
targeted shape/contact patch Serratus posterior inferior muscle.r rot-right 16 source-bone projection corrective cannot clear contact while retaining source triangle orientation/10% area
surface rot-right 192 Brachioradialis muscle.l
surface rot-right 193 Longissimus thoracis muscle.l
surface rot-right 194 Lunate bone.r
surface rot-right 195 Distal phalanx of first finger of hand.r
surface rot-right 196 Obliquus superior capitis muscle.l
surface rot-right 197 Multifidus colli muscle.r
surface rot-right 198 External part of thyro-arytenoid muscle.l
surface rot-right 199 Obliquus inferior capitis muscle.l
surface rot-right 200 Infraspinatus muscle.l
surface rot-right 201 Rectus abdominis muscle.r
surface rot-right 202 Extensor pollicis brevis.r
surface rot-right 203 Descending part of trapezius muscle.r
surface rot-right 204 Ulnar head of extensor carpi ulnaris.l
surface rot-right 205 Levator scapulae.r
surface rot-right 206 Eleventh rib.l
surface rot-right 207 External intercostal muscles.r
surface rot-right 208 Fourth metacarpal bone.r
surface rot-right 209 Descending part of trapezius muscle.l
surface rot-right 210 Ascending part of trapezius muscle.r
surface rot-right 211 Sacrum
surface rot-right 212 Splenius colli muscle.l
surface rot-right 213 Triquetrum bone.r
surface rot-right 214 Clavicular head of pectoralis major muscle.l
surface rot-right 215 Coracobrachialis muscle.l
surface rot-right 216 Rhomboid major muscle.r
surface rot-right 217 Internal intercostal muscles.r
surface rot-right 218 Scalenus posterior muscle.r
surface rot-right 219 Extensor carpi radialis brevis.l
surface rot-right 220 Transversus abdominis muscle.l
surface rot-right 221 Ulnar head of extensor carpi ulnaris.r
surface rot-right 222 Scalenus medius muscle.r
surface rot-right 223 Ary-epiglottic part of oblique arytenoid muscle.r
surface rot-right 224 Obliquus superior capitis muscle.r
surface rot-right 225 Humeral head of extensor carpi ulnaris.r
surface rot-right 226 Twelfth rib.l
surface rot-right 227 Semispinalis colli muscle.l
surface rot-right 228 Transversus thoracis muscle.r
surface rot-right 229 Humero-ulnar head of flexor digitorum superficialis.l
surface rot-right 230 Vertebra T12
surface rot-right 231 Humeral head of extensor carpi ulnaris.l
surface rot-right 232 Oblique part of cricothyroid muscle.r
surface rot-right 233 Proximal phalanx of fifth finger of hand.r
surface rot-right 234 Transverse arytenoid muscle
surface rot-right 235 Proximal phalanx of first finger of hand.r
surface rot-right 236 Short head of biceps brachii.r
surface rot-right 237 Distal phalanx of third finger of hand.l
surface rot-right 238 First rib.l
surface rot-right 239 Superficial head of pronator teres.l
surface rot-right 240 Stylopharyngeus muscle.r
surface rot-right 241 Longus capitis muscle.r
surface rot-right 242 Subscapularis muscle.r
surface rot-right 243 Body of sternum
surface rot-right 244 Stylohyoid muscle.l
surface rot-right 245 Scaphoid bone.l
surface rot-right 246 Omohyoid muscle.r
surface rot-right 247 Trapezium bone.l
surface rot-right 248 Vertebra L4
surface rot-right 249 Axis (C2)
surface rot-right 250 Anconeus muscle.r
surface rot-right 251 Middle phalanx of fifth finger of hand.l
surface rot-right 252 Straight part of cricothyroid muscle.r
surface rot-right 253 Vertebra T2
surface rot-right 254 Ulna.l
surface rot-right 255 Short head of biceps brachii.l
surface rot-right 256 Middle phalanx of second finger of hand.l
surface rot-right 257 Transverse part of trapezius muscle.r
surface rot-right 258 Vertebra C7
surface rot-right 259 Humeral head of flexor carpi ulnaris.l
surface rot-right 260 Iliocostalis thoracis muscle.l
surface rot-right 261 Eighth rib.r
surface rot-right 262 Flexor digitorum profundus.l
surface rot-right 263 Pyramidalis muscle.l
surface rot-right 264 Vertebra T9
surface rot-right 265 Seventh rib.l
surface rot-right 266 Superficial head of pronator teres.r
surface rot-right 267 Proximal phalanx of fifth finger of hand.l
surface rot-right 268 Long head of biceps brachii.r
surface rot-right 269 Iliocostalis thoracis muscle.r
surface rot-right 270 Third rib.r
surface rot-right 271 Innermost intercostal muscles.r
surface rot-right 272 Platysma.r
surface rot-right 273 First metacarpal bone.l
surface rot-right 274 Vertebra C3
surface rot-right 275 Teres major muscle.r
surface rot-right 276 Rectus posterior minor capitis muscle.l
surface rot-right 277 Radius.r
surface rot-right 278 Rhomboid major muscle.l
surface rot-right 279 Thyrohyoid muscle.l
surface rot-right 280 Clavicle.r
surface rot-right 281 Omohyoid muscle.l
surface rot-right 282 Supinator.r
surface rot-right 283 Flexor digitorum profundus.r
surface rot-right 284 Internal abdominal oblique muscle.r
targeted shape/contact patch Internal abdominal oblique muscle.r rot-right 2 source-bone projection corrective cannot clear contact while retaining source triangle orientation/10% area
targeted shape/contact patch Internal abdominal oblique muscle.r rot-right 3 source-bone projection corrective cannot clear contact while retaining source triangle orientation/10% area
targeted shape/contact patch Internal abdominal oblique muscle.r rot-right 4 source-bone projection corrective cannot clear contact while retaining source triangle orientation/10% area
targeted shape/contact patch Internal abdominal oblique muscle.r rot-right 5 source-bone projection corrective cannot clear contact while retaining source triangle orientation/10% area
targeted shape/contact patch Internal abdominal oblique muscle.r rot-right 6 source-bone projection corrective cannot clear contact while retaining source triangle orientation/10% area
targeted shape/contact patch Internal abdominal oblique muscle.r rot-right 8 source-bone projection corrective cannot clear contact while retaining source triangle orientation/10% area
targeted shape/contact patch Internal abdominal oblique muscle.r rot-right 9 source-bone projection corrective cannot clear contact while retaining source triangle orientation/10% area
targeted shape/contact patch Internal abdominal oblique muscle.r rot-right 10 source-bone projection corrective cannot clear contact while retaining source triangle orientation/10% area
targeted shape/contact patch Internal abdominal oblique muscle.r rot-right 11 source-bone projection corrective cannot clear contact while retaining source triangle orientation/10% area
targeted shape/contact patch Internal abdominal oblique muscle.r rot-right 12 source-bone projection corrective cannot clear contact while retaining source triangle orientation/10% area
targeted shape/contact patch Internal abdominal oblique muscle.r rot-right 13 source-bone projection corrective cannot clear contact while retaining source triangle orientation/10% area
targeted shape/contact patch Internal abdominal oblique muscle.r rot-right 14 source-bone projection corrective cannot clear contact while retaining source triangle orientation/10% area
targeted shape/contact patch Internal abdominal oblique muscle.r rot-right 15 source-bone projection corrective cannot clear contact while retaining source triangle orientation/10% area
targeted shape/contact patch Internal abdominal oblique muscle.r rot-right 16 source-bone projection corrective cannot clear contact while retaining source triangle orientation/10% area
surface rot-right 285 Lateral head of triceps brachii.r
surface rot-right 286 Mylohyoid muscle.l
surface rot-right 287 Trapezium bone.r
surface rot-right 288 Inferior pharyngeal constrictor.r
surface rot-right 289 Proximal phalanx of fourth finger of hand.r
surface rot-right 290 Palmaris longus muscle.l
surface rot-right 291 Middle pharyngeal constrictor.l
surface rot-right 292 Posterior belly of digastric muscle.l
surface rot-right 293 Anterior belly of digastric muscle.l
surface rot-right 294 Abductor pollicis longus.l
surface rot-right 295 Vertebra C6
surface rot-right 296 Extensor pollicis brevis.l
surface rot-right 297 Capitate bone.l
surface rot-right 298 Second metacarpal bone.l
surface rot-right 299 Radial head of flexor digitorum superficialis.l
surface rot-right 300 Distal phalanx of fifth finger of hand.r
surface rot-right 301 Longus capitis muscle.l
surface rot-right 302 Eighth rib.l
surface rot-right 303 Coccyx
surface rot-right 304 Sternohyoid muscle.l
surface rot-right 305 Longus colli muscle.r
surface rot-right 306 Scapular spinal part of deltoid muscle.l
surface rot-right 307 Middle phalanx of second finger of hand.r
surface rot-right 308 Atlas (C1)
surface rot-right 309 External abdominal oblique muscle.l
surface rot-right 310 Superior pharyngeal constrictor.r
surface rot-right 311 Tenth rib.r
surface rot-right 312 Diaphragm
surface rot-right 313 Supraspinatus muscle.r
surface rot-right 314 Latissimus dorsi muscle.l
surface rot-right 315 Stylohyoid muscle.r
surface rot-right 316 Long head of triceps brachii.r
surface rot-right 317 Interspinales thoracis muscles.l
surface rot-right 318 Lateral crico-arytenoid muscle.r
surface rot-right 319 Ascending part of trapezius muscle.l
surface rot-right 320 Second metacarpal bone.r
surface rot-right 321 Pisiform bone.r
surface rot-right 322 Extensor digitorum.l
surface rot-right 323 Sternocostal head of pectoralis major muscle.l
surface rot-right 324 Supraspinatus muscle.l
surface rot-right 325 Rectus anterior capitis muscle.l
surface rot-right 326 Flexor carpi radialis.r
surface rot-right 327 Spinalis thoracis muscle.l
surface rot-right 328 Interspinales lumborum muscles.l
targeted shape/contact patch Interspinales lumborum muscles.l rot-right 7 source-bone projection corrective cannot clear contact while retaining source triangle orientation/10% area
targeted shape/contact patch Interspinales lumborum muscles.l rot-right 8 source-bone projection corrective cannot clear contact while retaining source triangle orientation/10% area
targeted shape/contact patch Interspinales lumborum muscles.l rot-right 9 source-bone projection corrective cannot clear contact while retaining source triangle orientation/10% area
targeted shape/contact patch Interspinales lumborum muscles.l rot-right 10 source-bone projection corrective cannot clear contact while retaining source triangle orientation/10% area
targeted shape/contact patch Interspinales lumborum muscles.l rot-right 11 source-bone projection corrective cannot clear contact while retaining source triangle orientation/10% area
targeted shape/contact patch Interspinales lumborum muscles.l rot-right 12 source-bone projection corrective cannot clear contact while retaining source triangle orientation/10% area
targeted shape/contact patch Interspinales lumborum muscles.l rot-right 13 source-bone projection corrective cannot clear contact while retaining source triangle orientation/10% area
targeted shape/contact patch Interspinales lumborum muscles.l rot-right 14 source-bone projection corrective cannot clear contact while retaining source triangle orientation/10% area
targeted shape/contact patch Interspinales lumborum muscles.l rot-right 15 source-bone projection corrective cannot clear contact while retaining source triangle orientation/10% area
targeted shape/contact patch Interspinales lumborum muscles.l rot-right 16 source-bone projection corrective cannot clear contact while retaining source triangle orientation/10% area
surface rot-right 329 Thyro-epiglottic part of thyro-arytenoid muscle.l
surface rot-right 330 Fifth rib.r
surface rot-right 331 Middle pharyngeal constrictor.r
surface rot-right 332 External abdominal oblique muscle.r
surface rot-right 333 Radial head of flexor digitorum superficialis.r
surface rot-right 334 Vertebra T10
surface rot-right 335 Vertebra T6
surface rot-right 336 Hip bone.l
surface rot-right 337 Clavicle.l
surface rot-right 338 Levatores longi costarum.r
surface rot-right 339 Middle phalanx of fourth finger of hand.l
surface rot-right 340 Levator scapulae.l
surface rot-right 341 Humero-ulnar head of flexor digitorum superficialis.r
surface rot-right 342 Scalenus anterior muscle.r
surface rot-right 343 Longissimus thoracis muscle.r
surface rot-right 344 Iliocostalis colli muscle
surface rot-right 345 Oblique part of cricothyroid muscle.l
surface rot-right 346 Proximal phalanx of fourth finger of hand.l
surface rot-right 347 Sixth rib.l
surface rot-right 348 Straight part of cricothyroid muscle.l
surface rot-right 349 Geniohyoid muscle.l
surface rot-right 350 Spinalis thoracis muscle.r
surface rot-right 351 Longissimus capitis muscle.l
surface rot-right 352 Sternothyroid muscle.l
surface rot-right 353 Sternohyoid muscle.r
surface rot-right 354 Scalenus posterior muscle.l
surface rot-right 355 Multifidus lumborum muscle.l
surface rot-right 356 Transversus thoracis muscle.l
surface rot-right 357 Scalenus anterior muscle.l
surface rot-right 358 Rhomboid minor muscle.l
surface rot-right 359 Splenius capitis muscle.l
surface rot-right 360 Multifidus thoracis muscle.r
surface rot-right 361 Stylopharyngeus muscle.l
surface rot-right 362 Longissimus colli muscle.l
surface rot-right 363 Eleventh rib.r
surface rot-right 364 Lateral crico-arytenoid muscle.l
rot-right Multifidus lumborum muscle.r True minarea 0.9252 contain 0
rot-right Dorsal parts of lateral intertransversarii lumborum muscles.l True minarea 0.1978 contain 0
rot-right Psoas major.l True minarea 0.8536 contain 0
rot-right Serratus posterior inferior muscle.l True minarea 0.8878 contain 0
rot-right Pyramidalis muscle.r True minarea 1.0 contain 0
rot-right Rectus abdominis muscle.l False minarea 0.2033 contain 8
rot-right Iliocostalis lumborum muscle.l True minarea 0.6068 contain 0
rot-right Dorsal parts of lateral intertransversarii lumborum muscles.r True minarea 0.7253 contain 0
rot-right Rotatores.r True minarea 0.886 contain 0
rot-right Quadratus lumborum muscle.r True minarea 0.8647 contain 0
rot-right Iliocostalis lumborum muscle.r True minarea 0.4064 contain 0
rot-right Quadratus lumborum muscle.l True minarea 0.4091 contain 0
rot-right Ventral parts of lateral intertransversarii lumborum muscles.l True minarea 0.9422 contain 0
rot-right Interspinales lumborum muscles.r True minarea 0.9268 contain 0
rot-right Psoas major.r True minarea 0.7998 contain 0
rot-right Internal abdominal oblique muscle.l False minarea 0.1783 contain 1
rot-right Transversus abdominis muscle.r False minarea 0.4168 contain 1
rot-right Ventral parts of lateral intertransversarii lumborum muscles.r True minarea 0.8059 contain 0
rot-right Rotatores.l True minarea 0.7359 contain 0
rot-right Serratus posterior inferior muscle.r True minarea 0.4707 contain 0
rot-right Longissimus thoracis muscle.l True minarea 0.566 contain 0
rot-right Rectus abdominis muscle.r True minarea 0.3648 contain 0
rot-right Transversus abdominis muscle.l False minarea 0.5588 contain 1
rot-right Pyramidalis muscle.l True minarea 1.0 contain 0
rot-right Internal abdominal oblique muscle.r False minarea 0.1036 contain 5
rot-right External abdominal oblique muscle.l False minarea 0.2985 contain 11
rot-right Spinalis thoracis muscle.l True minarea 0.3928 contain 0
rot-right Interspinales lumborum muscles.l True minarea 0.2423 contain 0
rot-right External abdominal oblique muscle.r False minarea 0.5942 contain 5
rot-right Longissimus thoracis muscle.r True minarea 0.7812 contain 0
rot-right Spinalis thoracis muscle.r True minarea 0.6942 contain 0
rot-right Multifidus lumborum muscle.l True minarea 0.6997 contain 0
Traceback (most recent call last):
  File "/Users/daniel/Downloads/SIM /HUMAN ATLAS/work/evidence/T66/priority-trunk-2026-10-05/author_trunk.py", line 154, in <module>
    row=next(r for r in qcpose['rows'] if r['sourceKey']==k);row.update(passed=qc['passed'],geometryQcPath=qpaths[k],geometryQcSha256=sha((R/qpaths[k]).read_bytes()));failures+=qc['contact']['failures'];next(r for r in metrics if r['sourceKey']==k).update(flips=qc['geometry']['flippedFaceSamples'],minimumAreaRatio=qc['geometry']['minimumAreaRatio'])
                           ^^^^^^^^^^^^^^^^^^^^^^^^^^^^^^^^^^^^^^^^^^^^^^^^^^^^^^^^^^^
RuntimeError: emitted geometry/contact failed rot-right
