author flex native surfaces 365
surface flex 0 Multifidus lumborum muscle.r
surface flex 1 Brachialis muscle.l
surface flex 2 Proximal phalanx of second finger of hand.l
surface flex 3 Twelfth rib.r
surface flex 4 Fifth metacarpal bone.l
surface flex 5 Vertebra T11
surface flex 6 Third metacarpal bone.r
surface flex 7 First rib.r
surface flex 8 Vertebra L5
surface flex 9 Long head of triceps brachii.l
surface flex 10 Occipital bone
surface flex 11 Levatores breves costarum.l
surface flex 12 (Abdominal part of pectoralis major muscle).l
surface flex 13 Proximal phalanx of third finger of hand.l
surface flex 14 Triquetrum bone.l
surface flex 15 Sternocleidomastoid muscle.l
surface flex 16 Hamate bone.l
surface flex 17 Interspinales colli muscles.l
surface flex 18 Serratus anterior muscle.l
surface flex 19 Vertebra L2
surface flex 20 Anconeus muscle.l
surface flex 21 Capitate bone.r
surface flex 22 Inferior pharyngeal constrictor.l
surface flex 23 Extensor pollicis longus.r
surface flex 24 Extensor digiti minimi.r
surface flex 25 Latissimus dorsi muscle.r
surface flex 26 Distal phalanx of fifth finger of hand.l
surface flex 27 Rhomboid minor muscle.r
surface flex 28 Semispinalis thoracis muscle.l
surface flex 29 Proximal phalanx of third finger of hand.r
surface flex 30 Vertebra C5
surface flex 31 Sternocleidomastoid muscle.r
surface flex 32 Dorsal parts of lateral intertransversarii lumborum muscles.l
surface flex 33 Splenius capitis muscle.r
surface flex 34 Ninth rib.r
surface flex 35 Geniohyoid muscle.r
surface flex 36 Sixth rib.r
surface flex 37 Pectoralis minor muscle.l
surface flex 38 External intercostal muscles.l
surface flex 39 Thyrohyoid muscle.r
surface flex 40 Radius.l
surface flex 41 Psoas major.l
surface flex 42 Extensor digiti minimi.l
surface flex 43 Subscapularis muscle.l
surface flex 44 Third rib.l
surface flex 45 Extensor indicis.r
surface flex 46 Serratus posterior inferior muscle.l
surface flex 47 Lunate bone.l
surface flex 48 Pisiform bone.l
surface flex 49 Scapula.l
surface flex 50 Pyramidalis muscle.r
surface flex 51 Clavicular part of deltoid muscle.l
surface flex 52 Ulna.r
surface flex 53 Ulnar head of flexor carpi ulnaris.l
surface flex 54 Brachioradialis muscle.r
surface flex 55 Serratus posterior superior muscle.l
surface flex 56 Tenth rib.l
surface flex 57 Acromial part of deltoid muscle.l
surface flex 58 Rectus anterior capitis muscle.r
surface flex 59 Scapular spinal part of deltoid muscle.r
surface flex 60 Sternocostal head of pectoralis major muscle.r
surface flex 61 Vertebra T5
surface flex 62 Middle phalanx of third finger of hand.r
surface flex 63 Coracobrachialis muscle.r
surface flex 64 Long head of biceps brachii.l
surface flex 65 Posterior crico-arytenoid muscle.l
surface flex 66 Iliocostalis colli muscle.r
surface flex 67 Rectus abdominis muscle.l
surface flex 68 Third metacarpal bone.l
surface flex 69 Humerus.r
surface flex 70 Iliocostalis lumborum muscle.l
surface flex 71 Dorsal parts of lateral intertransversarii lumborum muscles.r
surface flex 72 Extensor indicis.l
surface flex 73 Ninth rib.l
surface flex 74 Posterior belly of digastric muscle.r
surface flex 75 Semispinalis colli muscle.r
surface flex 76 Sternothyroid muscle.r
surface flex 77 Pronator quadratus.r
surface flex 78 (Abdominal part of pectoralis major muscle).r
surface flex 79 Spinalis capitis muscle.r
surface flex 80 Middle phalanx of fourth finger of hand.r
surface flex 81 Humeral head of flexor carpi ulnaris.r
surface flex 82 Distal phalanx of second finger of hand.r
surface flex 83 Palmaris longus muscle.r
surface flex 84 Flexor pollicis longus.l
surface flex 85 Rotatores.r
surface flex 86 Subclavius muscle.r
surface flex 87 Pronator quadratus.l
surface flex 88 Internal intercostal muscles.l
surface flex 89 Proximal phalanx of second finger of hand.r
surface flex 90 Spinalis colli muscle.l
surface flex 91 Extensor carpi radialis longus.l
surface flex 92 Medial head of triceps brachii.l
surface flex 93 Longissimus colli muscle.r
surface flex 94 Superior pharyngeal constrictor.l
surface flex 95 Quadratus lumborum muscle.r
surface flex 96 Subclavius muscle.l
surface flex 97 Rectus lateralis capitis muscle.l
surface flex 98 Extensor pollicis longus.l
surface flex 99 Teres major muscle.l
surface flex 100 Brachialis muscle.r
surface flex 101 Fourth metacarpal bone.l
surface flex 102 Iliocostalis lumborum muscle.r
surface flex 103 Flexor carpi radialis.l
surface flex 104 Vertebra L1
surface flex 105 Scalenus medius muscle.l
surface flex 106 Interspinales colli muscles.r
surface flex 107 Quadratus lumborum muscle.l
surface flex 108 Xiphoid process
surface flex 109 Spinalis capitis muscle.l
surface flex 110 Middle phalanx of fifth finger of hand.r
surface flex 111 Ventral parts of lateral intertransversarii lumborum muscles.l
surface flex 112 Fifth metacarpal bone.r
surface flex 113 Rectus posterior major capitis muscle.l
surface flex 114 Vertebra L3
surface flex 115 Levatores breves costarum.r
surface flex 116 Supinator.l
surface flex 117 Lateral head of triceps brachii.l
surface flex 118 Extensor digitorum.r
surface flex 119 Distal phalanx of second finger of hand.l
surface flex 120 Manubrium of sternum
surface flex 121 Rectus posterior major capitis muscle.r
surface flex 122 Ary-epiglottic part of oblique arytenoid muscle.l
surface flex 123 Hamate bone.r
surface flex 124 Flexor pollicis longus.r
surface flex 125 Thyro-epiglottic part of thyro-arytenoid muscle.r
surface flex 126 Distal phalanx of fourth finger of hand.l
surface flex 127 Deep head of pronator teres.r
surface flex 128 Interspinales lumborum muscles.r
surface flex 129 Acromial part of deltoid muscle.r
surface flex 130 Vertebra T7
surface flex 131 Second rib.l
surface flex 132 Multifidus thoracis muscle.l
surface flex 133 First metacarpal bone.r
surface flex 134 Interspinales thoracis muscles.r
surface flex 135 Mylohyoid muscle.r
surface flex 136 Psoas major.r
surface flex 137 Serratus posterior superior muscle.r
surface flex 138 Scapula.r
surface flex 139 Ulnar head of flexor carpi ulnaris.r
surface flex 140 Vertebra T8
surface flex 141 Internal abdominal oblique muscle.l
targeted shape/contact patch Internal abdominal oblique muscle.l flex 6 source-bone projection corrective cannot clear contact while retaining source triangle orientation/10% area
targeted shape/contact patch Internal abdominal oblique muscle.l flex 8 source-bone projection corrective cannot clear contact while retaining source triangle orientation/10% area
targeted shape/contact patch Internal abdominal oblique muscle.l flex 9 source-bone projection corrective cannot clear contact while retaining source triangle orientation/10% area
targeted shape/contact patch Internal abdominal oblique muscle.l flex 10 source-bone projection corrective cannot clear contact while retaining source triangle orientation/10% area
targeted shape/contact patch Internal abdominal oblique muscle.l flex 11 source-bone projection corrective cannot clear contact while retaining source triangle orientation/10% area
targeted shape/contact patch Internal abdominal oblique muscle.l flex 12 source-bone projection corrective cannot clear contact while retaining source triangle orientation/10% area
targeted shape/contact patch Internal abdominal oblique muscle.l flex 13 source-bone projection corrective cannot clear contact while retaining source triangle orientation/10% area
targeted shape/contact patch Internal abdominal oblique muscle.l flex 14 source-bone projection corrective cannot clear contact while retaining source triangle orientation/10% area
targeted shape/contact patch Internal abdominal oblique muscle.l flex 15 source-bone projection corrective cannot clear contact while retaining source triangle orientation/10% area
targeted shape/contact patch Internal abdominal oblique muscle.l flex 16 source-bone projection corrective cannot clear contact while retaining source triangle orientation/10% area
surface flex 142 Deep head of pronator teres.l
surface flex 143 Longus colli muscle.l
surface flex 144 Extensor carpi radialis brevis.r
surface flex 145 Longissimus capitis muscle.r
surface flex 146 Posterior crico-arytenoid muscle.r
surface flex 147 Humerus.l
surface flex 148 Spinalis colli muscle.r
surface flex 149 External part of thyro-arytenoid muscle.r
surface flex 150 Teres minor muscle.l
surface flex 151 Multifidus colli muscle.l
surface flex 152 Serratus anterior muscle.r
surface flex 153 Fourth rib.r
surface flex 154 Transversus abdominis muscle.r
surface flex 155 Semispinalis thoracis muscle.r
surface flex 156 Fourth rib.l
surface flex 157 Teres minor muscle.r
surface flex 158 Vertebra T4
surface flex 159 Ventral parts of lateral intertransversarii lumborum muscles.r
surface flex 160 Distal phalanx of fourth finger of hand.r
surface flex 161 Clavicular head of pectoralis major muscle.r
surface flex 162 Levatores longi costarum.l
surface flex 163 Transverse part of trapezius muscle.l
surface flex 164 Innermost intercostal muscles.l
surface flex 165 Hip bone.r
surface flex 166 Anterior belly of digastric muscle.r
surface flex 167 Scaphoid bone.r
surface flex 168 Rectus posterior minor capitis muscle.r
surface flex 169 Fifth rib.l
surface flex 170 Vertebra T3
surface flex 171 Vertebra T1
surface flex 172 Second rib.r
surface flex 173 Platysma.l
surface flex 174 Medial head of triceps brachii.r
surface flex 175 Pectoralis minor muscle.r
surface flex 176 Vertebra C4
surface flex 177 Extensor carpi radialis longus.r
surface flex 178 Obliquus inferior capitis muscle.r
surface flex 179 Infraspinatus muscle.r
surface flex 180 Middle phalanx of third finger of hand.l
surface flex 181 Proximal phalanx of first finger of hand.l
surface flex 182 Splenius colli muscle.r
surface flex 183 Abductor pollicis longus.r
surface flex 184 Clavicular part of deltoid muscle.r
surface flex 185 Rotatores.l
surface flex 186 Rectus lateralis capitis muscle.r
surface flex 187 Distal phalanx of first finger of hand.l
surface flex 188 Distal phalanx of third finger of hand.r
surface flex 189 Hyoid bone
surface flex 190 Seventh rib.r
surface flex 191 Serratus posterior inferior muscle.r
surface flex 192 Brachioradialis muscle.l
surface flex 193 Longissimus thoracis muscle.l
surface flex 194 Lunate bone.r
surface flex 195 Distal phalanx of first finger of hand.r
surface flex 196 Obliquus superior capitis muscle.l
surface flex 197 Multifidus colli muscle.r
surface flex 198 External part of thyro-arytenoid muscle.l
surface flex 199 Obliquus inferior capitis muscle.l
surface flex 200 Infraspinatus muscle.l
surface flex 201 Rectus abdominis muscle.r
surface flex 202 Extensor pollicis brevis.r
surface flex 203 Descending part of trapezius muscle.r
surface flex 204 Ulnar head of extensor carpi ulnaris.l
surface flex 205 Levator scapulae.r
surface flex 206 Eleventh rib.l
surface flex 207 External intercostal muscles.r
surface flex 208 Fourth metacarpal bone.r
surface flex 209 Descending part of trapezius muscle.l
surface flex 210 Ascending part of trapezius muscle.r
surface flex 211 Sacrum
surface flex 212 Splenius colli muscle.l
surface flex 213 Triquetrum bone.r
surface flex 214 Clavicular head of pectoralis major muscle.l
surface flex 215 Coracobrachialis muscle.l
surface flex 216 Rhomboid major muscle.r
surface flex 217 Internal intercostal muscles.r
surface flex 218 Scalenus posterior muscle.r
surface flex 219 Extensor carpi radialis brevis.l
surface flex 220 Transversus abdominis muscle.l
surface flex 221 Ulnar head of extensor carpi ulnaris.r
surface flex 222 Scalenus medius muscle.r
surface flex 223 Ary-epiglottic part of oblique arytenoid muscle.r
surface flex 224 Obliquus superior capitis muscle.r
surface flex 225 Humeral head of extensor carpi ulnaris.r
surface flex 226 Twelfth rib.l
surface flex 227 Semispinalis colli muscle.l
surface flex 228 Transversus thoracis muscle.r
surface flex 229 Humero-ulnar head of flexor digitorum superficialis.l
surface flex 230 Vertebra T12
surface flex 231 Humeral head of extensor carpi ulnaris.l
surface flex 232 Oblique part of cricothyroid muscle.r
surface flex 233 Proximal phalanx of fifth finger of hand.r
surface flex 234 Transverse arytenoid muscle
surface flex 235 Proximal phalanx of first finger of hand.r
surface flex 236 Short head of biceps brachii.r
surface flex 237 Distal phalanx of third finger of hand.l
surface flex 238 First rib.l
surface flex 239 Superficial head of pronator teres.l
surface flex 240 Stylopharyngeus muscle.r
surface flex 241 Longus capitis muscle.r
surface flex 242 Subscapularis muscle.r
surface flex 243 Body of sternum
surface flex 244 Stylohyoid muscle.l
surface flex 245 Scaphoid bone.l
surface flex 246 Omohyoid muscle.r
surface flex 247 Trapezium bone.l
surface flex 248 Vertebra L4
surface flex 249 Axis (C2)
surface flex 250 Anconeus muscle.r
surface flex 251 Middle phalanx of fifth finger of hand.l
surface flex 252 Straight part of cricothyroid muscle.r
surface flex 253 Vertebra T2
surface flex 254 Ulna.l
surface flex 255 Short head of biceps brachii.l
surface flex 256 Middle phalanx of second finger of hand.l
surface flex 257 Transverse part of trapezius muscle.r
surface flex 258 Vertebra C7
surface flex 259 Humeral head of flexor carpi ulnaris.l
surface flex 260 Iliocostalis thoracis muscle.l
surface flex 261 Eighth rib.r
surface flex 262 Flexor digitorum profundus.l
surface flex 263 Pyramidalis muscle.l
surface flex 264 Vertebra T9
surface flex 265 Seventh rib.l
surface flex 266 Superficial head of pronator teres.r
surface flex 267 Proximal phalanx of fifth finger of hand.l
surface flex 268 Long head of biceps brachii.r
surface flex 269 Iliocostalis thoracis muscle.r
surface flex 270 Third rib.r
surface flex 271 Innermost intercostal muscles.r
surface flex 272 Platysma.r
surface flex 273 First metacarpal bone.l
surface flex 274 Vertebra C3
surface flex 275 Teres major muscle.r
surface flex 276 Rectus posterior minor capitis muscle.l
surface flex 277 Radius.r
surface flex 278 Rhomboid major muscle.l
surface flex 279 Thyrohyoid muscle.l
surface flex 280 Clavicle.r
surface flex 281 Omohyoid muscle.l
surface flex 282 Supinator.r
surface flex 283 Flexor digitorum profundus.r
surface flex 284 Internal abdominal oblique muscle.r
targeted shape/contact patch Internal abdominal oblique muscle.r flex 6 source-bone projection corrective cannot clear contact while retaining source triangle orientation/10% area
targeted shape/contact patch Internal abdominal oblique muscle.r flex 8 source-bone projection corrective cannot clear contact while retaining source triangle orientation/10% area
targeted shape/contact patch Internal abdominal oblique muscle.r flex 9 source-bone projection corrective cannot clear contact while retaining source triangle orientation/10% area
targeted shape/contact patch Internal abdominal oblique muscle.r flex 10 source-bone projection corrective cannot clear contact while retaining source triangle orientation/10% area
targeted shape/contact patch Internal abdominal oblique muscle.r flex 11 source-bone projection corrective cannot clear contact while retaining source triangle orientation/10% area
targeted shape/contact patch Internal abdominal oblique muscle.r flex 12 source-bone projection corrective cannot clear contact while retaining source triangle orientation/10% area
targeted shape/contact patch Internal abdominal oblique muscle.r flex 13 source-bone projection corrective cannot clear contact while retaining source triangle orientation/10% area
targeted shape/contact patch Internal abdominal oblique muscle.r flex 14 source-bone projection corrective cannot clear contact while retaining source triangle orientation/10% area
targeted shape/contact patch Internal abdominal oblique muscle.r flex 15 source-bone projection corrective cannot clear contact while retaining source triangle orientation/10% area
targeted shape/contact patch Internal abdominal oblique muscle.r flex 16 source-bone projection corrective cannot clear contact while retaining source triangle orientation/10% area
surface flex 285 Lateral head of triceps brachii.r
surface flex 286 Mylohyoid muscle.l
surface flex 287 Trapezium bone.r
surface flex 288 Inferior pharyngeal constrictor.r
surface flex 289 Proximal phalanx of fourth finger of hand.r
surface flex 290 Palmaris longus muscle.l
surface flex 291 Middle pharyngeal constrictor.l
surface flex 292 Posterior belly of digastric muscle.l
surface flex 293 Anterior belly of digastric muscle.l
surface flex 294 Abductor pollicis longus.l
surface flex 295 Vertebra C6
surface flex 296 Extensor pollicis brevis.l
surface flex 297 Capitate bone.l
surface flex 298 Second metacarpal bone.l
surface flex 299 Radial head of flexor digitorum superficialis.l
surface flex 300 Distal phalanx of fifth finger of hand.r
surface flex 301 Longus capitis muscle.l
surface flex 302 Eighth rib.l
surface flex 303 Coccyx
surface flex 304 Sternohyoid muscle.l
surface flex 305 Longus colli muscle.r
surface flex 306 Scapular spinal part of deltoid muscle.l
surface flex 307 Middle phalanx of second finger of hand.r
surface flex 308 Atlas (C1)
surface flex 309 External abdominal oblique muscle.l
surface flex 310 Superior pharyngeal constrictor.r
surface flex 311 Tenth rib.r
surface flex 312 Diaphragm
surface flex 313 Supraspinatus muscle.r
surface flex 314 Latissimus dorsi muscle.l
surface flex 315 Stylohyoid muscle.r
surface flex 316 Long head of triceps brachii.r
surface flex 317 Interspinales thoracis muscles.l
surface flex 318 Lateral crico-arytenoid muscle.r
surface flex 319 Ascending part of trapezius muscle.l
surface flex 320 Second metacarpal bone.r
surface flex 321 Pisiform bone.r
surface flex 322 Extensor digitorum.l
surface flex 323 Sternocostal head of pectoralis major muscle.l
surface flex 324 Supraspinatus muscle.l
surface flex 325 Rectus anterior capitis muscle.l
surface flex 326 Flexor carpi radialis.r
surface flex 327 Spinalis thoracis muscle.l
surface flex 328 Interspinales lumborum muscles.l
surface flex 329 Thyro-epiglottic part of thyro-arytenoid muscle.l
surface flex 330 Fifth rib.r
surface flex 331 Middle pharyngeal constrictor.r
surface flex 332 External abdominal oblique muscle.r
surface flex 333 Radial head of flexor digitorum superficialis.r
surface flex 334 Vertebra T10
surface flex 335 Vertebra T6
surface flex 336 Hip bone.l
surface flex 337 Clavicle.l
surface flex 338 Levatores longi costarum.r
surface flex 339 Middle phalanx of fourth finger of hand.l
surface flex 340 Levator scapulae.l
surface flex 341 Humero-ulnar head of flexor digitorum superficialis.r
surface flex 342 Scalenus anterior muscle.r
surface flex 343 Longissimus thoracis muscle.r
surface flex 344 Iliocostalis colli muscle
surface flex 345 Oblique part of cricothyroid muscle.l
surface flex 346 Proximal phalanx of fourth finger of hand.l
surface flex 347 Sixth rib.l
surface flex 348 Straight part of cricothyroid muscle.l
surface flex 349 Geniohyoid muscle.l
surface flex 350 Spinalis thoracis muscle.r
surface flex 351 Longissimus capitis muscle.l
surface flex 352 Sternothyroid muscle.l
surface flex 353 Sternohyoid muscle.r
surface flex 354 Scalenus posterior muscle.l
surface flex 355 Multifidus lumborum muscle.l
surface flex 356 Transversus thoracis muscle.l
surface flex 357 Scalenus anterior muscle.l
surface flex 358 Rhomboid minor muscle.l
surface flex 359 Splenius capitis muscle.l
surface flex 360 Multifidus thoracis muscle.r
surface flex 361 Stylopharyngeus muscle.l
surface flex 362 Longissimus colli muscle.l
surface flex 363 Eleventh rib.r
surface flex 364 Lateral crico-arytenoid muscle.l
flex Multifidus lumborum muscle.r True minarea 0.8509 contain 0
flex Dorsal parts of lateral intertransversarii lumborum muscles.l True minarea 0.8105 contain 0
flex Psoas major.l True minarea 0.54 contain 0
flex Serratus posterior inferior muscle.l False minarea 0.7283 contain 1
flex Pyramidalis muscle.r True minarea 1.0 contain 0
flex Rectus abdominis muscle.l True minarea 0.3758 contain 0
flex Iliocostalis lumborum muscle.l True minarea 0.7933 contain 0
flex Dorsal parts of lateral intertransversarii lumborum muscles.r True minarea 0.8105 contain 0
flex Rotatores.r True minarea 0.6634 contain 0
flex Quadratus lumborum muscle.r True minarea 0.7097 contain 0
flex Iliocostalis lumborum muscle.r True minarea 0.7933 contain 0
flex Quadratus lumborum muscle.l True minarea 0.7097 contain 0
flex Ventral parts of lateral intertransversarii lumborum muscles.l True minarea 0.905 contain 0
flex Interspinales lumborum muscles.r False minarea 0.6175 contain 1
flex Psoas major.r False minarea 0.6104 contain 1
flex Internal abdominal oblique muscle.l False minarea 0.1021 contain 2
flex Transversus abdominis muscle.r True minarea 0.1675 contain 0
flex Ventral parts of lateral intertransversarii lumborum muscles.r True minarea 0.905 contain 0
flex Rotatores.l True minarea 0.6634 contain 0
flex Serratus posterior inferior muscle.r True minarea 0.7283 contain 0
flex Longissimus thoracis muscle.l False minarea 0.4302 contain 1
flex Rectus abdominis muscle.r True minarea 0.3758 contain 0
flex Transversus abdominis muscle.l True minarea 0.1675 contain 0
flex Pyramidalis muscle.l True minarea 1.0 contain 0
flex Internal abdominal oblique muscle.r False minarea 0.1021 contain 2
flex External abdominal oblique muscle.l True minarea 0.2986 contain 0
flex Spinalis thoracis muscle.l True minarea 0.8807 contain 0
flex Interspinales lumborum muscles.l False minarea 0.6418 contain 1
flex External abdominal oblique muscle.r True minarea 0.2986 contain 0
flex Longissimus thoracis muscle.r True minarea 0.4302 contain 0
flex Spinalis thoracis muscle.r True minarea 0.8807 contain 0
flex Multifidus lumborum muscle.l True minarea 0.8509 contain 0
Traceback (most recent call last):
  File "/Users/daniel/Downloads/SIM /HUMAN ATLAS/work/evidence/T66/priority-trunk-2026-10-05/author_trunk.py", line 153, in <module>
    if not qcpose['passed']:raise RuntimeError('emitted geometry/contact failed '+kind)
                            ^^^^^^^^^^^^^^^^^^^^^^^^^^^^^^^^^^^^^^^^^^^^^^^^^^^^^^^^^^^
RuntimeError: emitted geometry/contact failed flex
