rot-left targeted failures ['Internal abdominal oblique muscle.l', 'Transversus abdominis muscle.r', 'Rectus abdominis muscle.r', 'Transversus abdominis muscle.l', 'Internal abdominal oblique muscle.r', 'External abdominal oblique muscle.r']
rot-left Multifidus lumborum muscle.r True 0
rot-left Dorsal parts of lateral intertransversarii lumborum muscles.l True 0
rot-left Psoas major.l True 0
rot-left Serratus posterior inferior muscle.l True 0
rot-left Pyramidalis muscle.r True 0
rot-left Rectus abdominis muscle.l True 0
rot-left Iliocostalis lumborum muscle.l True 0
rot-left Dorsal parts of lateral intertransversarii lumborum muscles.r True 0
rot-left Rotatores.r True 0
rot-left Quadratus lumborum muscle.r True 0
rot-left Iliocostalis lumborum muscle.r True 0
rot-left Quadratus lumborum muscle.l True 0
rot-left Ventral parts of lateral intertransversarii lumborum muscles.l True 0
rot-left Interspinales lumborum muscles.r True 0
rot-left Psoas major.r True 0
rot-left Internal abdominal oblique muscle.l False 2
rot-left Transversus abdominis muscle.r True 0
rot-left Ventral parts of lateral intertransversarii lumborum muscles.r True 0
rot-left Rotatores.l True 0
rot-left Serratus posterior inferior muscle.r True 0
rot-left Longissimus thoracis muscle.l True 0
rot-left Rectus abdominis muscle.r True 0
rot-left Transversus abdominis muscle.l True 0
rot-left Pyramidalis muscle.l True 0
rot-left Internal abdominal oblique muscle.r False 5
rot-left External abdominal oblique muscle.l True 0
rot-left Spinalis thoracis muscle.l True 0
rot-left Interspinales lumborum muscles.l True 0
rot-left External abdominal oblique muscle.r True 0
rot-left Longissimus thoracis muscle.r True 0
rot-left Spinalis thoracis muscle.r True 0
rot-left Multifidus lumborum muscle.l True 0
Traceback (most recent call last):
  File "/Users/daniel/Downloads/SIM /HUMAN ATLAS/work/evidence/T66/priority-trunk-2026-10-05/reauthor_failed_surfaces.py", line 105, in <module>
    assert pose['passed'],'targeted emitted repair remains incomplete'
           ~~~~^^^^^^^^^^
AssertionError: targeted emitted repair remains incomplete
