rot-right targeted failures ['Rectus abdominis muscle.l', 'Internal abdominal oblique muscle.l', 'Transversus abdominis muscle.r', 'Transversus abdominis muscle.l', 'Internal abdominal oblique muscle.r', 'External abdominal oblique muscle.l', 'External abdominal oblique muscle.r']
rot-right Multifidus lumborum muscle.r True 0
rot-right Dorsal parts of lateral intertransversarii lumborum muscles.l True 0
rot-right Psoas major.l True 0
rot-right Serratus posterior inferior muscle.l True 0
rot-right Pyramidalis muscle.r True 0
rot-right Rectus abdominis muscle.l False 7
rot-right Iliocostalis lumborum muscle.l True 0
rot-right Dorsal parts of lateral intertransversarii lumborum muscles.r True 0
rot-right Rotatores.r True 0
rot-right Quadratus lumborum muscle.r True 0
rot-right Iliocostalis lumborum muscle.r True 0
rot-right Quadratus lumborum muscle.l True 0
rot-right Ventral parts of lateral intertransversarii lumborum muscles.l True 0
rot-right Interspinales lumborum muscles.r True 0
rot-right Psoas major.r True 0
rot-right Internal abdominal oblique muscle.l False 1
rot-right Transversus abdominis muscle.r True 0
rot-right Ventral parts of lateral intertransversarii lumborum muscles.r True 0
rot-right Rotatores.l True 0
rot-right Serratus posterior inferior muscle.r True 0
rot-right Longissimus thoracis muscle.l True 0
rot-right Rectus abdominis muscle.r True 0
rot-right Transversus abdominis muscle.l False 1
rot-right Pyramidalis muscle.l True 0
rot-right Internal abdominal oblique muscle.r False 5
rot-right External abdominal oblique muscle.l False 5
rot-right Spinalis thoracis muscle.l True 0
rot-right Interspinales lumborum muscles.l True 0
rot-right External abdominal oblique muscle.r False 5
rot-right Longissimus thoracis muscle.r True 0
rot-right Spinalis thoracis muscle.r True 0
rot-right Multifidus lumborum muscle.l True 0
Traceback (most recent call last):
  File "/Users/daniel/Downloads/SIM /HUMAN ATLAS/work/evidence/T66/priority-trunk-2026-10-05/repair_interpolation.py", line 55, in <module>
    assert pose['passed'],'targeted emitted repair remains incomplete'
           ~~~~^^^^^^^^^^
AssertionError: targeted emitted repair remains incomplete
