author flex native surfaces 365
surface flex 0 Multifidus lumborum muscle.r
surface flex 1 Brachialis muscle.l
surface flex 2 Proximal phalanx of second finger of hand.l
surface flex 3 Twelfth rib.r
surface flex 4 Fifth metacarpal bone.l
surface flex 5 Vertebra T11
surface flex 6 Third metacarpal bone.r
surface flex 7 First rib.r
surface flex 8 Vertebra L5
surface flex 9 Long head of triceps brachii.l
surface flex 10 Occipital bone
surface flex 11 Levatores breves costarum.l
surface flex 12 (Abdominal part of pectoralis major muscle).l
surface flex 13 Proximal phalanx of third finger of hand.l
surface flex 14 Triquetrum bone.l
surface flex 15 Sternocleidomastoid muscle.l
surface flex 16 Hamate bone.l
surface flex 17 Interspinales colli muscles.l
surface flex 18 Serratus anterior muscle.l
surface flex 19 Vertebra L2
surface flex 20 Anconeus muscle.l
surface flex 21 Capitate bone.r
surface flex 22 Inferior pharyngeal constrictor.l
surface flex 23 Extensor pollicis longus.r
surface flex 24 Extensor digiti minimi.r
surface flex 25 Latissimus dorsi muscle.r
surface flex 26 Distal phalanx of fifth finger of hand.l
surface flex 27 Rhomboid minor muscle.r
surface flex 28 Semispinalis thoracis muscle.l
surface flex 29 Proximal phalanx of third finger of hand.r
surface flex 30 Vertebra C5
surface flex 31 Sternocleidomastoid muscle.r
surface flex 32 Dorsal parts of lateral intertransversarii lumborum muscles.l
surface flex 33 Splenius capitis muscle.r
surface flex 34 Ninth rib.r
surface flex 35 Geniohyoid muscle.r
surface flex 36 Sixth rib.r
surface flex 37 Pectoralis minor muscle.l
surface flex 38 External intercostal muscles.l
surface flex 39 Thyrohyoid muscle.r
surface flex 40 Radius.l
surface flex 41 Psoas major.l
surface flex 42 Extensor digiti minimi.l
surface flex 43 Subscapularis muscle.l
surface flex 44 Third rib.l
surface flex 45 Extensor indicis.r
surface flex 46 Serratus posterior inferior muscle.l
surface flex 47 Lunate bone.l
surface flex 48 Pisiform bone.l
surface flex 49 Scapula.l
surface flex 50 Pyramidalis muscle.r
surface flex 51 Clavicular part of deltoid muscle.l
surface flex 52 Ulna.r
surface flex 53 Ulnar head of flexor carpi ulnaris.l
surface flex 54 Brachioradialis muscle.r
surface flex 55 Serratus posterior superior muscle.l
surface flex 56 Tenth rib.l
surface flex 57 Acromial part of deltoid muscle.l
surface flex 58 Rectus anterior capitis muscle.r
surface flex 59 Scapular spinal part of deltoid muscle.r
surface flex 60 Sternocostal head of pectoralis major muscle.r
surface flex 61 Vertebra T5
surface flex 62 Middle phalanx of third finger of hand.r
surface flex 63 Coracobrachialis muscle.r
surface flex 64 Long head of biceps brachii.l
surface flex 65 Posterior crico-arytenoid muscle.l
surface flex 66 Iliocostalis colli muscle.r
surface flex 67 Rectus abdominis muscle.l
surface flex 68 Third metacarpal bone.l
surface flex 69 Humerus.r
surface flex 70 Iliocostalis lumborum muscle.l
surface flex 71 Dorsal parts of lateral intertransversarii lumborum muscles.r
surface flex 72 Extensor indicis.l
surface flex 73 Ninth rib.l
surface flex 74 Posterior belly of digastric muscle.r
surface flex 75 Semispinalis colli muscle.r
surface flex 76 Sternothyroid muscle.r
surface flex 77 Pronator quadratus.r
surface flex 78 (Abdominal part of pectoralis major muscle).r
surface flex 79 Spinalis capitis muscle.r
surface flex 80 Middle phalanx of fourth finger of hand.r
surface flex 81 Humeral head of flexor carpi ulnaris.r
surface flex 82 Distal phalanx of second finger of hand.r
surface flex 83 Palmaris longus muscle.r
surface flex 84 Flexor pollicis longus.l
surface flex 85 Rotatores.r
surface flex 86 Subclavius muscle.r
surface flex 87 Pronator quadratus.l
surface flex 88 Internal intercostal muscles.l
surface flex 89 Proximal phalanx of second finger of hand.r
surface flex 90 Spinalis colli muscle.l
surface flex 91 Extensor carpi radialis longus.l
surface flex 92 Medial head of triceps brachii.l
surface flex 93 Longissimus colli muscle.r
surface flex 94 Superior pharyngeal constrictor.l
surface flex 95 Quadratus lumborum muscle.r
surface flex 96 Subclavius muscle.l
surface flex 97 Rectus lateralis capitis muscle.l
surface flex 98 Extensor pollicis longus.l
surface flex 99 Teres major muscle.l
surface flex 100 Brachialis muscle.r
surface flex 101 Fourth metacarpal bone.l
surface flex 102 Iliocostalis lumborum muscle.r
surface flex 103 Flexor carpi radialis.l
surface flex 104 Vertebra L1
surface flex 105 Scalenus medius muscle.l
surface flex 106 Interspinales colli muscles.r
surface flex 107 Quadratus lumborum muscle.l
surface flex 108 Xiphoid process
surface flex 109 Spinalis capitis muscle.l
surface flex 110 Middle phalanx of fifth finger of hand.r
surface flex 111 Ventral parts of lateral intertransversarii lumborum muscles.l
surface flex 112 Fifth metacarpal bone.r
surface flex 113 Rectus posterior major capitis muscle.l
surface flex 114 Vertebra L3
surface flex 115 Levatores breves costarum.r
surface flex 116 Supinator.l
surface flex 117 Lateral head of triceps brachii.l
surface flex 118 Extensor digitorum.r
surface flex 119 Distal phalanx of second finger of hand.l
surface flex 120 Manubrium of sternum
surface flex 121 Rectus posterior major capitis muscle.r
surface flex 122 Ary-epiglottic part of oblique arytenoid muscle.l
surface flex 123 Hamate bone.r
surface flex 124 Flexor pollicis longus.r
surface flex 125 Thyro-epiglottic part of thyro-arytenoid muscle.r
surface flex 126 Distal phalanx of fourth finger of hand.l
surface flex 127 Deep head of pronator teres.r
surface flex 128 Interspinales lumborum muscles.r
surface flex 129 Acromial part of deltoid muscle.r
surface flex 130 Vertebra T7
surface flex 131 Second rib.l
surface flex 132 Multifidus thoracis muscle.l
surface flex 133 First metacarpal bone.r
surface flex 134 Interspinales thoracis muscles.r
surface flex 135 Mylohyoid muscle.r
surface flex 136 Psoas major.r
surface flex 137 Serratus posterior superior muscle.r
surface flex 138 Scapula.r
surface flex 139 Ulnar head of flexor carpi ulnaris.r
surface flex 140 Vertebra T8
surface flex 141 Internal abdominal oblique muscle.l
Traceback (most recent call last):
  File "/Users/daniel/Downloads/SIM /HUMAN ATLAS/work/evidence/T66/priority-trunk-2026-10-05/author_trunk.py", line 118, in <module>
    try:poses[step],c=source_bone_projection_corrective(poses[step],w,tri,contacts,set(fixed),[g for g in groups if not set(g)&set(fixed)],margin_metres=.00001)
                      ^^^^^^^^^^^^^^^^^^^^^^^^^^^^^^^^^^^^^^^^^^^^^^^^^^^^^^^^^^^^^^^^^^^^^^^^^^^^^^^^^^^^^^^^^^^^^^^^^^^^^^^^^^^^^^^^^^^^^^^^^^^^^^^^^^^^^^^^^^
  File "/Users/daniel/Downloads/SIM /HUMAN ATLAS/work/tools/t66_contact_correctives.py", line 163, in source_bone_projection_corrective
    raise ValueError('source-bone projection corrective cannot clear contact while retaining source triangle orientation/10% area')
ValueError: source-bone projection corrective cannot clear contact while retaining source triangle orientation/10% area

During handling of the above exception, another exception occurred:

Traceback (most recent call last):
  File "/Users/daniel/Downloads/SIM /HUMAN ATLAS/work/evidence/T66/priority-trunk-2026-10-05/author_trunk.py", line 119, in <module>
    except ValueError as e:raise RuntimeError(src[k]['name']+' '+kind+' key '+str(step)+': '+str(e))
                           ^^^^^^^^^^^^^^^^^^^^^^^^^^^^^^^^^^^^^^^^^^^^^^^^^^^^^^^^^^^^^^^^^^^^^^^^^
RuntimeError: Internal abdominal oblique muscle.l flex key 6: source-bone projection corrective cannot clear contact while retaining source triangle orientation/10% area
