{
  "muscle": {
    "localEligibleSourceSurfaces": 472,
    "nativeSearchGroups": 237,
    "originTextSurfaces": 461,
    "insertionTextSurfaces": 461,
    "actionOrPostureTextSurfaces": 142,
    "reachablePlayableSurfaces": 134,
    "reachableSourceOptionBindings": 332,
    "actualMuscleActionSurfaces": 38,
    "actualMuscleActionBindings": 56,
    "postureOrBoneObservationBindings": 276,
    "uniqueRegisteredGlbs": 71,
    "oneDirectionPoseControlBindings": 328,
    "independentNormalJointDofCount": null,
    "normalDofCountNote": "Teaching single-direction controls are not independent normal anatomical DOFs.",
    "withoutPlayableSurfaces": 338
  },
  "bone": {
    "localEligibleSourceSurfaces": 213,
    "nativeSearchGroups": 126,
    "originTextSurfaces": 0,
    "insertionTextSurfaces": 0,
    "actionOrPostureTextSurfaces": 166,
    "reachablePlayableSurfaces": 166,
    "reachableSourceOptionBindings": 1581,
    "actualMuscleActionSurfaces": 0,
    "actualMuscleActionBindings": 0,
    "postureOrBoneObservationBindings": 1581,
    "uniqueRegisteredGlbs": 57,
    "oneDirectionPoseControlBindings": 1567,
    "independentNormalJointDofCount": null,
    "normalDofCountNote": "Teaching single-direction controls are not independent normal anatomical DOFs.",
    "withoutPlayableSurfaces": 47,
    "sourceRoles": {
      "moving": 133,
      "fixed": 97,
      "note": "Moving/fixed roles can coexist in different demonstrations; they are not disjoint anatomical classifications."
    }
  },
  "nerve": {
    "localEligibleSourceSurfaces": 195,
    "nativeLabelGroups": 98,
    "independentAnatomicalConceptCount": null,
    "observedModelContextRows": 88,
    "documentedOrReusedCourseRows": 10,
    "documentedCourseNames": [
      "Axillary nerve",
      "Common fibular nerve",
      "Deep branch of radial nerve",
      "Deep fibular nerve",
      "Dorsal scapular nerve",
      "Lateral femoral cutaneous nerve",
      "Median nerve",
      "Superficial fibular nerve",
      "Posterior femoral cutaneous nerve",
      "Intercostal nerves"
    ],
    "olderImplementationLedgerCourseRows": 8,
    "currentHashVerifiedAdditionalCourseRows": 2,
    "entrapmentTextSupportedRows": 5,
    "entrapmentTextUnsupportedRows": 93,
    "staticGeometrySourceSurfaces": 195,
    "dynamicPoseSurfaces": 0,
    "entrapmentCoordinateBindings": 0,
    "geometryMotorRelations": 2,
    "motorRelationRows": 18,
    "note": "Native label groups and relationship rows are not independent nerve concepts; generic missing-evidence messages are not supported course/entrapment text."
  }
}
