✔ selected source role requires exact key and side (0.289208ms)
✔ learner explanations distinguish fixed bone, moving bone, and passive muscle (0.124583ms)
✔ GLTFLoader import keeps hierarchy, skin attributes, named node bindings and original clip tracks (6.790625ms)
✔ illustrative path remains a distinct unskinned representation (0.770166ms)
✔ bone motion plus illustrative path uses separate node and path bindings (1.675542ms)
THREE.GLTFLoader: Missing min/max properties for accessor POSITION.
THREE.GLTFLoader: Missing min/max properties for accessor POSITION.
✔ T59 source-bound morph keeps the exact source node in the full scene and rejects whole-muscle transform tracks (1.616833ms)
✔ frame, unit and source hash mismatch fail closed without rescaling (0.249542ms)
✔ missing node binding and clip mismatch are rejected (0.82725ms)
✔ import bundle disposes shared geometry, material and texture once and is idempotent (0.502083ms)
✔ disposal helper deduplicates resources shared across independent roots (0.094208ms)
✔ off-scene rig and path bindings are rejected while the active single scene still loads (0.967458ms)
✔ off-scene skin joints and clip targets cannot accompany the returned active scene (0.9365ms)
✔ external buffer and image URI are rejected before GLTFLoader can resolve them (0.424375ms)
✔ unit-02 actual GLBs preserve exact bilateral hip/knee source frame, passive muscle deformation, patella motion and fixed structures (68.669ms)
ℹ tests 14
ℹ suites 0
ℹ pass 14
ℹ fail 0
ℹ cancelled 0
ℹ skipped 0
ℹ todo 0
ℹ duration_ms 179.667208
