vite v8.3.1 building client environment for production...
transforming...
✓ 59 modules transformed.
rendering chunks...
computing gzip size...
dist/index.html                                                                                 0.58 kB │ gzip:   0.37 kB
dist/atlas-data/assets/motion/t24-right-tibialis-anterior/ankle-dorsiflexion.glb               88.16 kB
dist/atlas-data/assets/motion/t66-wrist-flexion-right/motion.glb                              591.62 kB
dist/atlas-data/assets/motion/t66-wrist-flexion-left/motion.glb                               594.26 kB
dist/atlas-data/assets/motion/t59-za-right-ankle/motion.glb                                 1,092.16 kB
dist/atlas-data/assets/motion/t66-unit02-knee-flexion-left/motion.glb                       1,364.32 kB
dist/atlas-data/assets/motion/t66-unit02-knee-flexion-right/motion.glb                      1,364.89 kB
dist/atlas-data/assets/motion/t66-unit01-shoulder-flexion-right-source-frame-r4/motion.glb  1,518.56 kB
dist/atlas-data/assets/motion/t66-unit01-shoulder-flexion-left-source-frame-r4/motion.glb   1,519.78 kB
dist/atlas-data/assets/motion/t66-shoulder-external-rotation-right/motion.glb               2,027.30 kB
dist/atlas-data/assets/motion/t66-shoulder-external-rotation-left/motion.glb                2,028.63 kB
dist/atlas-data/assets/motion/t66-unit01-elbow-flexion-right-source-frame-r4/motion.glb     2,100.25 kB
dist/atlas-data/assets/motion/t66-unit01-elbow-flexion-left-source-frame-r4/motion.glb      2,100.76 kB
dist/atlas-data/assets/motion/t66-hip-abduction-left/motion.glb                             2,192.05 kB
dist/atlas-data/assets/motion/t66-hip-abduction-right/motion.glb                            2,192.98 kB
dist/atlas-data/assets/motion/t66-unit02-hip-flexion-left/motion.glb                        2,193.06 kB
dist/atlas-data/assets/motion/t66-unit02-hip-flexion-right/motion.glb                       2,193.88 kB
dist/assets/index-UUYMvEqZ.css                                                                  0.74 kB │ gzip:   0.44 kB
dist/assets/App-C8Mkk1HF.css                                                                   40.27 kB │ gzip:   8.45 kB
dist/assets/index-Cx04z6Rk.js                                                                 222.37 kB │ gzip:  69.95 kB
dist/assets/App-jE8ts7WK.js                                                                 2,787.38 kB │ gzip: 387.53 kB

✓ built in 241ms
[plugin builtin:vite-reporter]
(!) Some chunks are larger than 500 kB after minification. Consider:
- Using dynamic import() to code-split the application
- Use build.rolldownOptions.output.codeSplitting to improve chunking: https://rolldown.rs/reference/OutputOptions.codeSplitting
- Adjust chunk size limit for this warning via build.chunkSizeWarningLimit.
