✔ source-only context never becomes selectable (0.337292ms)
✔ supplements require explicit opt-in, stay unbound (0.047959ms)
✔ held identity cannot be revealed through layer/opt-in (0.037542ms)
✔ region/layer demand excludes unrelated geometry (0.036667ms)
✔ T95 overlapping region union keeps one asset visible and empty filters mean whole body (0.058ms)
✔ reject conflicting duplicate IDs and source-only binding promotion (0.200834ms)
✔ late parse after cancellation is disposed; same-id new demand can recover (3.3985ms)
✔ failure retains successful resources; explicit retry only failed asset (1.50975ms)
✔ dispose releases completed and late resources exactly once (1.389917ms)
✔ isolation never promotes source-only or held nodes and respects layer switches (0.117ms)
✔ selected transparency preserves eligibility and selection; hide only hides the selected eligible asset (0.052458ms)
✔ v2 local display is independent from learner binding, rights and review holds (0.130334ms)
✔ persistent source hiding survives a different selection and reset cannot bypass policy (0.04575ms)
ℹ tests 13
ℹ suites 0
ℹ pass 13
ℹ fail 0
ℹ cancelled 0
ℹ skipped 0
ℹ todo 0
ℹ duration_ms 58.84425
