✔ the six pilot calf action cards have field-linked citations and no authoring status (0.853208ms)
✔ unassigned concepts do not receive inferred action cards (0.043417ms)
✔ learner motion options retain six authored rows and keep the T24 candidate unplayable (1.231459ms)
✔ learner motion runtime excludes raw evidence and exposes no unavailable production clip (93.909375ms)
✔ the T24 text candidate keeps its right-side scope while its clip remains unavailable (0.585375ms)
✔ unsupported function content has a clear learner message and stays separate from clip state (0.139417ms)
✔ learner action copy omits source-scope disclosure while preserving underlying source claim (0.363667ms)
✔ origin and insertion learner text hides source disclosures while retaining the original evidence projection (0.306416ms)
✔ conflicted attachment claims project only the short learner notice (0.054875ms)
✔ legacy structure summaries remain visible without adding evidence disclosures (0.08825ms)
✔ T81 projects existing attachment evidence only to exact source surfaces and keeps conflicts short (0.679458ms)
✔ T81 covers every supported source muscle while keeping workbook and nerve fields non-claim data separate (0.784709ms)
✔ a selected muscle's verified action wins over an earlier playable surrounding pose (0.307458ms)
✔ observation wording is cleaned without expanding a partial or initial movement range (0.139666ms)
✔ the action library excludes contextual poses and unavailable actions and retains exact sides (0.304708ms)
✔ production bundle retains original motions and registers unit-01 bilateral flexion observations (1.018083ms)
✔ text can be present while there is no compatible motion clip (0.161833ms)
✔ learner card motion linking requires an explicit action key and compatible side (0.06975ms)
✔ clip capability requires exact static scene, side, frame, reference pose, and rig-node binding (0.119417ms)
✔ runtime session is resettable state and exposes no persisted content/review fields (0.059625ms)
✔ learner text projection omits authoring IDs, JSON, task codes, and review states (0.10325ms)
✔ learner action projection translates roles and unspecified contraction into plain Korean (0.08075ms)
✔ source-only action and clip resolve by exact sourceKey without creating a canonical subject (0.193917ms)
✔ a muscle action can be selected without loading or autoplaying a clip (0.587875ms)
✔ a fake clock advances clip time at selected playback speed and clamps at the end (0.26775ms)
✔ action and region changes invalidate late loads and clear emphasis (0.10075ms)
✔ load errors stop playback and clear selected structure emphasis (0.064958ms)
✔ reduced motion prevents play and keeps a loaded clip at its initial pose (0.581792ms)
✔ progress seeks are clamped and pose reset is independent from speed and camera state (0.047375ms)
✔ pause keeps the sampled pose and can resume without returning to rest (0.050208ms)
✔ stale errors and malformed duration cannot replace a newer session (0.042125ms)
✔ reset while loading invalidates the pending response (0.059542ms)
✔ hiding the page cancels a pending load and clears active playback emphasis (0.101166ms)
✔ T66 wave-1 normalized selectors project through the shared source-motion contract (20.665833ms)
✔ T66 wave-1 sampled GLBs replay exact muscle morph and midline bone motion, then return to rest (15.255042ms)
✔ wave-1 action intent needs exact writer review; cited local spine morphs stay observation (7.583208ms)
✔ single RAF loop updates speed without making a second chain and ignores late callbacks (1.2725ms)
✔ repeating playback wraps continuously and reset restores the rest pose (1.901834ms)
✔ T22 adapter scene is driven by one mixer clock; pose reset does not reset camera (0.290667ms)
✔ same-scene playback uses the host clock, creates no RAF chain, and leaves resource disposal to the host (0.135125ms)
✔ clip end clamps at the final pose and cancels its RAF chain (0.127875ms)
✔ missing clip fails closed and releases the imported scene (0.171292ms)
✔ one-toggle gesture reverses at its endpoint and eases to exact rest on the same clock (0.1485ms)
✔ return cancellation and disposal cannot invoke a stale rest callback (0.091208ms)
✔ an action cycle has a faster neutral return, preserves poses and uses one clock (0.129625ms)
✔ regional skeletons: cervical, thoracic and lumbar cores plus explicit principal-attachment context, never the entire spine (106.886542ms)
✔ context cannot override layer-off, hidden or held geometry, and does not reframe the region to a complete femur (87.322875ms)
✔ same-side context bones retain regional card/history routes, unrelated bones cannot enter them (39.742417ms)
✔ nerve observation respects all six static-pose, hidden, layer and muscle-selection gates (2.664417ms)
ℹ tests 49
ℹ suites 0
ℹ pass 49
ℹ fail 0
ℹ cancelled 0
ℹ skipped 0
ℹ todo 0
ℹ duration_ms 510.032583
