✔ the six pilot calf action cards have field-linked citations and no authoring status (0.808375ms)
✔ unassigned concepts do not receive inferred action cards (0.044375ms)
✔ learner motion options retain six authored rows and keep the T24 candidate unplayable (1.094542ms)
✔ learner motion runtime excludes raw evidence and exposes no unavailable production clip (85.708ms)
✔ the T24 text candidate keeps its right-side scope while its clip remains unavailable (0.446167ms)
✔ unsupported function content has a clear learner message and stays separate from clip state (0.0895ms)
✔ learner action copy omits source-scope disclosure while preserving underlying source claim (0.134875ms)
✔ origin and insertion learner text hides source disclosures while retaining the original evidence projection (0.204292ms)
✔ conflicted attachment claims project only the short learner notice (0.068542ms)
✔ legacy structure summaries remain visible without adding evidence disclosures (0.091ms)
✔ T81 projects existing attachment evidence only to exact source surfaces and keeps conflicts short (0.623667ms)
✔ T81 covers every supported source muscle while keeping workbook and nerve fields non-claim data separate (0.726917ms)
✔ a selected muscle's verified action wins over an earlier playable surrounding pose (1.003083ms)
✔ observation wording is cleaned without expanding a partial or initial movement range (0.305459ms)
✔ the action library excludes contextual poses and unavailable actions and retains exact sides (1.291416ms)
✔ action emphasis fades smoothly during reset without treating a held pose as activation (0.304916ms)
✔ production bundle retains original motions and registers unit-01 bilateral flexion observations (1.325458ms)
✔ text can be present while there is no compatible motion clip (0.214458ms)
✔ learner card motion linking requires an explicit action key and compatible side (0.077208ms)
✔ clip capability requires exact static scene, side, frame, reference pose, and rig-node binding (0.118416ms)
✔ runtime session is resettable state and exposes no persisted content/review fields (0.068125ms)
✔ learner text projection omits authoring IDs, JSON, task codes, and review states (0.10075ms)
✔ learner action projection translates roles and unspecified contraction into plain Korean (0.0805ms)
✔ source-only action and clip resolve by exact sourceKey without creating a canonical subject (0.192458ms)
✔ a muscle action can be selected without loading or autoplaying a clip (0.557083ms)
✔ a fake clock advances clip time at selected playback speed and clamps at the end (1.858958ms)
✔ action and region changes invalidate late loads and clear emphasis (0.278917ms)
✔ load errors stop playback and clear selected structure emphasis (0.77ms)
✔ reduced motion prevents play and keeps a loaded clip at its initial pose (0.173125ms)
✔ progress seeks are clamped and pose reset is independent from speed and camera state (0.086959ms)
✔ pause keeps the sampled pose and can resume without returning to rest (0.093917ms)
✔ stale errors and malformed duration cannot replace a newer session (0.082833ms)
✔ reset while loading invalidates the pending response (0.104625ms)
✔ hiding the page cancels a pending load and clears active playback emphasis (0.178417ms)
✔ the renderer loop stays playing at exact endpoints and return/scrub cannot restart it (0.14475ms)
✔ T66 wave-1 normalized selectors project through the shared source-motion contract (24.002042ms)
✔ T66 wave-1 sampled GLBs replay exact muscle morph and midline bone motion, then return to rest (16.512958ms)
✔ wave-1 action intent needs exact writer review; cited local spine morphs stay observation (8.924042ms)
✔ single RAF loop updates speed without making a second chain and ignores late callbacks (0.666167ms)
✔ repeating playback wraps continuously and reset restores the rest pose (1.081834ms)
✔ T22 adapter scene is driven by one mixer clock; pose reset does not reset camera (0.232166ms)
✔ same-scene playback uses the host clock, creates no RAF chain, and leaves resource disposal to the host (0.12475ms)
✔ clip end clamps at the final pose and cancels its RAF chain (0.135084ms)
✔ missing clip fails closed and releases the imported scene (0.171875ms)
✔ one-toggle gesture reverses at its endpoint and eases to exact rest on the same clock (0.178708ms)
✔ return cancellation and disposal cannot invoke a stale rest callback (0.087791ms)
✔ an action cycle has a faster neutral return, preserves poses and uses one clock (0.131917ms)
✔ regional skeletons: cervical, thoracic and lumbar cores plus explicit principal-attachment context, never the entire spine (116.766333ms)
✔ context cannot override layer-off, hidden or held geometry, and does not reframe the region to a complete femur (88.970041ms)
✔ same-side context bones retain regional card/history routes, unrelated bones cannot enter them (40.173417ms)
✔ nerve observation respects all six static-pose, hidden, layer and muscle-selection gates (3.97575ms)
ℹ tests 51
ℹ suites 0
ℹ pass 51
ℹ fail 0
ℹ cancelled 0
ℹ skipped 0
ℹ todo 0
ℹ duration_ms 559.9615
