{
  "inputFilesChecked": 39,
  "missingBaselineInputs": [],
  "changedBaselineInputs": [
    "work/STATUS.md",
    "work/task-registry-r15.json",
    "atlas-data/tools/build_bodyparts3d_r4_t102.py",
    "atlas-data/tools/extract_bodyparts3d_r4_selected_zip_members.py"
  ],
  "unexpectedBaselineInputChanges": [],
  "protectedHistoricalInputCount": 85,
  "protectedHistoricalInputsUnchanged": true,
  "openSimModels": {
    "headBefore": "d9b05d470b1a481c222372c85b75772faf8f7792",
    "headAfter": "d9b05d470b1a481c222372c85b75772faf8f7792",
    "statusBefore": "",
    "statusAfter": "",
    "unchanged": true
  },
  "result": "pass"
}
