✔ the frozen nerve source inventory remains 195 surfaces and 98 display-label groups (0.407042ms)
✔ native nerve labels have explicit evidence states without converting unlinked to absent (0.134041ms)
✔ motor relationship ledger preserves exact geometry and literature concept scope separately (0.498292ms)
✔ same-side exact relation filtering and exact native-name fallback are deterministic (0.112083ms)
✔ nerve cards include only action text or true muscle-action options, never posture-only context (0.049333ms)
✔ learner-facing text carries no internal evidence IDs and preserves held review and rights (0.517584ms)
✔ acceptance is exact source/asset/hash and never promotes passive selectors (13.665541ms)
✔ four native source-action outcomes retain actual buffers and separate anatomy states (15.102ms)
✔ rectus knee extension is reverse from preparation and retains complete native context (23.806042ms)
✔ priority action contexts contain every supported native leg and foot muscle on the subject side (19.326917ms)
✔ actual hip context loads bounded passive morphs and rejects unverified or excessive corrections (141.647708ms)
✔ twelve native parts/sides have emitted shortening, fixed attachment context and exact action selection (8.993916ms)
✔ actual six unique shoulder packages load the whole context and retain source rights/review restrictions (115.963958ms)
✔ bilateral trunk flexion actions bind exact native surfaces and state external-oblique cooperation (5.797667ms)
✔ one shared trunk family loads intact native skeletal and passive-muscle context (168.990333ms)
ℹ tests 15
ℹ suites 0
ℹ pass 15
ℹ fail 0
ℹ cancelled 0
ℹ skipped 0
ℹ todo 0
ℹ duration_ms 730.504292
