✔ 960 preserved instances, separate kinds, no rights/binding promotions (4.415042ms)
✔ reject changed unit, duplicate instance, missing LOD, hold promotion and oversized chunk (113.0855ms)
✔ all-detail demand retains every surface and stays within triangles and bytes (3.30075ms)
✔ LRU evicts oldest unwanted only; twenty cycles stay bounded and release once (112.512625ms)
✔ late cancelled decode is released; re-demand can subsequently load same key (17.703083ms)
✔ oversized load fails once without retry loop, disposal cancels pending (4.851334ms)
✔ neck framing retains cervical bones and neck muscles without the full cross-regional rotator group (0.879209ms)
✔ invisible unregistered supplement cannot change default camera framing; explicit eligible inspection stays independent (0.233667ms)
✔ whole-source overlay retains records and independent release/review status (19.55825ms)
✔ common projection preserves learner/search/selection fields and strips the developer evidence ledger (31.418292ms)
✔ common search and stable routes match the full validated ledger across names, sides and all regions (115.340375ms)
✔ runtime projection fails closed on stale inputs, policy drift, forbidden fields and incomplete identity (36.702625ms)
✔ historical non-approval, public hold and human review do not block evidenced local rendering (0.105959ms)
✔ revision, duplicate/missing keys, local decision mismatch and invented binding fail closed (83.498125ms)
✔ all three names search a source pair and regional filters use union (8.555375ms)
✔ T100 B01 maps ten exact skull targets to fourteen existing source surfaces with field provenance (31.524625ms)
✔ T100 B01 evidence refs and direct crosswalk proof fail closed when altered (26.568792ms)
✔ T100 ordinal-composed modern-only names accept field-scoped evidence without inventing legacy or Latin fields (38.827625ms)
✔ T100 B02 classifies ten exact vertebral/variant targets and links only nineteen verified source members (2.531208ms)
✔ T100 B02 rejects unsupported segment/member relations and target-name evidence without provenance (33.975833ms)
✔ T100 B03 adds only ten terminology dispositions and 45 exact lumbar, ordinary-rib and carpal class members (5.739958ms)
✔ T100 B03 rejects wrong sides, parents, member keys, unsupported variants and missing field provenance (83.577334ms)
✔ T100 B04 records hand-bone members without leaking internal target terminology to learner search (1.916583ms)
✔ T100 B04 rejects the fifth distal data-name conflict and wrong side/member evidence (82.479791ms)
✔ T100 B05 records ten pelvis/knee/foot targets and exact existing class members without search leakage (5.00875ms)
✔ T100 B bulk exact group terms and ordinal compositions preserve semantic scope and field-level holds (3.077917ms)
✔ T100 B05 rejects wrong laterality, foot part, member key, and parent (79.031167ms)
✔ T100 bounded source relations preserve unknown sides independently of a declared-side route (1.109334ms)
✔ T100 parallel integration rejects wrong foot level and non-exact laryngeal synonym or context (70.631958ms)
✔ both scapulae belong to arm context and sacrum to lumbar context (0.167583ms)
✔ accessories remain retained without masquerading as muscle/bone (0.157625ms)
✔ stable source route roundtrips, old bound HA route resolves side, invalid/filtered keys stay unselected (0.230667ms)
✔ T100 semantic continuation groups the 226 unnamed surfaces without side duplicates and keeps unresolved identities held (1.395041ms)
✔ T100 exact direct target links add typed source selection without changing canonical bindings or release holds (3.579667ms)
✔ T100 target membership continuation adds only evidenced member routes and keeps the frozen denominator partial (198.888458ms)
✔ opaque learner concept links resolve a selected side and fail closed when a bilateral side is omitted (0.602042ms)
✔ composed Korean phalanx and named carpal terms search to one source concept (1.767792ms)
✔ contextual names cover visible surfaces without exposing judgment records or promoting holds (14.330833ms)
✔ pending source crosswalks and child routes require bounded proofs and preserve historical links (110.855125ms)
✔ complete parent prefix finds both biceps heads and anatomical deltoid aliases retain their distinct parts (3.852916ms)
✔ trunk observation zoom increases actual projected displacement without changing source motion or angles (426.749875ms)
✔ a literature concept context displays only same-side eligible muscle, without changing exact nerve bindings (1.238791ms)
✔ concept highlights cannot bypass layer, hidden, isolation, static pose or selected nerve region (0.225917ms)
✔ all six original Curve surfaces: pinned files, topology, finite positions/normals, index bounds and pair symmetry (377.906166ms)
✔ geometry promotion rejects missing frame proof, wrong pose and fabricated side (263.561125ms)
✔ shared presentation gates layers/pose/region/hidden before motor highlights, preserves existing source routes (283.27875ms)
✔ regional skeletons: cervical, thoracic and lumbar cores plus explicit principal-attachment context, never the entire spine (244.538667ms)
✔ context cannot override layer-off, hidden or held geometry, and does not reframe the region to a complete femur (134.020625ms)
✔ same-side context bones retain regional card/history routes, unrelated bones cannot enter them (59.849958ms)
✔ nerve observation respects all six static-pose, hidden, layer and muscle-selection gates (2.9755ms)
✔ cached BP3D supplement composes into the existing mixed-frame dataset without changing frozen denominators (9.622542ms)
✔ supplement rejects unverified frame, identity, rights, bindings, and transfer budget (40.350958ms)
✔ composite manifest rejects a bad mixed-coordinate declaration and duplicate source keys (54.454417ms)
✔ supplement relations create opaque target/member routes from exact frozen evidence without HA bindings (19.393625ms)
✔ registered same-bone display alternatives suppress only their ZA counterpart on selected source routes (85.136667ms)
✔ transparent observation picks native subpixel surfaces within one pixel; normal depth picking and far misses still pick context (4.335625ms)
✔ T66 all native nerve resources retain finite unit-normal topology, source side, frame, rights and bounded native overview (3313.933292ms)
✔ T66 typed bones share the validated clip and cannot accept a muscle, wrong side or nonmoving primary binding (263.517125ms)
✔ T95 product context adds left scapula membership without editing source or duplicating nodes (1.683084ms)
✔ T95 context overlay rejects source identity, laterality, region, policy, and duplicate drift (0.512334ms)
✔ source-only context never becomes selectable (0.409542ms)
✔ supplements require explicit opt-in, stay unbound (0.131625ms)
✔ held identity cannot be revealed through layer/opt-in (0.086541ms)
✔ region/layer demand excludes unrelated geometry (0.082875ms)
✔ T95 overlapping region union keeps one asset visible and empty filters mean whole body (0.127833ms)
✔ reject conflicting duplicate IDs and source-only binding promotion (0.448208ms)
✔ late parse after cancellation is disposed; same-id new demand can recover (3.988959ms)
✔ failure retains successful resources; explicit retry only failed asset (2.830625ms)
✔ dispose releases completed and late resources exactly once (1.704167ms)
✔ isolation never promotes source-only or held nodes and respects layer switches (0.344208ms)
✔ selected transparency preserves eligibility and selection; hide only hides the selected eligible asset (0.359209ms)
✔ v2 local display is independent from learner binding, rights and review holds (0.363625ms)
✔ persistent source hiding survives a different selection and reset cannot bypass policy (0.1165ms)
ℹ tests 73
ℹ suites 0
ℹ pass 73
ℹ fail 0
ℹ cancelled 0
ℹ skipped 0
ℹ todo 0
ℹ duration_ms 3822.891333
Current compiled dataset contracts/dependencies/content hashes verified: 46 chunks. Historical plan/document freezes are tested separately.

$ node --experimental-strip-types --test src/viewer/wholeBody/wholeBody.test.ts src/viewer/wholeBody/productContext.test.ts src/viewer/datasets/*.test.ts && node --experimental-strip-types scripts/verifyCompiledDatasets.ts
