✔ 960 preserved instances, separate kinds, no rights/binding promotions (2.060417ms)
✔ reject changed unit, duplicate instance, missing LOD, hold promotion and oversized chunk (86.301667ms)
✔ all-detail demand retains every surface and stays within triangles and bytes (2.271458ms)
✔ LRU evicts oldest unwanted only; twenty cycles stay bounded and release once (110.65425ms)
✔ late cancelled decode is released; re-demand can subsequently load same key (17.814875ms)
✔ oversized load fails once without retry loop, disposal cancels pending (5.122083ms)
✔ neck framing retains cervical bones and neck muscles without the full cross-regional rotator group (1.163958ms)
✔ invisible unregistered supplement cannot change default camera framing; explicit eligible inspection stays independent (0.190709ms)
✔ whole-source overlay retains records and independent release/review status (14.772ms)
✔ common projection preserves learner/search/selection fields and strips the developer evidence ledger (53.668875ms)
✔ common search and stable routes match the full validated ledger across names, sides and all regions (123.293167ms)
✔ runtime projection fails closed on stale inputs, policy drift, forbidden fields and incomplete identity (39.005584ms)
✔ historical non-approval, public hold and human review do not block evidenced local rendering (0.188375ms)
✔ revision, duplicate/missing keys, local decision mismatch and invented binding fail closed (94.415666ms)
✔ all three names search a source pair and regional filters use union (8.381833ms)
✔ T100 B01 maps ten exact skull targets to fourteen existing source surfaces with field provenance (35.117333ms)
✔ T100 B01 evidence refs and direct crosswalk proof fail closed when altered (26.624625ms)
✔ T100 ordinal-composed modern-only names accept field-scoped evidence without inventing legacy or Latin fields (38.1345ms)
✔ T100 B02 classifies ten exact vertebral/variant targets and links only nineteen verified source members (2.510167ms)
✔ T100 B02 rejects unsupported segment/member relations and target-name evidence without provenance (33.19125ms)
✔ T100 B03 adds only ten terminology dispositions and 45 exact lumbar, ordinary-rib and carpal class members (5.677875ms)
✔ T100 B03 rejects wrong sides, parents, member keys, unsupported variants and missing field provenance (83.866041ms)
✔ T100 B04 records hand-bone members without leaking internal target terminology to learner search (2.01125ms)
✔ T100 B04 rejects the fifth distal data-name conflict and wrong side/member evidence (85.255208ms)
✔ T100 B05 records ten pelvis/knee/foot targets and exact existing class members without search leakage (4.2585ms)
✔ T100 B bulk exact group terms and ordinal compositions preserve semantic scope and field-level holds (2.866125ms)
✔ T100 B05 rejects wrong laterality, foot part, member key, and parent (87.790208ms)
✔ T100 bounded source relations preserve unknown sides independently of a declared-side route (1.395834ms)
✔ T100 parallel integration rejects wrong foot level and non-exact laryngeal synonym or context (81.328542ms)
✔ both scapulae belong to arm context and sacrum to lumbar context (0.200041ms)
✔ accessories remain retained without masquerading as muscle/bone (0.314375ms)
✔ stable source route roundtrips, old bound HA route resolves side, invalid/filtered keys stay unselected (0.282542ms)
✔ T100 semantic continuation groups the 226 unnamed surfaces without side duplicates and keeps unresolved identities held (1.775792ms)
✔ T100 exact direct target links add typed source selection without changing canonical bindings or release holds (4.013417ms)
✔ T100 target membership continuation adds only evidenced member routes and keeps the frozen denominator partial (202.164875ms)
✔ opaque learner concept links resolve a selected side and fail closed when a bilateral side is omitted (0.623041ms)
✔ composed Korean phalanx and named carpal terms search to one source concept (1.5195ms)
✔ contextual names cover visible surfaces without exposing judgment records or promoting holds (14.426042ms)
✔ pending source crosswalks and child routes require bounded proofs and preserve historical links (108.580333ms)
✔ complete parent prefix finds both biceps heads and anatomical deltoid aliases retain their distinct parts (1.59475ms)
✖ trunk observation zoom increases actual projected displacement without changing source motion or angles (399.069542ms)
✔ a literature concept context displays only same-side eligible muscle, without changing exact nerve bindings (1.396459ms)
✔ concept highlights cannot bypass layer, hidden, isolation, static pose or selected nerve region (0.241333ms)
✔ all six original Curve surfaces: pinned files, topology, finite positions/normals, index bounds and pair symmetry (396.953417ms)
✔ geometry promotion rejects missing frame proof, wrong pose and fabricated side (269.518334ms)
✔ shared presentation gates layers/pose/region/hidden before motor highlights, preserves existing source routes (295.93675ms)
✔ regional skeletons: cervical, thoracic and lumbar cores plus explicit principal-attachment context, never the entire spine (244.39325ms)
✔ context cannot override layer-off, hidden or held geometry, and does not reframe the region to a complete femur (150.057ms)
✔ same-side context bones retain regional card/history routes, unrelated bones cannot enter them (55.201584ms)
✔ nerve observation respects all six static-pose, hidden, layer and muscle-selection gates (3.404209ms)
✔ cached BP3D supplement composes into the existing mixed-frame dataset without changing frozen denominators (6.30075ms)
✔ supplement rejects unverified frame, identity, rights, bindings, and transfer budget (48.313042ms)
✔ composite manifest rejects a bad mixed-coordinate declaration and duplicate source keys (55.686ms)
✔ supplement relations create opaque target/member routes from exact frozen evidence without HA bindings (11.326375ms)
✔ registered same-bone display alternatives suppress only their ZA counterpart on selected source routes (91.648792ms)
✔ transparent observation picks native subpixel surfaces within one pixel; normal depth picking and far misses still pick context (5.534708ms)
✔ T66 all native nerve resources retain finite unit-normal topology, source side, frame, rights and bounded native overview (3421.383ms)
✔ T66 typed bones share the validated clip and cannot accept a muscle, wrong side or nonmoving primary binding (292.333833ms)
✔ T95 product context adds left scapula membership without editing source or duplicating nodes (0.836625ms)
✔ T95 context overlay rejects source identity, laterality, region, policy, and duplicate drift (0.246459ms)
✔ source-only context never becomes selectable (0.737708ms)
✔ supplements require explicit opt-in, stay unbound (0.098292ms)
✔ held identity cannot be revealed through layer/opt-in (0.076875ms)
✔ region/layer demand excludes unrelated geometry (0.076ms)
✔ T95 overlapping region union keeps one asset visible and empty filters mean whole body (0.123375ms)
✔ reject conflicting duplicate IDs and source-only binding promotion (0.4275ms)
✔ late parse after cancellation is disposed; same-id new demand can recover (5.212709ms)
✔ failure retains successful resources; explicit retry only failed asset (2.870292ms)
✔ dispose releases completed and late resources exactly once (1.583167ms)
✔ isolation never promotes source-only or held nodes and respects layer switches (0.222708ms)
✔ selected transparency preserves eligibility and selection; hide only hides the selected eligible asset (0.079375ms)
✔ v2 local display is independent from learner binding, rights and review holds (0.148667ms)
✔ persistent source hiding survives a different selection and reset cannot bypass policy (0.052416ms)
ℹ tests 73
ℹ suites 0
ℹ pass 72
ℹ fail 1
ℹ cancelled 0
ℹ skipped 0
ℹ todo 0
ℹ duration_ms 3916.5385

✖ failing tests:

test at src/viewer/datasets/motionObservationZoom.test.ts:7:1
✖ trunk observation zoom increases actual projected displacement without changing source motion or angles (399.069542ms)
  AssertionError [ERR_ASSERTION]: Expected values to be strictly equal:
  + actual - expected

  + '25276210ed3dcd9622dd2afcd5016638f213e6401a1636572bf6a39e65edbdf9'
  - '4e22dd7ea9b15da758f54e5323e84157549acd3acf156ce31ed6edd43436e738'

      at TestContext.<anonymous> (file:///Users/daniel/Downloads/SIM%20/HUMAN%20ATLAS/atlas-web/src/viewer/datasets/motionObservationZoom.test.ts:19:12)
      at Test.runInAsyncScope (node:async_hooks:227:14)
      at Test.run (node:internal/test_runner/test:1382:25)
      at Test.start (node:internal/test_runner/test:1242:17)
      at startSubtestAfterBootstrap (node:internal/test_runner/harness:387:17) {
    generatedMessage: true,
    code: 'ERR_ASSERTION',
    actual: '25276210ed3dcd9622dd2afcd5016638f213e6401a1636572bf6a39e65edbdf9',
    expected: '4e22dd7ea9b15da758f54e5323e84157549acd3acf156ce31ed6edd43436e738',
    operator: 'strictEqual',
    diff: 'simple'
  }
[ELIFECYCLE] Command failed with exit code 1.

$ node --experimental-strip-types --test src/viewer/wholeBody/wholeBody.test.ts src/viewer/wholeBody/productContext.test.ts src/viewer/datasets/*.test.ts && node --experimental-strip-types scripts/verifyCompiledDatasets.ts
