✔ 960 preserved instances, separate kinds, no rights/binding promotions (2.720209ms)
✔ reject changed unit, duplicate instance, missing LOD, hold promotion and oversized chunk (74.464958ms)
✔ all-detail demand retains every surface and stays within triangles and bytes (2.972958ms)
✔ LRU evicts oldest unwanted only; twenty cycles stay bounded and release once (111.55475ms)
✔ late cancelled decode is released; re-demand can subsequently load same key (18.275458ms)
✔ oversized load fails once without retry loop, disposal cancels pending (5.97325ms)
✔ neck framing retains cervical bones and neck muscles without the full cross-regional rotator group (0.54475ms)
✔ invisible unregistered supplement cannot change default camera framing; explicit eligible inspection stays independent (0.097834ms)
✔ whole-source overlay retains records and independent release/review status (17.51675ms)
✔ common projection preserves learner/search/selection fields and strips the developer evidence ledger (37.507542ms)
✔ common search and stable routes match the full validated ledger across names, sides and all regions (110.235ms)
✔ runtime projection fails closed on stale inputs, policy drift, forbidden fields and incomplete identity (35.628667ms)
✔ historical non-approval, public hold and human review do not block evidenced local rendering (0.107375ms)
✔ revision, duplicate/missing keys, local decision mismatch and invented binding fail closed (72.605292ms)
✔ all three names search a source pair and regional filters use union (8.404125ms)
✔ T100 B01 maps ten exact skull targets to fourteen existing source surfaces with field provenance (30.790916ms)
✔ T100 B01 evidence refs and direct crosswalk proof fail closed when altered (26.426667ms)
✔ T100 ordinal-composed modern-only names accept field-scoped evidence without inventing legacy or Latin fields (37.911041ms)
✔ T100 B02 classifies ten exact vertebral/variant targets and links only nineteen verified source members (2.4635ms)
✔ T100 B02 rejects unsupported segment/member relations and target-name evidence without provenance (32.749208ms)
✔ T100 B03 adds only ten terminology dispositions and 45 exact lumbar, ordinary-rib and carpal class members (5.55975ms)
✔ T100 B03 rejects wrong sides, parents, member keys, unsupported variants and missing field provenance (85.909292ms)
✔ T100 B04 records hand-bone members without leaking internal target terminology to learner search (1.872083ms)
✔ T100 B04 rejects the fifth distal data-name conflict and wrong side/member evidence (83.972292ms)
✔ T100 B05 records ten pelvis/knee/foot targets and exact existing class members without search leakage (4.961167ms)
✔ T100 B bulk exact group terms and ordinal compositions preserve semantic scope and field-level holds (3.064ms)
✔ T100 B05 rejects wrong laterality, foot part, member key, and parent (77.661125ms)
✔ T100 bounded source relations preserve unknown sides independently of a declared-side route (1.137833ms)
✔ T100 parallel integration rejects wrong foot level and non-exact laryngeal synonym or context (70.092458ms)
✔ both scapulae belong to arm context and sacrum to lumbar context (0.169125ms)
✔ accessories remain retained without masquerading as muscle/bone (0.156958ms)
✔ stable source route roundtrips, old bound HA route resolves side, invalid/filtered keys stay unselected (0.220417ms)
✔ T100 semantic continuation groups the 226 unnamed surfaces without side duplicates and keeps unresolved identities held (1.357459ms)
✔ T100 exact direct target links add typed source selection without changing canonical bindings or release holds (3.641791ms)
✔ T100 target membership continuation adds only evidenced member routes and keeps the frozen denominator partial (201.658958ms)
✔ opaque learner concept links resolve a selected side and fail closed when a bilateral side is omitted (0.625833ms)
✔ composed Korean phalanx and named carpal terms search to one source concept (1.755041ms)
✔ contextual names cover visible surfaces without exposing judgment records or promoting holds (14.042417ms)
✔ pending source crosswalks and child routes require bounded proofs and preserve historical links (109.624583ms)
✔ complete parent prefix finds both biceps heads and anatomical deltoid aliases retain their distinct parts (4.042958ms)
✖ trunk observation zoom increases actual projected displacement without changing source motion or angles (249.119458ms)
✔ a literature concept context displays only same-side eligible muscle, without changing exact nerve bindings (0.625833ms)
✔ concept highlights cannot bypass layer, hidden, isolation, static pose or selected nerve region (0.116708ms)
✔ all six original Curve surfaces: pinned files, topology, finite positions/normals, index bounds and pair symmetry (345.666958ms)
✔ geometry promotion rejects missing frame proof, wrong pose and fabricated side (263.761417ms)
✔ shared presentation gates layers/pose/region/hidden before motor highlights, preserves existing source routes (282.6215ms)
✔ regional skeletons: cervical, thoracic and lumbar cores plus explicit principal-attachment context, never the entire spine (214.904709ms)
✔ context cannot override layer-off, hidden or held geometry, and does not reframe the region to a complete femur (116.509375ms)
✔ same-side context bones retain regional card/history routes, unrelated bones cannot enter them (48.871917ms)
✔ nerve observation respects all six static-pose, hidden, layer and muscle-selection gates (3.561875ms)
✔ cached BP3D supplement composes into the existing mixed-frame dataset without changing frozen denominators (14.731792ms)
✔ supplement rejects unverified frame, identity, rights, bindings, and transfer budget (45.329541ms)
✔ composite manifest rejects a bad mixed-coordinate declaration and duplicate source keys (41.113625ms)
✔ supplement relations create opaque target/member routes from exact frozen evidence without HA bindings (7.929708ms)
✔ registered same-bone display alternatives suppress only their ZA counterpart on selected source routes (64.814208ms)
✔ transparent observation picks native subpixel surfaces within one pixel; normal depth picking and far misses still pick context (4.593ms)
✔ T66 all native nerve resources retain finite unit-normal topology, source side, frame, rights and bounded native overview (3310.631375ms)
✖ T66 typed bones share the validated clip and cannot accept a muscle, wrong side or nonmoving primary binding (185.20325ms)
✔ T95 product context adds left scapula membership without editing source or duplicating nodes (0.841959ms)
✔ T95 context overlay rejects source identity, laterality, region, policy, and duplicate drift (0.239542ms)
✔ source-only context never becomes selectable (0.368625ms)
✔ supplements require explicit opt-in, stay unbound (0.053541ms)
✔ held identity cannot be revealed through layer/opt-in (0.03925ms)
✔ region/layer demand excludes unrelated geometry (0.037542ms)
✔ T95 overlapping region union keeps one asset visible and empty filters mean whole body (0.060584ms)
✔ reject conflicting duplicate IDs and source-only binding promotion (0.228375ms)
✔ late parse after cancellation is disposed; same-id new demand can recover (3.608917ms)
✔ failure retains successful resources; explicit retry only failed asset (2.645583ms)
✔ dispose releases completed and late resources exactly once (1.41225ms)
✔ isolation never promotes source-only or held nodes and respects layer switches (0.153541ms)
✔ selected transparency preserves eligibility and selection; hide only hides the selected eligible asset (0.06375ms)
✔ v2 local display is independent from learner binding, rights and review holds (0.144042ms)
✔ persistent source hiding survives a different selection and reset cannot bypass policy (0.047875ms)
ℹ tests 73
ℹ suites 0
ℹ pass 71
ℹ fail 2
ℹ cancelled 0
ℹ skipped 0
ℹ todo 0
ℹ duration_ms 3672.392625

✖ failing tests:

test at src/viewer/datasets/motionObservationZoom.test.ts:7:1
✖ trunk observation zoom increases actual projected displacement without changing source motion or angles (249.119458ms)
  AssertionError [ERR_ASSERTION]: Expected values to be strictly equal:
  + actual - expected

  + '25276210ed3dcd9622dd2afcd5016638f213e6401a1636572bf6a39e65edbdf9'
  - '4e22dd7ea9b15da758f54e5323e84157549acd3acf156ce31ed6edd43436e738'

      at TestContext.<anonymous> (file:///Users/daniel/Downloads/SIM%20/HUMAN%20ATLAS/atlas-web/src/viewer/datasets/motionObservationZoom.test.ts:18:12)
      at Test.runInAsyncScope (node:async_hooks:227:14)
      at Test.run (node:internal/test_runner/test:1382:25)
      at Test.start (node:internal/test_runner/test:1242:17)
      at startSubtestAfterBootstrap (node:internal/test_runner/harness:387:17) {
    generatedMessage: true,
    code: 'ERR_ASSERTION',
    actual: '25276210ed3dcd9622dd2afcd5016638f213e6401a1636572bf6a39e65edbdf9',
    expected: '4e22dd7ea9b15da758f54e5323e84157549acd3acf156ce31ed6edd43436e738',
    operator: 'strictEqual',
    diff: 'simple'
  }

test at src/viewer/datasets/t66NerveScene.test.ts:33:1
✖ T66 typed bones share the validated clip and cannot accept a muscle, wrong side or nonmoving primary binding (185.20325ms)
  AssertionError [ERR_ASSERTION]: Expected values to be strictly equal:

  865 !== 199

      at TestContext.<anonymous> (file:///Users/daniel/Downloads/SIM%20/HUMAN%20ATLAS/atlas-web/src/viewer/datasets/t66NerveScene.test.ts:35:73)
      at async Test.run (node:internal/test_runner/test:1389:7)
      at async Test.processPendingSubtests (node:internal/test_runner/test:960:7) {
    generatedMessage: true,
    code: 'ERR_ASSERTION',
    actual: 865,
    expected: 199,
    operator: 'strictEqual',
    diff: 'simple'
  }
[ELIFECYCLE] Command failed with exit code 1.

$ node --experimental-strip-types --test src/viewer/wholeBody/wholeBody.test.ts src/viewer/wholeBody/productContext.test.ts src/viewer/datasets/*.test.ts && node --experimental-strip-types scripts/verifyCompiledDatasets.ts
