✔ the six pilot calf action cards have field-linked citations and no authoring status (0.885167ms)
✔ unassigned concepts do not receive inferred action cards (0.046625ms)
✔ learner motion options retain six authored rows and keep the T24 candidate unplayable (1.296458ms)
✔ learner motion runtime excludes raw evidence and exposes no unavailable production clip (278.4375ms)
✔ the T24 text candidate keeps its right-side scope while its clip remains unavailable (1.266834ms)
✔ unsupported function content has a clear learner message and stays separate from clip state (0.1225ms)
✔ learner action copy omits source-scope disclosure while preserving underlying source claim (0.136167ms)
✔ origin and insertion learner text hides source disclosures while retaining the original evidence projection (0.159167ms)
✔ conflicted attachment claims project only the short learner notice (0.055333ms)
✔ legacy structure summaries remain visible without adding evidence disclosures (0.089958ms)
✔ T81 projects existing attachment evidence only to exact source surfaces and keeps conflicts short (0.741125ms)
✔ T81 covers every supported source muscle while keeping workbook and nerve fields non-claim data separate (0.755041ms)
✔ a muscle action can be selected without loading or autoplaying a clip (0.592417ms)
✔ a fake clock advances clip time at selected playback speed and clamps at the end (0.674292ms)
✔ action and region changes invalidate late loads and clear emphasis (0.141791ms)
✔ load errors stop playback and clear selected structure emphasis (0.079625ms)
✔ reduced motion prevents play and keeps a loaded clip at its initial pose (0.089ms)
✔ progress seeks are clamped and pose reset is independent from speed and camera state (0.050375ms)
✔ pause keeps the sampled pose and can resume without returning to rest (0.055875ms)
✔ stale errors and malformed duration cannot replace a newer session (0.045792ms)
✔ reset while loading invalidates the pending response (0.066166ms)
✔ hiding the page cancels a pending load and clears active playback emphasis (0.320167ms)
✔ the renderer loop stays playing at exact endpoints and return/scrub cannot restart it (0.128792ms)
✔ extension distinguishes preparation from reverse action and smooth reset (1.78325ms)
✔ extension starts from a scrubbed bent endpoint without jumping to rest (0.261208ms)
✔ single RAF loop updates speed without making a second chain and ignores late callbacks (0.083625ms)
✔ repeating playback wraps continuously and reset restores the rest pose (0.139208ms)
✔ T22 adapter scene is driven by one mixer clock; pose reset does not reset camera (0.128584ms)
✔ same-scene playback uses the host clock, creates no RAF chain, and leaves resource disposal to the host (0.148334ms)
✔ clip end clamps at the final pose and cancels its RAF chain (0.104917ms)
✔ missing clip fails closed and releases the imported scene (0.160083ms)
✔ one-toggle gesture reverses at its endpoint and eases to exact rest on the same clock (0.1375ms)
✔ return cancellation and disposal cannot invoke a stale rest callback (0.141625ms)
✔ an action cycle has a faster neutral return, preserves poses and uses one clock (0.386459ms)
ℹ tests 34
ℹ suites 0
ℹ pass 34
ℹ fail 0
ℹ cancelled 0
ℹ skipped 0
ℹ todo 0
ℹ duration_ms 672.648583
