weight repair ZA-c7010a9-07d4e851bc713a1c5bb0b8f9 113 [71, 51, 60] [71] 0.0
weight repair ZA-c7010a9-07d4e851bc713a1c5bb0b8f9 178 [96, 85, 86] [85] 0.0
weight repair ZA-c7010a9-07d4e851bc713a1c5bb0b8f9 104 [51, 54, 57] [] 0.1789324802341475
author left ZA-c7010a9-07d4e851bc713a1c5bb0b8f9 0.125
author left ZA-c7010a9-07d4e851bc713a1c5bb0b8f9 0.25
author left ZA-c7010a9-07d4e851bc713a1c5bb0b8f9 0.375
author left ZA-c7010a9-07d4e851bc713a1c5bb0b8f9 0.5
author left ZA-c7010a9-07d4e851bc713a1c5bb0b8f9 0.625
author left ZA-c7010a9-07d4e851bc713a1c5bb0b8f9 0.75
author left ZA-c7010a9-07d4e851bc713a1c5bb0b8f9 0.875
author left ZA-c7010a9-07d4e851bc713a1c5bb0b8f9 1.0
author left ZA-c7010a9-07d4e851bc713a1c5bb0b8f9 1.125
author left ZA-c7010a9-07d4e851bc713a1c5bb0b8f9 1.25
author left ZA-c7010a9-07d4e851bc713a1c5bb0b8f9 1.375
author left ZA-c7010a9-07d4e851bc713a1c5bb0b8f9 1.5
author left ZA-c7010a9-07d4e851bc713a1c5bb0b8f9 1.625
author left ZA-c7010a9-07d4e851bc713a1c5bb0b8f9 1.75
author left ZA-c7010a9-07d4e851bc713a1c5bb0b8f9 1.875
author left ZA-c7010a9-07d4e851bc713a1c5bb0b8f9 2.0
author left ZA-c7010a9-e4a7d3329f606e0541166646 0.125
author left ZA-c7010a9-e4a7d3329f606e0541166646 0.25
author left ZA-c7010a9-e4a7d3329f606e0541166646 0.375
author left ZA-c7010a9-e4a7d3329f606e0541166646 0.5
author left ZA-c7010a9-e4a7d3329f606e0541166646 0.625
author left ZA-c7010a9-e4a7d3329f606e0541166646 0.75
author left ZA-c7010a9-e4a7d3329f606e0541166646 0.875
author left ZA-c7010a9-e4a7d3329f606e0541166646 1.0
author left ZA-c7010a9-e4a7d3329f606e0541166646 1.125
author left ZA-c7010a9-e4a7d3329f606e0541166646 1.25
author left ZA-c7010a9-e4a7d3329f606e0541166646 1.375
author left ZA-c7010a9-e4a7d3329f606e0541166646 1.5
author left ZA-c7010a9-e4a7d3329f606e0541166646 1.625
author left ZA-c7010a9-e4a7d3329f606e0541166646 1.75
author left ZA-c7010a9-e4a7d3329f606e0541166646 1.875
author left ZA-c7010a9-e4a7d3329f606e0541166646 2.0
left ZA-c7010a9-07d4e851bc713a1c5bb0b8f9 True 0 0.2650327200712762 0
left ZA-c7010a9-e4a7d3329f606e0541166646 True 0 0.551425345331403 0
weight repair ZA-c7010a9-3a414d5573f8ef7250596305 113 [71, 51, 60] [71] 0.0
weight repair ZA-c7010a9-3a414d5573f8ef7250596305 178 [96, 85, 86] [85] 0.0
weight repair ZA-c7010a9-3a414d5573f8ef7250596305 104 [51, 54, 57] [] 0.17893253510898902
author right ZA-c7010a9-3a414d5573f8ef7250596305 0.125
author right ZA-c7010a9-3a414d5573f8ef7250596305 0.25
author right ZA-c7010a9-3a414d5573f8ef7250596305 0.375
author right ZA-c7010a9-3a414d5573f8ef7250596305 0.5
author right ZA-c7010a9-3a414d5573f8ef7250596305 0.625
author right ZA-c7010a9-3a414d5573f8ef7250596305 0.75
author right ZA-c7010a9-3a414d5573f8ef7250596305 0.875
author right ZA-c7010a9-3a414d5573f8ef7250596305 1.0
author right ZA-c7010a9-3a414d5573f8ef7250596305 1.125
author right ZA-c7010a9-3a414d5573f8ef7250596305 1.25
author right ZA-c7010a9-3a414d5573f8ef7250596305 1.375
author right ZA-c7010a9-3a414d5573f8ef7250596305 1.5
author right ZA-c7010a9-3a414d5573f8ef7250596305 1.625
author right ZA-c7010a9-3a414d5573f8ef7250596305 1.75
author right ZA-c7010a9-3a414d5573f8ef7250596305 1.875
author right ZA-c7010a9-3a414d5573f8ef7250596305 2.0
author right ZA-c7010a9-2ea5931bed7570848730b3f4 0.125
author right ZA-c7010a9-2ea5931bed7570848730b3f4 0.25
author right ZA-c7010a9-2ea5931bed7570848730b3f4 0.375
author right ZA-c7010a9-2ea5931bed7570848730b3f4 0.5
author right ZA-c7010a9-2ea5931bed7570848730b3f4 0.625
author right ZA-c7010a9-2ea5931bed7570848730b3f4 0.75
author right ZA-c7010a9-2ea5931bed7570848730b3f4 0.875
author right ZA-c7010a9-2ea5931bed7570848730b3f4 1.0
author right ZA-c7010a9-2ea5931bed7570848730b3f4 1.125
author right ZA-c7010a9-2ea5931bed7570848730b3f4 1.25
author right ZA-c7010a9-2ea5931bed7570848730b3f4 1.375
author right ZA-c7010a9-2ea5931bed7570848730b3f4 1.5
author right ZA-c7010a9-2ea5931bed7570848730b3f4 1.625
author right ZA-c7010a9-2ea5931bed7570848730b3f4 1.75
author right ZA-c7010a9-2ea5931bed7570848730b3f4 1.875
author right ZA-c7010a9-2ea5931bed7570848730b3f4 2.0
right ZA-c7010a9-3a414d5573f8ef7250596305 True 0 0.2650327010669121 0
right ZA-c7010a9-2ea5931bed7570848730b3f4 True 0 0.5514243277870361 0
