{
  "taskId": "T100",
  "nextUnit": "resolve-target-representation-and-final-scene-qa",
  "acceptance": "partial",
  "baselinePendingTargets": 166,
  "resolvedTargets": 31,
  "remainingTargets": 135,
  "remainingByPriorClass": {
    "no_current_pinned_surface_crosswalk_observed": 64,
    "TA2_ancestry_candidate_only": 71
  },
  "fixedDenominators": {
    "scopeTargets": 542,
    "scopeMemberships": 563,
    "regions": 12,
    "sourceObjects": 960,
    "localDisplayEligible": 672,
    "existingHaBindings": 130,
    "sourceOnly": 830,
    "publicRedistributionHeld": 960,
    "humanReviewNotPerformed": 960,
    "historicalCandidateFree163": 163
  },
  "selectableMemberships": 424,
  "unselectableMemberships": 139,
  "routeFailures": 0,
  "termEvidenceGaps": 75,
  "wholeBodyVisualQA": "incomplete",
  "historical163": {
    "denominator": 163,
    "categoryCountsPreserved": {
      "no_exact_descendant_or_ancestor_surface_evidence_in_frozen_package": 2,
      "ancestor_surface_representation_present_target_specific_surface_unresolved": 135,
      "descendant_surface_representation_present_target_specific_surface_unresolved": 20,
      "exact_source_label_observation_identity_crosswalk_needed": 6
    },
    "confirmedSourceWideGeometryAbsence": 0,
    "targetSpecificGeometryExtentValidated": 0
  },
  "addedLinks": 117,
  "addedByKind": {
    "verified_source_crosswalk": 27,
    "verified_taxonomy_member": 90
  },
  "newHaBindings": 0,
  "newGeometry": 0
}
