✔ verified wrist descriptions resolve exact same-side whole bones without inventing a footprint (2.196208ms)
✔ ambiguous, hidden, held, wrong-side or embedded bone words cannot acquire a context link (3.804959ms)
✔ all principal-attachment descriptions map to exact whole named source muscles and same-side existing bones; original binding/review authority stays unchanged (9.122917ms)
✔ reject renamed/part-expanded muscle, held/wrong-side context, missing source hashes and invented human approval (18.168792ms)
✔ T65 adds only exact part-scoped or whole-source summaries with pinned web-reader notes and existing same-side bones (3.482083ms)
✔ passive posture and muscle action keep the same complete skeletal context across region filters (0.560167ms)
✔ explicit isolation, hidden structures, layer-off and actual hard holds remain authoritative (0.106584ms)
✔ motion frame keeps authored attachments and includes the complete moving arm through hand (1.117292ms)
✔ assets without a focus list retain their whole package frame and exact attachment context (0.145333ms)
✔ regional skeletons: cervical, thoracic and lumbar cores plus explicit principal-attachment context, never the entire spine (114.270333ms)
✔ context cannot override layer-off, hidden or held geometry, and does not reframe the region to a complete femur (102.677583ms)
✔ same-side context bones retain regional card/history routes, unrelated bones cannot enter them (48.254292ms)
✔ nerve observation respects all six static-pose, hidden, layer and muscle-selection gates (2.913917ms)
ℹ tests 13
ℹ suites 0
ℹ pass 13
ℹ fail 0
ℹ cancelled 0
ℹ skipped 0
ℹ todo 0
ℹ duration_ms 345.580833
