✔ verified wrist descriptions resolve exact same-side whole bones without inventing a footprint (5.1945ms)
✔ ambiguous, hidden, held, wrong-side or embedded bone words cannot acquire a context link (4.616041ms)
✔ a muscle action can be selected without loading or autoplaying a clip (1.445458ms)
✔ a fake clock advances clip time at selected playback speed and clamps at the end (2.536709ms)
✔ action and region changes invalidate late loads and clear emphasis (0.153084ms)
✔ load errors stop playback and clear selected structure emphasis (2.4335ms)
✔ reduced motion prevents play and keeps a loaded clip at its initial pose (0.170875ms)
✔ progress seeks are clamped and pose reset is independent from speed and camera state (0.095375ms)
✔ pause keeps the sampled pose and can resume without returning to rest (0.098792ms)
✔ stale errors and malformed duration cannot replace a newer session (0.083375ms)
✔ reset while loading invalidates the pending response (0.116875ms)
✔ hiding the page cancels a pending load and clears active playback emphasis (0.176917ms)
✔ the renderer loop stays playing at exact endpoints and return/scrub cannot restart it (0.146042ms)
✔ all principal-attachment descriptions map to exact whole named source muscles and same-side existing bones; original binding/review authority stays unchanged (59.270334ms)
✔ reject renamed/part-expanded muscle, held/wrong-side context, missing source hashes and invented human approval (42.128458ms)
✔ T65 adds only exact part-scoped or whole-source summaries with pinned web-reader notes and existing same-side bones (3.55475ms)
✔ extension distinguishes preparation from reverse action and smooth reset (3.856834ms)
✔ extension starts from a scrubbed bent endpoint without jumping to rest (1.204584ms)
✔ single RAF loop updates speed without making a second chain and ignores late callbacks (0.417584ms)
✔ repeating playback wraps continuously and reset restores the rest pose (0.247583ms)
✔ T22 adapter scene is driven by one mixer clock; pose reset does not reset camera (0.158792ms)
✔ same-scene playback uses the host clock, creates no RAF chain, and leaves resource disposal to the host (10.691917ms)
✔ clip end clamps at the final pose and cancels its RAF chain (0.45425ms)
✔ missing clip fails closed and releases the imported scene (0.381875ms)
✔ one-toggle gesture reverses at its endpoint and eases to exact rest on the same clock (14.75725ms)
✔ return cancellation and disposal cannot invoke a stale rest callback (23.096166ms)
✔ an action cycle has a faster neutral return, preserves poses and uses one clock (8.509584ms)
✔ GLTFLoader import keeps hierarchy, skin attributes, named node bindings and original clip tracks (48.283208ms)
✔ illustrative path remains a distinct unskinned representation (2.284208ms)
✔ bone motion plus illustrative path uses separate node and path bindings (3.28325ms)
THREE.GLTFLoader: Missing min/max properties for accessor POSITION.
THREE.GLTFLoader: Missing min/max properties for accessor POSITION.
✔ T59 source-bound morph keeps the exact source node in the full scene and rejects whole-muscle transform tracks (3.321459ms)
✔ frame, unit and source hash mismatch fail closed without rescaling (0.923959ms)
✔ missing node binding and clip mismatch are rejected (2.881333ms)
✔ import bundle disposes shared geometry, material and texture once and is idempotent (3.335166ms)
✔ disposal helper deduplicates resources shared across independent roots (0.357166ms)
✔ off-scene rig and path bindings are rejected while the active single scene still loads (3.45475ms)
✔ off-scene skin joints and clip targets cannot accompany the returned active scene (1.656542ms)
✔ external buffer and image URI are rejected before GLTFLoader can resolve them (1.106125ms)
✔ 960 preserved instances, separate kinds, no rights/binding promotions (9.742083ms)
✔ reject changed unit, duplicate instance, missing LOD, hold promotion and oversized chunk (117.433ms)
✔ all-detail demand retains every surface and stays within triangles and bytes (9.914959ms)
✔ LRU evicts oldest unwanted only; twenty cycles stay bounded and release once (231.834583ms)
✔ late cancelled decode is released; re-demand can subsequently load same key (35.021625ms)
✔ oversized load fails once without retry loop, disposal cancels pending (17.738083ms)
✔ neck framing retains cervical bones and neck muscles without the full cross-regional rotator group (0.686666ms)
✔ invisible unregistered supplement cannot change default camera framing; explicit eligible inspection stays independent (0.093792ms)
✔ whole-source overlay retains records and independent release/review status (114.050041ms)
✔ common projection preserves learner/search/selection fields and strips the developer evidence ledger (59.105667ms)
✔ common search and stable routes match the full validated ledger across names, sides and all regions (244.346083ms)
✔ runtime projection fails closed on stale inputs, policy drift, forbidden fields and incomplete identity (47.021417ms)
✔ historical non-approval, public hold and human review do not block evidenced local rendering (0.355375ms)
✔ revision, duplicate/missing keys, local decision mismatch and invented binding fail closed (157.418542ms)
✔ all three names search a source pair and regional filters use union (21.743417ms)
✔ T100 B01 maps ten exact skull targets to fourteen existing source surfaces with field provenance (65.001459ms)
✔ T100 B01 evidence refs and direct crosswalk proof fail closed when altered (31.522708ms)
✔ T100 ordinal-composed modern-only names accept field-scoped evidence without inventing legacy or Latin fields (47.027667ms)
✔ T100 B02 classifies ten exact vertebral/variant targets and links only nineteen verified source members (5.738875ms)
✔ T100 B02 rejects unsupported segment/member relations and target-name evidence without provenance (52.416583ms)
✔ T100 B03 adds only ten terminology dispositions and 45 exact lumbar, ordinary-rib and carpal class members (9.460292ms)
✔ T100 B03 rejects wrong sides, parents, member keys, unsupported variants and missing field provenance (193.900417ms)
✔ T100 B04 records hand-bone members without leaking internal target terminology to learner search (2.288458ms)
✔ T100 B04 rejects the fifth distal data-name conflict and wrong side/member evidence (108.4955ms)
✔ T100 B05 records ten pelvis/knee/foot targets and exact existing class members without search leakage (5.501542ms)
✔ T100 B bulk exact group terms and ordinal compositions preserve semantic scope and field-level holds (3.682125ms)
✔ T100 B05 rejects wrong laterality, foot part, member key, and parent (147.192292ms)
✔ T100 bounded source relations preserve unknown sides independently of a declared-side route (2.760833ms)
✔ T100 parallel integration rejects wrong foot level and non-exact laryngeal synonym or context (88.2715ms)
✔ both scapulae belong to arm context and sacrum to lumbar context (0.193375ms)
✔ accessories remain retained without masquerading as muscle/bone (0.199917ms)
✔ stable source route roundtrips, old bound HA route resolves side, invalid/filtered keys stay unselected (0.245917ms)
✔ T100 semantic continuation groups the 226 unnamed surfaces without side duplicates and keeps unresolved identities held (1.495583ms)
✔ T100 exact direct target links add typed source selection without changing canonical bindings or release holds (3.798791ms)
✔ T100 target membership continuation adds only evidenced member routes and keeps the frozen denominator partial (250.076ms)
✔ opaque learner concept links resolve a selected side and fail closed when a bilateral side is omitted (0.794792ms)
✔ composed Korean phalanx and named carpal terms search to one source concept (2.09175ms)
✔ contextual names cover visible surfaces without exposing judgment records or promoting holds (16.554666ms)
✔ pending source crosswalks and child routes require bounded proofs and preserve historical links (133.433833ms)
✔ complete parent prefix finds both biceps heads and anatomical deltoid aliases retain their distinct parts (2.991708ms)
✔ both forearm bones keep their native relationship at actual shoulder/elbow key and intermediate poses, then restore exactly (76.404875ms)
✔ context completes the native hand chain only with a unique valid moving ulna and distal-only muscle attachments (3.482ms)
✔ passive posture and muscle action keep the same complete skeletal context across region filters (1.24625ms)
✔ explicit isolation, hidden structures, layer-off and actual hard holds remain authoritative (0.244375ms)
✔ motion frame keeps authored attachments and includes the complete moving arm through hand (1.036875ms)
✔ assets without a focus list retain their whole package frame and exact attachment context (0.26875ms)
✔ trunk observation zoom increases actual projected displacement without changing source motion or angles (696.693084ms)
✔ a literature concept context displays only same-side eligible muscle, without changing exact nerve bindings (1.678167ms)
✔ concept highlights cannot bypass layer, hidden, isolation, static pose or selected nerve region (0.276375ms)
✔ all six original Curve surfaces: pinned files, topology, finite positions/normals, index bounds and pair symmetry (531.415166ms)
✔ geometry promotion rejects missing frame proof, wrong pose and fabricated side (381.542792ms)
✔ shared presentation gates layers/pose/region/hidden before motor highlights, preserves existing source routes (385.257416ms)
✔ regional skeletons: cervical, thoracic and lumbar cores plus explicit principal-attachment context, never the entire spine (369.495625ms)
✔ context cannot override layer-off, hidden or held geometry, and does not reframe the region to a complete femur (188.152875ms)
✔ same-side context bones retain regional card/history routes, unrelated bones cannot enter them (88.874833ms)
✔ nerve observation respects all six static-pose, hidden, layer and muscle-selection gates (3.333458ms)
✔ packed interleaved geometry keeps the original digest and detects live edits (4.17425ms)
✔ cached BP3D supplement composes into the existing mixed-frame dataset without changing frozen denominators (26.085792ms)
✔ supplement rejects unverified frame, identity, rights, bindings, and transfer budget (35.924542ms)
✔ composite manifest rejects a bad mixed-coordinate declaration and duplicate source keys (94.888375ms)
✔ supplement relations create opaque target/member routes from exact frozen evidence without HA bindings (8.562625ms)
✔ registered same-bone display alternatives suppress only their ZA counterpart on selected source routes (109.56575ms)
✔ transparent observation picks native subpixel surfaces within one pixel; normal depth picking and far misses still pick context (7.508709ms)
✔ T66 all native nerve resources retain finite unit-normal topology, source side, frame, rights and bounded native overview (3902.051459ms)
✔ T66 typed bones share the validated clip and cannot accept a muscle, wrong side or nonmoving primary binding (328.081083ms)
ℹ tests 103
ℹ suites 0
ℹ pass 103
ℹ fail 0
ℹ cancelled 0
ℹ skipped 0
ℹ todo 0
ℹ duration_ms 4824.746792
