{"pass": true, "nameEntries": 81, "summaries": 14, "scope": "references and stale hashes, not anatomy approval"}
{
  "task": "T16",
  "mode": "check",
  "pass": true,
  "legacyRowsCheckedInTestOnlyMigrationPreview": 14,
  "productionFieldItems": 51,
  "migrationPreviewIssues": [],
  "issues": []
}
{
  "status": "passed",
  "entryCount": 9,
  "selectableBoneCount": 9,
  "sourceCount": 9,
  "humanAnatomyReview": "not_reviewed",
  "actualHanjaCollected": false
}
{
  "production": {
    "valid": true,
    "actionCount": 7,
    "definitionCount": 1,
    "assetCount": 1,
    "issues": []
  }
}
PASS: 2 source candidates verified; production motion assets=1; source bytes unchanged
Scene decoder QA passed: 11 meshes/712192 bytes, 9 meshes/205392 bytes
vite v8.3.1 building client environment for production...
transforming...
✓ 51 modules transformed.
rendering chunks...
computing gzip size...
dist/index.html                   0.58 kB │ gzip:   0.37 kB
dist/assets/index-UUYMvEqZ.css    0.74 kB │ gzip:   0.44 kB
dist/assets/App-BHhbobJb.css     37.34 kB │ gzip:   7.96 kB
dist/assets/index-BJTxou0d.js   222.37 kB │ gzip:  69.95 kB
dist/assets/App-CVVQizFw.js     959.03 kB │ gzip: 217.84 kB

✓ built in 132ms
[plugin builtin:vite-reporter]
(!) Some chunks are larger than 500 kB after minification. Consider:
- Using dynamic import() to code-split the application
- Use build.rolldownOptions.output.codeSplitting to improve chunking: https://rolldown.rs/reference/OutputOptions.codeSplitting
- Adjust chunk size limit for this warning via build.chunkSizeWarningLimit.
