✔ the bone overlay supplies three Hangul-safe names without changing IDs or human review (0.684459ms)
✔ every source-backed name and synonym selects the existing matching selectable bone instance (4.463916ms)
✔ the common metatarsal term remains an explicit two-result ambiguity (4.453417ms)
✔ unmapped bone concepts are not added to learner search (0.168708ms)
✔ same muscle: 승모근 (5.352708ms)
✔ same muscle: 등세모근 (0.176542ms)
✔ same muscle: 僧帽筋 (0.141042ms)
✔ same muscle: TRAPEZIUS (2.052166ms)
✔ same muscle:   등 세모근   (0.147833ms)
✔ tibialis: 전경골근 (0.114375ms)
✔ tibialis: 앞정강근 (0.091ms)
✔ tibialis: 前脛骨筋 (0.090375ms)
✔ tibialis: tibialis anterior (1.598917ms)
✔ transposed typo returns both splenius muscles, never a false single identity (1.0785ms)
✔ deltoid portion stays separate (0.126958ms)
✔ user Korean name lateral deltoid maps to the acromial part (0.109834ms)
✔ named acromial part is included in the learner search projection (0.167542ms)
✔ splenius capitis names share one lookup candidate (2.460583ms)
✔ splenius cervicis and colli names share one lookup candidate (3.109833ms)
✔ short Korean typo does not fuzzily match unrelated muscles (0.092625ms)
✔ unrelated query has no results (0.913625ms)
✔ historical peroneus synonym resolves to fibularis (0.794375ms)
✔ T11-B02 learner catalog English and Latin terms stay attached to their ten existing group IDs (2.40275ms)
✔ T11-B02 attested Korean/Hanja names resolve to existing groups and unresolved near-matches stay withheld (0.216959ms)
✔ T11-B03 English and Latin index terms stay attached to the ten assigned existing IDs (3.095208ms)
✔ T11-B03 attested Korean and source Hanja resolve to their same existing IDs (0.174334ms)
✔ T11-B03 generic or narrower gluteal/foot candidates remain unlinked to the three withheld groups (0.216708ms)
✔ T11-B04 English and Latin TA2 observations stay attached to the ten assigned existing muscle IDs (2.627625ms)
✔ T11-B04 attested Korean names and source Hanja resolve to the same existing IDs; incomplete Hanja stays withheld (0.323458ms)
✔ T11-B05 direct TA2 English and Latin observations resolve to their ten assigned existing IDs (3.15725ms)
✔ T11-B05 attested customary Korean names, current Korean names and source Hanja stay on their assigned IDs (0.429167ms)
✔ T15a projects the three display names and Korean/English aliases to the existing deltoid ID without indexing Hanja (0.262708ms)
✔ T15a does not require Hanja and hides missing or populated Hani term rows from learner projection (0.057458ms)
✔ T11-B06 opened TA2 English/Latin terms and sourced synonyms stay on their ten existing IDs (4.18075ms)
✔ T11-B06 attested Korean names/Hanja resolve to their assigned IDs; conflicting and unverified forms stay withheld (0.564166ms)
✔ T11-B07 TA2 direct English/Latin preferred cells and synonyms resolve to their ten existing IDs (15.355167ms)
✔ T11-B07 attested customary Korean/current Korean/source Hanja stay on the assigned ID (0.306708ms)
✔ T11-B07 conflicting Hanja and unsupported part translations remain unlinked (0.1395ms)
✔ T11-B08 direct TA2 English/Latin terms and recorded synonyms resolve to the ten assigned part IDs (11.596458ms)
✔ T11-B08 source-attested Korean customary and current names remain attached to their existing part IDs (0.211458ms)
✔ T11-B08 missing medial-pterygoid Korean/Hanja and inherited parent Hanja remain unlinked (0.165833ms)
✔ T11-B09 direct TA2 English/Latin cells and synonyms resolve to their seven existing part IDs (5.587708ms)
✔ T11-B09 attested Korean terms resolve to their exact existing part IDs, while the generic long-head term stays contextual (0.436416ms)
✔ T11-B09 unsupported deltoid wording, misleading legacy lateral-head mapping, and parent Hanja stay withheld (0.354708ms)
ℹ tests 44
ℹ suites 0
ℹ pass 44
ℹ fail 0
ℹ cancelled 0
ℹ skipped 0
ℹ todo 0
ℹ duration_ms 140.560667
