✔ 960 preserved instances, separate kinds, no rights/binding promotions (1.870708ms)
✔ reject changed unit, duplicate instance, missing LOD, hold promotion and oversized chunk (41.569459ms)
✔ all-detail demand retains every surface and stays within triangles and bytes (1.604125ms)
✔ LRU evicts oldest unwanted only; twenty cycles stay bounded and release once (114.174208ms)
✔ late cancelled decode is released; re-demand can subsequently load same key (17.633917ms)
✔ oversized load fails once without retry loop, disposal cancels pending (5.894542ms)
✔ neck framing retains cervical bones and neck muscles without the full cross-regional rotator group (0.544584ms)
✔ invisible unregistered supplement cannot change default camera framing; explicit eligible inspection stays independent (0.076666ms)
✔ whole-source overlay retains records and independent release/review status (10.189541ms)
✔ common projection preserves learner/search/selection fields and strips the developer evidence ledger (24.088ms)
✔ common search and stable routes match the full validated ledger across names, sides and all regions (78.303833ms)
✔ runtime projection fails closed on stale inputs, policy drift, forbidden fields and incomplete identity (29.410375ms)
✔ historical non-approval, public hold and human review do not block evidenced local rendering (0.088291ms)
✔ revision, duplicate/missing keys, local decision mismatch and invented binding fail closed (64.506958ms)
✔ all three names search a source pair and regional filters use union (7.204416ms)
✔ T100 B01 maps ten exact skull targets to fourteen existing source surfaces with field provenance (29.719708ms)
✔ T100 B01 evidence refs and direct crosswalk proof fail closed when altered (24.749667ms)
✔ T100 ordinal-composed modern-only names accept field-scoped evidence without inventing legacy or Latin fields (36.226917ms)
✔ T100 B02 classifies ten exact vertebral/variant targets and links only nineteen verified source members (2.374333ms)
✔ T100 B02 rejects unsupported segment/member relations and target-name evidence without provenance (31.88575ms)
✔ T100 B03 adds only ten terminology dispositions and 45 exact lumbar, ordinary-rib and carpal class members (5.2405ms)
✔ T100 B03 rejects wrong sides, parents, member keys, unsupported variants and missing field provenance (77.771542ms)
✔ T100 B04 records hand-bone members without leaking internal target terminology to learner search (1.792959ms)
✔ T100 B04 rejects the fifth distal data-name conflict and wrong side/member evidence (79.927709ms)
✔ T100 B05 records ten pelvis/knee/foot targets and exact existing class members without search leakage (4.697208ms)
✔ T100 B bulk exact group terms and ordinal compositions preserve semantic scope and field-level holds (4.180042ms)
✔ T100 B05 rejects wrong laterality, foot part, member key, and parent (75.972375ms)
✔ T100 bounded source relations preserve unknown sides independently of a declared-side route (1.056209ms)
✔ T100 parallel integration rejects wrong foot level and non-exact laryngeal synonym or context (66.641833ms)
✔ both scapulae belong to arm context and sacrum to lumbar context (0.198834ms)
✔ accessories remain retained without masquerading as muscle/bone (0.158833ms)
✔ stable source route roundtrips, old bound HA route resolves side, invalid/filtered keys stay unselected (0.215208ms)
✔ T100 semantic continuation groups the 226 unnamed surfaces without side duplicates and keeps unresolved identities held (1.25825ms)
✔ T100 exact direct target links add typed source selection without changing canonical bindings or release holds (2.926ms)
✔ T100 target membership continuation adds only evidenced member routes and keeps the frozen denominator partial (192.778625ms)
✔ opaque learner concept links resolve a selected side and fail closed when a bilateral side is omitted (0.603958ms)
✔ composed Korean phalanx and named carpal terms search to one source concept (1.468ms)
✔ contextual names cover visible surfaces without exposing judgment records or promoting holds (13.678875ms)
✔ pending source crosswalks and child routes require bounded proofs and preserve historical links (113.250459ms)
✔ complete parent prefix finds both biceps heads and anatomical deltoid aliases retain their distinct parts (4.155ms)
✔ cached BP3D supplement composes into the existing mixed-frame dataset without changing frozen denominators (6.057625ms)
✔ supplement rejects unverified frame, identity, rights, bindings, and transfer budget (16.669292ms)
✔ composite manifest rejects a bad mixed-coordinate declaration and duplicate source keys (26.317916ms)
✔ supplement relations create opaque target/member routes from exact frozen evidence without HA bindings (6.362167ms)
✔ registered same-bone display alternatives suppress only their ZA counterpart on selected source routes (54.437875ms)
✔ T95 product context adds left scapula membership without editing source or duplicating nodes (0.808292ms)
✔ T95 context overlay rejects source identity, laterality, region, policy, and duplicate drift (0.267208ms)
✔ source-only context never becomes selectable (0.772208ms)
✔ supplements require explicit opt-in, stay unbound (0.099542ms)
✔ held identity cannot be revealed through layer/opt-in (0.076083ms)
✔ region/layer demand excludes unrelated geometry (0.077541ms)
✔ T95 overlapping region union keeps one asset visible and empty filters mean whole body (0.115417ms)
✔ reject conflicting duplicate IDs and source-only binding promotion (0.44725ms)
✔ late parse after cancellation is disposed; same-id new demand can recover (6.294458ms)
✔ failure retains successful resources; explicit retry only failed asset (2.851041ms)
✔ dispose releases completed and late resources exactly once (1.632667ms)
✔ isolation never promotes source-only or held nodes and respects layer switches (0.239958ms)
✔ selected transparency preserves eligibility and selection; hide only hides the selected eligible asset (0.107084ms)
✔ v2 local display is independent from learner binding, rights and review holds (0.277083ms)
✔ persistent source hiding survives a different selection and reset cannot bypass policy (0.101625ms)
ℹ tests 60
ℹ suites 0
ℹ pass 60
ℹ fail 0
ℹ cancelled 0
ℹ skipped 0
ℹ todo 0
ℹ duration_ms 1139.42325
Current compiled dataset contracts/dependencies/content hashes verified: 46 chunks. Historical plan/document freezes are tested separately.
