left (Abdominal part of pectoralis major muscle).l True 0.4738778430886746 0
left Acromial part of deltoid muscle.l True 0.7070266193189961 0
left Clavicular head of pectoralis major muscle.l True 0.8994964282578382 0
left Clavicular part of deltoid muscle.l True 0.6974788270386115 0
left Coracobrachialis muscle.l True 0.8804514224274052 0
left Infraspinatus muscle.l True 0.6560160385409141 0
left Latissimus dorsi muscle.l True 0.38338454081795037 0
left Long head of biceps brachii.l True 0.6521439910776647 0
left Long head of triceps brachii.l True 0.10945028415182753 0
left Scapular spinal part of deltoid muscle.l True 0.7183688635139646 0
left Short head of biceps brachii.l True 0.6148544407220813 0
left Sternocostal head of pectoralis major muscle.l True 0.7475054514325187 0
left Subscapularis muscle.l True 0.24276164897739447 0
left Supraspinatus muscle.l True 0.7245009205353251 0
left Teres major muscle.l True 0.781530124292019 0
left Teres minor muscle.l True 0.6019515396170153 0
right (Abdominal part of pectoralis major muscle).r True 0.4738772561293823 0
right Acromial part of deltoid muscle.r True 0.7070273501129561 0
right Clavicular head of pectoralis major muscle.r True 0.8994968741362805 0
right Clavicular part of deltoid muscle.r True 0.6974788899230749 0
right Coracobrachialis muscle.r True 0.880442608627536 0
right Infraspinatus muscle.r True 0.656015324848228 0
right Latissimus dorsi muscle.r True 0.3833845642113335 0
right Long head of biceps brachii.r True 0.6521488056142469 0
right Long head of triceps brachii.r True 0.10945442517537468 0
right Scapular spinal part of deltoid muscle.r True 0.7183686892013008 0
right Short head of biceps brachii.r True 0.6148546500655836 0
right Sternocostal head of pectoralis major muscle.r True 0.731045497830499 0
right Subscapularis muscle.r True 0.2427640284865842 0
right Supraspinatus muscle.r True 0.7244954225621875 0
right Teres major muscle.r True 0.781528621949001 0
right Teres minor muscle.r True 0.6019532709231152 0
changed pectoral action candidates verified
