left (Abdominal part of pectoralis major muscle).l True 0.6254391644024616 0
left Latissimus dorsi muscle.l True 0.3655994066283252 0
left Sternocostal head of pectoralis major muscle.l True 0.6455840581672141 0
left Ascending part of trapezius muscle.l True 0.6829096593051317 0
left Descending part of trapezius muscle.l True 0.6615080365352239 0
left Levator scapulae.l True 0.767350196224012 0
left Pectoralis minor muscle.l True 0.19580290449684523 0
left Rhomboid major muscle.l True 0.4349683949754334 0
left Rhomboid minor muscle.l True 0.6840847587175964 0
left Serratus anterior muscle.l True 0.1393599242185951 0
left Transverse part of trapezius muscle.l True 0.3436287297839498 0
right (Abdominal part of pectoralis major muscle).r True 0.639664899645307 0
right Latissimus dorsi muscle.r True 0.3528084523510535 0
right Sternocostal head of pectoralis major muscle.r True 0.6358375778415952 0
right Ascending part of trapezius muscle.r True 0.6943984094962474 0
right Descending part of trapezius muscle.r True 0.7600280280299341 0
right Levator scapulae.r True 0.7680376240395418 0
right Pectoralis minor muscle.r True 0.15494308779580399 0
right Rhomboid major muscle.r True 0.5317699264798246 0
right Rhomboid minor muscle.r True 0.6896057224641188 0
right Serratus anterior muscle.r True 0.19973038766401843 0
right Transverse part of trapezius muscle.r True 0.4023586820692 0
left (Abdominal part of pectoralis major muscle).l True 0.8234796531576203 0
left Latissimus dorsi muscle.l True 0.5095887647359739 0
left Sternocostal head of pectoralis major muscle.l True 0.45338325190774814 0
left Ascending part of trapezius muscle.l True 0.6466489972294067 0
left Descending part of trapezius muscle.l True 0.4765475461969583 0
left Levator scapulae.l True 0.7034036623792793 0
left Pectoralis minor muscle.l True 0.13519353685607294 0
left Rhomboid major muscle.l True 0.1751073076855648 0
left Rhomboid minor muscle.l True 0.5399702901006389 0
left Serratus anterior muscle.l True 0.16723945853176717 0
left Transverse part of trapezius muscle.l True 0.6773705051827179 0
changed shoulder action candidates verified
