left (Abdominal part of pectoralis major muscle).l True 0.6254391644024616 0
left Sternocostal head of pectoralis major muscle.l True 0.6455840581672141 0
left Ascending part of trapezius muscle.l True 0.6829096593051317 0
left Descending part of trapezius muscle.l True 0.6615080365352239 0
left Levator scapulae.l True 0.767350196224012 0
left Pectoralis minor muscle.l True 0.19580290449684523 0
left Rhomboid major muscle.l True 0.4349683949754334 0
left Rhomboid minor muscle.l True 0.6840847587175964 0
left Serratus anterior muscle.l True 0.1393599242185951 0
left Transverse part of trapezius muscle.l True 0.3436287297839498 0
right (Abdominal part of pectoralis major muscle).r True 0.639664899645307 0
right Sternocostal head of pectoralis major muscle.r True 0.6358375778415952 0
right Ascending part of trapezius muscle.r True 0.6943984094962474 0
right Descending part of trapezius muscle.r True 0.7600280280299341 0
right Levator scapulae.r True 0.7680376240395418 0
right Pectoralis minor muscle.r True 0.15494308779580399 0
right Rhomboid major muscle.r True 0.5317699264798246 0
right Rhomboid minor muscle.r True 0.6896057224641188 0
right Serratus anterior muscle.r True 0.19973038766401843 0
right Transverse part of trapezius muscle.r False 0.3231948926284404 1
FAILED_DEFORMER ZA-c7010a9-b2c4a8a8818e3a136f3250f7 {'triangleCount': 538, 'sourceDegenerateTriangleCount': 0, 'flippedFaceSamples': 0, 'minimumAreaRatio': 0.3231948926284404, 'maximumAbsoluteEdgeRatioDelta': 0.1208109293993207, 'passed': True} [{'seconds': 2.0, 'boneSourceKey': 'ZA-c7010a9-60fdfbce8b40f76046cc1110', 'newContainedVertexCount': 1, 'sourceVertexIndices': [27]}]
left (Abdominal part of pectoralis major muscle).l True 0.8234796531576203 0
left Sternocostal head of pectoralis major muscle.l True 0.45338325190774814 0
left Ascending part of trapezius muscle.l True 0.6466489972294067 0
left Descending part of trapezius muscle.l True 0.4765475461969583 0
left Levator scapulae.l True 0.7034036623792793 0
left Pectoralis minor muscle.l True 0.13519353685607294 0
left Rhomboid major muscle.l True 0.1751073076855648 0
left Rhomboid minor muscle.l True 0.5399702901006389 0
left Serratus anterior muscle.l True 0.16723945853176717 0
left Transverse part of trapezius muscle.l True 0.6773705051827179 0
right (Abdominal part of pectoralis major muscle).r True 0.8163677693432083 0
right Sternocostal head of pectoralis major muscle.r True 0.6481340895424795 0
right Ascending part of trapezius muscle.r True 0.6253551164968298 0
right Descending part of trapezius muscle.r True 0.5200432752598512 0
right Levator scapulae.r True 0.658223381463948 0
right Pectoralis minor muscle.r True 0.15549406663863902 0
right Rhomboid major muscle.r True 0.1926291578754252 0
right Rhomboid minor muscle.r True 0.5380858914141191 0
right Serratus anterior muscle.r False 0.36889311236301014 1
FAILED_DEFORMER ZA-c7010a9-6bc46621886fbf8f62657278 {'triangleCount': 4542, 'sourceDegenerateTriangleCount': 0, 'flippedFaceSamples': 0, 'minimumAreaRatio': 0.36889311236301014, 'maximumAbsoluteEdgeRatioDelta': 0.9053688921557432, 'passed': True} [{'seconds': 1.625, 'boneSourceKey': 'ZA-c7010a9-16eb71d8f51c751c44504d63', 'newContainedVertexCount': 1, 'sourceVertexIndices': [1870]}]
right Transverse part of trapezius muscle.r True 0.6837318323872096 0
changed shoulder action candidates verified
