flex targeted failures ['Internal abdominal oblique muscle.l', 'Internal abdominal oblique muscle.r']
adaptive pose ZA-c7010a9-62a4fba42674f5d453c6e277 1
adaptive pose ZA-c7010a9-62a4fba42674f5d453c6e277 2
adaptive pose ZA-c7010a9-62a4fba42674f5d453c6e277 3
adaptive pose ZA-c7010a9-62a4fba42674f5d453c6e277 4
adaptive pose ZA-c7010a9-62a4fba42674f5d453c6e277 5
adaptive pose ZA-c7010a9-62a4fba42674f5d453c6e277 6
adaptive pose ZA-c7010a9-62a4fba42674f5d453c6e277 7
adaptive pose ZA-c7010a9-62a4fba42674f5d453c6e277 8
adaptive pose ZA-c7010a9-62a4fba42674f5d453c6e277 9
adaptive pose ZA-c7010a9-62a4fba42674f5d453c6e277 10
adaptive pose ZA-c7010a9-62a4fba42674f5d453c6e277 11
adaptive pose ZA-c7010a9-62a4fba42674f5d453c6e277 12
adaptive pose ZA-c7010a9-62a4fba42674f5d453c6e277 13
adaptive pose ZA-c7010a9-62a4fba42674f5d453c6e277 14
adaptive pose ZA-c7010a9-62a4fba42674f5d453c6e277 15
adaptive pose ZA-c7010a9-62a4fba42674f5d453c6e277 16
adaptive pose ZA-c7010a9-62a4fba42674f5d453c6e277 17
adaptive pose ZA-c7010a9-62a4fba42674f5d453c6e277 18
adaptive pose ZA-c7010a9-62a4fba42674f5d453c6e277 19
adaptive pose ZA-c7010a9-62a4fba42674f5d453c6e277 20
adaptive pose ZA-c7010a9-62a4fba42674f5d453c6e277 21
adaptive pose ZA-c7010a9-62a4fba42674f5d453c6e277 22
adaptive pose ZA-c7010a9-62a4fba42674f5d453c6e277 23
adaptive pose ZA-c7010a9-62a4fba42674f5d453c6e277 24
adaptive pose ZA-c7010a9-62a4fba42674f5d453c6e277 25
adaptive pose ZA-c7010a9-62a4fba42674f5d453c6e277 26
adaptive pose ZA-c7010a9-62a4fba42674f5d453c6e277 27
adaptive pose ZA-c7010a9-62a4fba42674f5d453c6e277 28
adaptive pose ZA-c7010a9-62a4fba42674f5d453c6e277 29
adaptive pose ZA-c7010a9-62a4fba42674f5d453c6e277 30
adaptive pose ZA-c7010a9-62a4fba42674f5d453c6e277 31
adaptive pose ZA-c7010a9-62a4fba42674f5d453c6e277 32
adaptive pose ZA-c7010a9-62a4fba42674f5d453c6e277 33
adaptive pose ZA-c7010a9-62a4fba42674f5d453c6e277 34
adaptive pose ZA-c7010a9-62a4fba42674f5d453c6e277 35
adaptive pose ZA-c7010a9-62a4fba42674f5d453c6e277 36
adaptive pose ZA-c7010a9-62a4fba42674f5d453c6e277 37
adaptive pose ZA-c7010a9-62a4fba42674f5d453c6e277 38
adaptive pose ZA-c7010a9-62a4fba42674f5d453c6e277 39
adaptive pose ZA-c7010a9-62a4fba42674f5d453c6e277 40
adaptive pose ZA-c7010a9-62a4fba42674f5d453c6e277 41
adaptive pose ZA-c7010a9-62a4fba42674f5d453c6e277 42
adaptive pose ZA-c7010a9-62a4fba42674f5d453c6e277 43
adaptive pose ZA-c7010a9-62a4fba42674f5d453c6e277 44
adaptive pose ZA-c7010a9-62a4fba42674f5d453c6e277 45
adaptive pose ZA-c7010a9-62a4fba42674f5d453c6e277 46
adaptive pose ZA-c7010a9-62a4fba42674f5d453c6e277 47
adaptive pose ZA-c7010a9-62a4fba42674f5d453c6e277 48
adaptive pose ZA-c7010a9-62a4fba42674f5d453c6e277 49
adaptive pose ZA-c7010a9-62a4fba42674f5d453c6e277 50
adaptive pose ZA-c7010a9-62a4fba42674f5d453c6e277 51
adaptive pose ZA-c7010a9-62a4fba42674f5d453c6e277 52
adaptive pose ZA-c7010a9-62a4fba42674f5d453c6e277 53
adaptive pose ZA-c7010a9-62a4fba42674f5d453c6e277 54
adaptive pose ZA-c7010a9-62a4fba42674f5d453c6e277 55
adaptive pose ZA-c7010a9-62a4fba42674f5d453c6e277 56
adaptive pose ZA-c7010a9-62a4fba42674f5d453c6e277 57
adaptive pose ZA-c7010a9-62a4fba42674f5d453c6e277 58
adaptive pose ZA-c7010a9-62a4fba42674f5d453c6e277 59
adaptive pose ZA-c7010a9-62a4fba42674f5d453c6e277 60
adaptive pose ZA-c7010a9-62a4fba42674f5d453c6e277 61
adaptive pose ZA-c7010a9-62a4fba42674f5d453c6e277 62
adaptive pose ZA-c7010a9-62a4fba42674f5d453c6e277 63
adaptive pose ZA-c7010a9-62a4fba42674f5d453c6e277 64
adaptive pose ZA-c7010a9-bef3937bee85a8c7bcc77d9c 1
adaptive pose ZA-c7010a9-bef3937bee85a8c7bcc77d9c 2
adaptive pose ZA-c7010a9-bef3937bee85a8c7bcc77d9c 3
adaptive pose ZA-c7010a9-bef3937bee85a8c7bcc77d9c 4
adaptive pose ZA-c7010a9-bef3937bee85a8c7bcc77d9c 5
adaptive pose ZA-c7010a9-bef3937bee85a8c7bcc77d9c 6
adaptive pose ZA-c7010a9-bef3937bee85a8c7bcc77d9c 7
adaptive pose ZA-c7010a9-bef3937bee85a8c7bcc77d9c 8
adaptive pose ZA-c7010a9-bef3937bee85a8c7bcc77d9c 9
adaptive pose ZA-c7010a9-bef3937bee85a8c7bcc77d9c 10
adaptive pose ZA-c7010a9-bef3937bee85a8c7bcc77d9c 11
adaptive pose ZA-c7010a9-bef3937bee85a8c7bcc77d9c 12
adaptive pose ZA-c7010a9-bef3937bee85a8c7bcc77d9c 13
adaptive pose ZA-c7010a9-bef3937bee85a8c7bcc77d9c 14
adaptive pose ZA-c7010a9-bef3937bee85a8c7bcc77d9c 15
adaptive pose ZA-c7010a9-bef3937bee85a8c7bcc77d9c 16
adaptive pose ZA-c7010a9-bef3937bee85a8c7bcc77d9c 17
adaptive pose ZA-c7010a9-bef3937bee85a8c7bcc77d9c 18
adaptive pose ZA-c7010a9-bef3937bee85a8c7bcc77d9c 19
adaptive pose ZA-c7010a9-bef3937bee85a8c7bcc77d9c 20
adaptive pose ZA-c7010a9-bef3937bee85a8c7bcc77d9c 21
adaptive pose ZA-c7010a9-bef3937bee85a8c7bcc77d9c 22
adaptive pose ZA-c7010a9-bef3937bee85a8c7bcc77d9c 23
adaptive pose ZA-c7010a9-bef3937bee85a8c7bcc77d9c 24
adaptive pose ZA-c7010a9-bef3937bee85a8c7bcc77d9c 25
adaptive pose ZA-c7010a9-bef3937bee85a8c7bcc77d9c 26
adaptive pose ZA-c7010a9-bef3937bee85a8c7bcc77d9c 27
adaptive pose ZA-c7010a9-bef3937bee85a8c7bcc77d9c 28
adaptive pose ZA-c7010a9-bef3937bee85a8c7bcc77d9c 29
adaptive pose ZA-c7010a9-bef3937bee85a8c7bcc77d9c 30
adaptive pose ZA-c7010a9-bef3937bee85a8c7bcc77d9c 31
adaptive pose ZA-c7010a9-bef3937bee85a8c7bcc77d9c 32
adaptive pose ZA-c7010a9-bef3937bee85a8c7bcc77d9c 33
adaptive pose ZA-c7010a9-bef3937bee85a8c7bcc77d9c 34
adaptive pose ZA-c7010a9-bef3937bee85a8c7bcc77d9c 35
adaptive pose ZA-c7010a9-bef3937bee85a8c7bcc77d9c 36
adaptive pose ZA-c7010a9-bef3937bee85a8c7bcc77d9c 37
adaptive pose ZA-c7010a9-bef3937bee85a8c7bcc77d9c 38
adaptive pose ZA-c7010a9-bef3937bee85a8c7bcc77d9c 39
adaptive pose ZA-c7010a9-bef3937bee85a8c7bcc77d9c 40
adaptive pose ZA-c7010a9-bef3937bee85a8c7bcc77d9c 41
adaptive pose ZA-c7010a9-bef3937bee85a8c7bcc77d9c 42
adaptive pose ZA-c7010a9-bef3937bee85a8c7bcc77d9c 43
adaptive pose ZA-c7010a9-bef3937bee85a8c7bcc77d9c 44
adaptive pose ZA-c7010a9-bef3937bee85a8c7bcc77d9c 45
adaptive pose ZA-c7010a9-bef3937bee85a8c7bcc77d9c 46
adaptive pose ZA-c7010a9-bef3937bee85a8c7bcc77d9c 47
adaptive pose ZA-c7010a9-bef3937bee85a8c7bcc77d9c 48
adaptive pose ZA-c7010a9-bef3937bee85a8c7bcc77d9c 49
adaptive pose ZA-c7010a9-bef3937bee85a8c7bcc77d9c 50
adaptive pose ZA-c7010a9-bef3937bee85a8c7bcc77d9c 51
adaptive pose ZA-c7010a9-bef3937bee85a8c7bcc77d9c 52
adaptive pose ZA-c7010a9-bef3937bee85a8c7bcc77d9c 53
adaptive pose ZA-c7010a9-bef3937bee85a8c7bcc77d9c 54
adaptive pose ZA-c7010a9-bef3937bee85a8c7bcc77d9c 55
adaptive pose ZA-c7010a9-bef3937bee85a8c7bcc77d9c 56
adaptive pose ZA-c7010a9-bef3937bee85a8c7bcc77d9c 57
adaptive pose ZA-c7010a9-bef3937bee85a8c7bcc77d9c 58
adaptive pose ZA-c7010a9-bef3937bee85a8c7bcc77d9c 59
adaptive pose ZA-c7010a9-bef3937bee85a8c7bcc77d9c 60
adaptive pose ZA-c7010a9-bef3937bee85a8c7bcc77d9c 61
adaptive pose ZA-c7010a9-bef3937bee85a8c7bcc77d9c 62
adaptive pose ZA-c7010a9-bef3937bee85a8c7bcc77d9c 63
adaptive pose ZA-c7010a9-bef3937bee85a8c7bcc77d9c 64
flex Multifidus lumborum muscle.r True 0
flex Dorsal parts of lateral intertransversarii lumborum muscles.l True 0
flex Psoas major.l True 0
flex Serratus posterior inferior muscle.l True 0
flex Pyramidalis muscle.r True 0
flex Rectus abdominis muscle.l True 0
flex Iliocostalis lumborum muscle.l True 0
flex Dorsal parts of lateral intertransversarii lumborum muscles.r True 0
flex Rotatores.r True 0
flex Quadratus lumborum muscle.r True 0
flex Iliocostalis lumborum muscle.r True 0
flex Quadratus lumborum muscle.l True 0
flex Ventral parts of lateral intertransversarii lumborum muscles.l True 0
flex Interspinales lumborum muscles.r True 0
flex Psoas major.r True 0
flex Internal abdominal oblique muscle.l False 1
flex Transversus abdominis muscle.r True 0
flex Ventral parts of lateral intertransversarii lumborum muscles.r True 0
flex Rotatores.l True 0
flex Serratus posterior inferior muscle.r True 0
flex Longissimus thoracis muscle.l True 0
flex Rectus abdominis muscle.r True 0
flex Transversus abdominis muscle.l True 0
flex Pyramidalis muscle.l True 0
flex Internal abdominal oblique muscle.r False 1
flex External abdominal oblique muscle.l True 0
flex Spinalis thoracis muscle.l True 0
flex Interspinales lumborum muscles.l True 0
flex External abdominal oblique muscle.r True 0
flex Longissimus thoracis muscle.r True 0
flex Spinalis thoracis muscle.r True 0
flex Multifidus lumborum muscle.l True 0
Traceback (most recent call last):
  File "/Users/daniel/Downloads/SIM /HUMAN ATLAS/work/evidence/T66/priority-integration-2026-10-05/repair-trunk-carrier-interpolation.py", line 57, in <module>
    assert pose['passed'],'targeted emitted repair remains incomplete'
           ~~~~^^^^^^^^^^
AssertionError: targeted emitted repair remains incomplete
