branch-aware patch ZA-c7010a9-62a4fba42674f5d453c6e277 coincident seams 0 native face guards 4
step 1 guard planes 4
step 2 guard planes 4
step 3 guard planes 4
step 4 guard planes 4
step 5 guard planes 4
step 6 guard planes 4
step 7 guard planes 4
step 8 guard planes 4
step 9 guard planes 4
step 10 guard planes 4
step 11 guard planes 4
step 12 guard planes 4
step 13 guard planes 4
step 14 guard planes 4
step 15 guard planes 4
step 16 guard planes 4
step 17 guard planes 4
step 18 guard planes 4
step 19 guard planes 4
step 20 guard planes 4
step 21 guard planes 4
step 22 guard planes 4
step 23 guard planes 4
step 24 guard planes 4
step 25 guard planes 4
step 26 guard planes 4
step 27 guard planes 4
step 28 guard planes 4
step 29 guard planes 4
step 30 guard planes 4
step 31 guard planes 4
step 32 guard planes 4
step 33 guard planes 4
step 34 guard planes 4
step 35 guard planes 4
step 36 guard planes 4
step 37 guard planes 4
step 38 guard planes 4
step 39 guard planes 4
step 40 guard planes 4
step 41 guard planes 4
step 42 guard planes 4
step 43 guard planes 4
step 44 guard planes 4
step 45 guard planes 4
step 46 guard planes 4
step 47 guard planes 4
step 48 guard planes 4
step 49 guard planes 4
step 50 guard planes 4
step 51 guard planes 4
step 52 guard planes 4
step 53 guard planes 4
step 54 guard planes 4
step 55 guard planes 4
step 56 guard planes 4
step 57 guard planes 4
step 58 guard planes 4
step 59 guard planes 4
step 60 guard planes 4
step 61 guard planes 4
step 62 guard planes 4
step 63 guard planes 4
step 64 guard planes 4
branch-aware patch ZA-c7010a9-bef3937bee85a8c7bcc77d9c coincident seams 0 native face guards 3
step 1 guard planes 3
step 2 guard planes 3
step 3 guard planes 3
step 4 guard planes 3
step 5 guard planes 3
step 6 guard planes 3
step 7 guard planes 3
step 8 guard planes 3
step 9 guard planes 3
step 10 guard planes 3
step 11 guard planes 3
step 12 guard planes 3
step 13 guard planes 3
step 14 guard planes 3
step 15 guard planes 3
step 16 guard planes 3
step 17 guard planes 3
step 18 guard planes 3
step 19 guard planes 3
step 20 guard planes 3
step 21 guard planes 3
step 22 guard planes 3
step 23 guard planes 3
step 24 guard planes 3
step 25 guard planes 3
step 26 guard planes 3
step 27 guard planes 3
step 28 guard planes 3
step 29 guard planes 3
step 30 guard planes 3
step 31 guard planes 3
step 32 guard planes 3
step 33 guard planes 3
step 34 guard planes 3
step 35 guard planes 3
step 36 guard planes 3
step 37 guard planes 3
step 38 guard planes 3
step 39 guard planes 3
step 40 guard planes 3
step 41 guard planes 3
step 42 guard planes 3
step 43 guard planes 3
step 44 guard planes 3
step 45 guard planes 3
step 46 guard planes 3
step 47 guard planes 3
step 48 guard planes 3
step 49 guard planes 3
step 50 guard planes 3
step 51 guard planes 3
step 52 guard planes 3
step 53 guard planes 3
step 54 guard planes 3
step 55 guard planes 3
step 56 guard planes 3
step 57 guard planes 3
step 58 guard planes 3
step 59 guard planes 3
step 60 guard planes 3
step 61 guard planes 3
step 62 guard planes 3
step 63 guard planes 3
step 64 guard planes 3
ZA-c7010a9-0032489e5062440b0fa49b28 True 0 0
ZA-c7010a9-136297c30c138538f1cb3586 True 0 0
ZA-c7010a9-1da479516bf0ec12416bcf15 True 0 0
ZA-c7010a9-2231c6fbcbf2e0248adb4a72 True 0 0
ZA-c7010a9-27afab07491db814dd099498 True 0 0
ZA-c7010a9-33941d62db2cd36b20fe5945 True 0 0
ZA-c7010a9-363dc833b44b54fc3df645a6 True 0 0
ZA-c7010a9-36458588114c0db7bfa8a021 True 0 0
ZA-c7010a9-3e4b09bb77ba1ca0ae6c92a4 True 0 0
ZA-c7010a9-422683830aef648591844113 True 0 0
ZA-c7010a9-4813d0c7b087c9af17839e9e True 0 0
ZA-c7010a9-490e0e6cc6bdea38d63b7440 True 0 0
ZA-c7010a9-4ab9026121346c07a1a49590 True 0 0
ZA-c7010a9-57685950014655eebe68c4a6 True 0 0
ZA-c7010a9-5e0f7dfea4470a1950ed42d8 True 0 0
ZA-c7010a9-62a4fba42674f5d453c6e277 False 0 1
ZA-c7010a9-6d200091f5d75fd817af12ad True 0 0
ZA-c7010a9-7099bd7bc2d099935ed31603 True 0 0
ZA-c7010a9-8217100657324a6f1e04260b True 0 0
ZA-c7010a9-874a9a21ca0c01091bf356c0 True 0 0
ZA-c7010a9-895f0d6632a783d45dc4ff12 True 0 0
ZA-c7010a9-9184adfd521c527f3b352e71 True 0 0
ZA-c7010a9-98148d5380ab1abd5154e41c True 0 0
ZA-c7010a9-b549788aa5c22d0370829038 True 0 0
ZA-c7010a9-bef3937bee85a8c7bcc77d9c False 0 1
ZA-c7010a9-d75abb958e1463ceecb5430b True 0 0
ZA-c7010a9-e7530af132273e8c7aa1745e True 0 0
ZA-c7010a9-e88e987b81fea91de786e6fd True 0 0
ZA-c7010a9-eb0bd1853a90acada85e9177 True 0 0
ZA-c7010a9-f16b09418b31e886ea77b274 True 0 0
ZA-c7010a9-f5ec9690fcbdd3f75d655fb9 True 0 0
ZA-c7010a9-f981466588cab66b0ca123f0 True 0 0
Traceback (most recent call last):
  File "/Users/daniel/Downloads/SIM /HUMAN ATLAS/work/evidence/T66/priority-integration-2026-10-05/repair-trunk-native-branch-qp-r2.py", line 46, in <module>
    pose.update(passed=all(r['passed'] for r in pose['rows']),motionSha256=sha(motion));geo.update(motionSha256=sha(motion),motionBytes=len(motion));save(d/'glb-pose-qc.json',pose);save(d/'geometry-record.json',geo);save(d/'contact-qc.json',{'passed':not failures,'failures':failures,'newContainmentMaximum':max((r['newContainedVertexCount'] for r in failures),default=0),'baselineOverlapPreserved':True});save(d/'native-exterior-branch-r2-receipt.json',{'oldMotionSha256':sha(raw),'newMotionSha256':sha(motion),'changedSourceKeys':changed,'authoredCorrectives':records,'unchangedDeformerReplay':reuse,'sourceModified':False,'measuredSpacingClaimed':False});assert pose['passed'],'branch-aware local source patch remains unresolved'
                                                                                                                                                                                                                                                                                                                                                                                                                                                                                                                                                                                                                                                                                         ~~~~^^^^^^^^^^
AssertionError: branch-aware local source patch remains unresolved
