flex targeted failures ['Psoas major.l', 'Internal abdominal oblique muscle.l', 'Internal abdominal oblique muscle.r']
flex Multifidus lumborum muscle.r True 0
flex Dorsal parts of lateral intertransversarii lumborum muscles.l True 0
flex Psoas major.l True 0
flex Serratus posterior inferior muscle.l True 0
flex Pyramidalis muscle.r True 0
flex Rectus abdominis muscle.l True 0
flex Iliocostalis lumborum muscle.l True 0
flex Dorsal parts of lateral intertransversarii lumborum muscles.r True 0
flex Rotatores.r True 0
flex Quadratus lumborum muscle.r True 0
flex Iliocostalis lumborum muscle.r True 0
flex Quadratus lumborum muscle.l True 0
flex Ventral parts of lateral intertransversarii lumborum muscles.l True 0
flex Interspinales lumborum muscles.r True 0
flex Psoas major.r True 0
flex Internal abdominal oblique muscle.l False 2
flex Transversus abdominis muscle.r True 0
flex Ventral parts of lateral intertransversarii lumborum muscles.r True 0
flex Rotatores.l True 0
flex Serratus posterior inferior muscle.r True 0
flex Longissimus thoracis muscle.l True 0
flex Rectus abdominis muscle.r True 0
flex Transversus abdominis muscle.l True 0
flex Pyramidalis muscle.l True 0
flex Internal abdominal oblique muscle.r False 2
flex External abdominal oblique muscle.l True 0
flex Spinalis thoracis muscle.l True 0
flex Interspinales lumborum muscles.l True 0
flex External abdominal oblique muscle.r True 0
flex Longissimus thoracis muscle.r True 0
flex Spinalis thoracis muscle.r True 0
flex Multifidus lumborum muscle.l True 0
Traceback (most recent call last):
  File "/Users/daniel/Downloads/SIM /HUMAN ATLAS/work/evidence/T66/priority-integration-2026-10-05/repair-enlarged-trunk-dense.py", line 57, in <module>
    assert pose['passed'],'targeted emitted repair remains incomplete'
           ~~~~^^^^^^^^^^
AssertionError: targeted emitted repair remains incomplete
