{"pass": true, "nameEntries": 81, "summaries": 14, "scope": "references and stale hashes, not anatomy approval"}
{
  "task": "T16",
  "mode": "check",
  "pass": true,
  "legacyRowsCheckedInTestOnlyMigrationPreview": 14,
  "productionFieldItems": 51,
  "migrationPreviewIssues": [],
  "issues": []
}
{
  "status": "passed",
  "entryCount": 9,
  "selectableBoneCount": 9,
  "sourceCount": 9,
  "humanAnatomyReview": "not_reviewed",
  "actualHanjaCollected": false
}
{
  "production": {
    "valid": true,
    "actionCount": 7,
    "definitionCount": 1,
    "assetCount": 1,
    "issues": []
  }
}
PASS: 2 source candidates verified; production motion assets=1; source bytes unchanged
Scene decoder QA passed: 11 meshes/712192 bytes, 9 meshes/205392 bytes
vite v8.3.1 building client environment for production...
transforming...
✓ 56 modules transformed.
rendering chunks...
computing gzip size...
dist/index.html                               0.47 kB │ gzip:   0.32 kB
dist/assets/right-bones-BYcHKn-q.glb        205.39 kB
dist/assets/right-lower-leg-C7dvV-l1.glb    712.19 kB
dist/assets/App-Dfcilznv.css                 25.40 kB │ gzip:   5.88 kB
dist/assets/index-WuF4fq__.js               221.68 kB │ gzip:  69.57 kB
dist/assets/App-Bu2sL75i.js               1,515.52 kB │ gzip: 261.61 kB

✓ built in 129ms
$ python3 scripts/validate-learning-content.py && python3 ../atlas-data/schemas/validate_ai_evidence.py --check && python3 ../atlas-data/schemas/validate_bone_name_overlay.py --check && python3 ../atlas-data/schemas/validate_motion_learning.py --check && python3 ../atlas-data/schemas/validate_motion_asset_sources.py && node scripts/check-scene-decoders.mjs && tsc -b && vite build
[plugin builtin:vite-reporter]
(!) Some chunks are larger than 500 kB after minification. Consider:
- Using dynamic import() to code-split the application
- Use build.rolldownOptions.output.codeSplitting to improve chunking: https://rolldown.rs/reference/OutputOptions.codeSplitting
- Adjust chunk size limit for this warning via build.chunkSizeWarningLimit.
